Archive member included to satisfy reference by file (symbol)

D:\github\CMSIS\CMSIS\Lib\GCC\libarm_cortexM3l_math.a(arm_mat_trans_f32.o)
                              Core/Src/main.o (arm_mat_trans_f32)
D:\github\CMSIS\CMSIS\Lib\GCC\libarm_cortexM3l_math.a(arm_mat_sub_f32.o)
                              Core/Src/main.o (arm_mat_sub_f32)
D:\github\CMSIS\CMSIS\Lib\GCC\libarm_cortexM3l_math.a(arm_mat_mult_f32.o)
                              Core/Src/main.o (arm_mat_mult_f32)
D:\github\CMSIS\CMSIS\Lib\GCC\libarm_cortexM3l_math.a(arm_mat_inverse_f32.o)
                              Core/Src/main.o (arm_mat_inverse_f32)
D:\github\CMSIS\CMSIS\Lib\GCC\libarm_cortexM3l_math.a(arm_mat_init_f32.o)
                              Core/Src/main.o (arm_mat_init_f32)
D:\github\CMSIS\CMSIS\Lib\GCC\libarm_cortexM3l_math.a(arm_mat_add_f32.o)
                              Core/Src/main.o (arm_mat_add_f32)
c:/st/stm32cubeide_1.4.0/stm32cubeide/plugins/com.st.stm32cube.ide.mcu.externaltools.gnu-tools-for-stm32.7-2018-q2-update.win32_1.5.0.202011040924/tools/bin/../lib/gcc/arm-none-eabi/7.3.1/../../../../arm-none-eabi/lib/thumb/v7-m\libstdc++_nano.a(del_ops.o)
                              Core/Src/main.o (operator delete(void*, unsigned int))
c:/st/stm32cubeide_1.4.0/stm32cubeide/plugins/com.st.stm32cube.ide.mcu.externaltools.gnu-tools-for-stm32.7-2018-q2-update.win32_1.5.0.202011040924/tools/bin/../lib/gcc/arm-none-eabi/7.3.1/../../../../arm-none-eabi/lib/thumb/v7-m\libstdc++_nano.a(del_op.o)
                              c:/st/stm32cubeide_1.4.0/stm32cubeide/plugins/com.st.stm32cube.ide.mcu.externaltools.gnu-tools-for-stm32.7-2018-q2-update.win32_1.5.0.202011040924/tools/bin/../lib/gcc/arm-none-eabi/7.3.1/../../../../arm-none-eabi/lib/thumb/v7-m\libstdc++_nano.a(del_ops.o) (operator delete(void*))
c:/st/stm32cubeide_1.4.0/stm32cubeide/plugins/com.st.stm32cube.ide.mcu.externaltools.gnu-tools-for-stm32.7-2018-q2-update.win32_1.5.0.202011040924/tools/bin/../lib/gcc/arm-none-eabi/7.3.1/../../../../arm-none-eabi/lib/thumb/v7-m\libm.a(lib_a-sf_atan.o)
                              Core/Src/main.o (atanf)
c:/st/stm32cubeide_1.4.0/stm32cubeide/plugins/com.st.stm32cube.ide.mcu.externaltools.gnu-tools-for-stm32.7-2018-q2-update.win32_1.5.0.202011040924/tools/bin/../lib/gcc/arm-none-eabi/7.3.1/../../../../arm-none-eabi/lib/thumb/v7-m\libm.a(lib_a-sf_fabs.o)
                              c:/st/stm32cubeide_1.4.0/stm32cubeide/plugins/com.st.stm32cube.ide.mcu.externaltools.gnu-tools-for-stm32.7-2018-q2-update.win32_1.5.0.202011040924/tools/bin/../lib/gcc/arm-none-eabi/7.3.1/../../../../arm-none-eabi/lib/thumb/v7-m\libm.a(lib_a-sf_atan.o) (fabsf)
c:/st/stm32cubeide_1.4.0/stm32cubeide/plugins/com.st.stm32cube.ide.mcu.externaltools.gnu-tools-for-stm32.7-2018-q2-update.win32_1.5.0.202011040924/tools/bin/../lib/gcc/arm-none-eabi/7.3.1/../../../../arm-none-eabi/lib/thumb/v7-m\libm.a(lib_a-w_sqrt.o)
                              Core/Src/main.o (sqrt)
c:/st/stm32cubeide_1.4.0/stm32cubeide/plugins/com.st.stm32cube.ide.mcu.externaltools.gnu-tools-for-stm32.7-2018-q2-update.win32_1.5.0.202011040924/tools/bin/../lib/gcc/arm-none-eabi/7.3.1/../../../../arm-none-eabi/lib/thumb/v7-m\libm.a(lib_a-wf_asin.o)
                              Core/Src/main.o (asinf)
c:/st/stm32cubeide_1.4.0/stm32cubeide/plugins/com.st.stm32cube.ide.mcu.externaltools.gnu-tools-for-stm32.7-2018-q2-update.win32_1.5.0.202011040924/tools/bin/../lib/gcc/arm-none-eabi/7.3.1/../../../../arm-none-eabi/lib/thumb/v7-m\libm.a(lib_a-wf_atan2.o)
                              Core/Src/main.o (atan2f)
c:/st/stm32cubeide_1.4.0/stm32cubeide/plugins/com.st.stm32cube.ide.mcu.externaltools.gnu-tools-for-stm32.7-2018-q2-update.win32_1.5.0.202011040924/tools/bin/../lib/gcc/arm-none-eabi/7.3.1/../../../../arm-none-eabi/lib/thumb/v7-m\libm.a(lib_a-wf_sqrt.o)
                              Core/Src/main.o (sqrtf)
c:/st/stm32cubeide_1.4.0/stm32cubeide/plugins/com.st.stm32cube.ide.mcu.externaltools.gnu-tools-for-stm32.7-2018-q2-update.win32_1.5.0.202011040924/tools/bin/../lib/gcc/arm-none-eabi/7.3.1/../../../../arm-none-eabi/lib/thumb/v7-m\libm.a(lib_a-e_sqrt.o)
                              c:/st/stm32cubeide_1.4.0/stm32cubeide/plugins/com.st.stm32cube.ide.mcu.externaltools.gnu-tools-for-stm32.7-2018-q2-update.win32_1.5.0.202011040924/tools/bin/../lib/gcc/arm-none-eabi/7.3.1/../../../../arm-none-eabi/lib/thumb/v7-m\libm.a(lib_a-w_sqrt.o) (__ieee754_sqrt)
c:/st/stm32cubeide_1.4.0/stm32cubeide/plugins/com.st.stm32cube.ide.mcu.externaltools.gnu-tools-for-stm32.7-2018-q2-update.win32_1.5.0.202011040924/tools/bin/../lib/gcc/arm-none-eabi/7.3.1/../../../../arm-none-eabi/lib/thumb/v7-m\libm.a(lib_a-ef_asin.o)
                              c:/st/stm32cubeide_1.4.0/stm32cubeide/plugins/com.st.stm32cube.ide.mcu.externaltools.gnu-tools-for-stm32.7-2018-q2-update.win32_1.5.0.202011040924/tools/bin/../lib/gcc/arm-none-eabi/7.3.1/../../../../arm-none-eabi/lib/thumb/v7-m\libm.a(lib_a-wf_asin.o) (__ieee754_asinf)
[...]
Memory Configuration

Name             Origin             Length             Attributes
RAM              0x0000000020000000 0x0000000000005000 xrw
FLASH            0x0000000008000000 0x0000000000010000 xr
*default*        0x0000000000000000 0xffffffffffffffff

Linker script and memory map

LOAD c:/st/stm32cubeide_1.4.0/stm32cubeide/plugins/com.st.stm32cube.ide.mcu.externaltools.gnu-tools-for-stm32.7-2018-q2-update.win32_1.5.0.202011040924/tools/bin/../lib/gcc/arm-none-eabi/7.3.1/thumb/v7-m/crti.o
LOAD c:/st/stm32cubeide_1.4.0/stm32cubeide/plugins/com.st.stm32cube.ide.mcu.externaltools.gnu-tools-for-stm32.7-2018-q2-update.win32_1.5.0.202011040924/tools/bin/../lib/gcc/arm-none-eabi/7.3.1/thumb/v7-m/crtbegin.o
LOAD c:/st/stm32cubeide_1.4.0/stm32cubeide/plugins/com.st.stm32cube.ide.mcu.externaltools.gnu-tools-for-stm32.7-2018-q2-update.win32_1.5.0.202011040924/tools/bin/../lib/gcc/arm-none-eabi/7.3.1/../../../../arm-none-eabi/lib/thumb/v7-m/crt0.o
LOAD Core/Src/main.o
LOAD Core/Src/stm32f1xx_hal_msp.o
LOAD Core/Src/stm32f1xx_it.o
LOAD Core/Src/syscalls.o
LOAD Core/Src/sysmem.o
LOAD Core/Src/system_stm32f1xx.o
LOAD Core/Startup/startup_stm32f103c8tx.o
LOAD Drivers/STM32F1xx_HAL_Driver/Src/stm32f1xx_hal.o
LOAD Drivers/STM32F1xx_HAL_Driver/Src/stm32f1xx_hal_cortex.o
LOAD Drivers/STM32F1xx_HAL_Driver/Src/stm32f1xx_hal_dma.o
LOAD Drivers/STM32F1xx_HAL_Driver/Src/stm32f1xx_hal_exti.o
LOAD Drivers/STM32F1xx_HAL_Driver/Src/stm32f1xx_hal_flash.o
LOAD Drivers/STM32F1xx_HAL_Driver/Src/stm32f1xx_hal_flash_ex.o
LOAD Drivers/STM32F1xx_HAL_Driver/Src/stm32f1xx_hal_gpio.o
LOAD Drivers/STM32F1xx_HAL_Driver/Src/stm32f1xx_hal_gpio_ex.o
LOAD Drivers/STM32F1xx_HAL_Driver/Src/stm32f1xx_hal_i2c.o
LOAD Drivers/STM32F1xx_HAL_Driver/Src/stm32f1xx_hal_pwr.o
LOAD Drivers/STM32F1xx_HAL_Driver/Src/stm32f1xx_hal_rcc.o
LOAD Drivers/STM32F1xx_HAL_Driver/Src/stm32f1xx_hal_rcc_ex.o
LOAD Drivers/STM32F1xx_HAL_Driver/Src/stm32f1xx_hal_tim.o
LOAD Drivers/STM32F1xx_HAL_Driver/Src/stm32f1xx_hal_tim_ex.o
LOAD D:\github\CMSIS\CMSIS\Lib\GCC\libarm_cortexM3l_math.a
START GROUP
LOAD c:/st/stm32cubeide_1.4.0/stm32cubeide/plugins/com.st.stm32cube.ide.mcu.externaltools.gnu-tools-for-stm32.7-2018-q2-update.win32_1.5.0.202011040924/tools/bin/../lib/gcc/arm-none-eabi/7.3.1/../../../../arm-none-eabi/lib/thumb/v7-m\libstdc++_nano.a
LOAD c:/st/stm32cubeide_1.4.0/stm32cubeide/plugins/com.st.stm32cube.ide.mcu.externaltools.gnu-tools-for-stm32.7-2018-q2-update.win32_1.5.0.202011040924/tools/bin/../lib/gcc/arm-none-eabi/7.3.1/../../../../arm-none-eabi/lib/thumb/v7-m\libsupc++_nano.a
END GROUP
LOAD c:/st/stm32cubeide_1.4.0/stm32cubeide/plugins/com.st.stm32cube.ide.mcu.externaltools.gnu-tools-for-stm32.7-2018-q2-update.win32_1.5.0.202011040924/tools/bin/../lib/gcc/arm-none-eabi/7.3.1/../../../../arm-none-eabi/lib/thumb/v7-m\libstdc++_nano.a
LOAD c:/st/stm32cubeide_1.4.0/stm32cubeide/plugins/com.st.stm32cube.ide.mcu.externaltools.gnu-tools-for-stm32.7-2018-q2-update.win32_1.5.0.202011040924/tools/bin/../lib/gcc/arm-none-eabi/7.3.1/../../../../arm-none-eabi/lib/thumb/v7-m\libm.a
LOAD c:/st/stm32cubeide_1.4.0/stm32cubeide/plugins/com.st.stm32cube.ide.mcu.externaltools.gnu-tools-for-stm32.7-2018-q2-update.win32_1.5.0.202011040924/tools/bin/../lib/gcc/arm-none-eabi/7.3.1/../../../../arm-none-eabi/lib/thumb/v7-m\libc_nano.a
START GROUP
LOAD c:/st/stm32cubeide_1.4.0/stm32cubeide/plugins/com.st.stm32cube.ide.mcu.externaltools.gnu-tools-for-stm32.7-2018-q2-update.win32_1.5.0.202011040924/tools/bin/../lib/gcc/arm-none-eabi/7.3.1/thumb/v7-m\libgcc.a
LOAD c:/st/stm32cubeide_1.4.0/stm32cubeide/plugins/com.st.stm32cube.ide.mcu.externaltools.gnu-tools-for-stm32.7-2018-q2-update.win32_1.5.0.202011040924/tools/bin/../lib/gcc/arm-none-eabi/7.3.1/../../../../arm-none-eabi/lib/thumb/v7-m\libc_nano.a
END GROUP
START GROUP
LOAD c:/st/stm32cubeide_1.4.0/stm32cubeide/plugins/com.st.stm32cube.ide.mcu.externaltools.gnu-tools-for-stm32.7-2018-q2-update.win32_1.5.0.202011040924/tools/bin/../lib/gcc/arm-none-eabi/7.3.1/thumb/v7-m\libgcc.a
LOAD c:/st/stm32cubeide_1.4.0/stm32cubeide/plugins/com.st.stm32cube.ide.mcu.externaltools.gnu-tools-for-stm32.7-2018-q2-update.win32_1.5.0.202011040924/tools/bin/../lib/gcc/arm-none-eabi/7.3.1/../../../../arm-none-eabi/lib/thumb/v7-m\libc_nano.a
LOAD c:/st/stm32cubeide_1.4.0/stm32cubeide/plugins/com.st.stm32cube.ide.mcu.externaltools.gnu-tools-for-stm32.7-2018-q2-update.win32_1.5.0.202011040924/tools/bin/../lib/gcc/arm-none-eabi/7.3.1/../../../../arm-none-eabi/lib/thumb/v7-m\libnosys.a
END GROUP
START GROUP
LOAD c:/st/stm32cubeide_1.4.0/stm32cubeide/plugins/com.st.stm32cube.ide.mcu.externaltools.gnu-tools-for-stm32.7-2018-q2-update.win32_1.5.0.202011040924/tools/bin/../lib/gcc/arm-none-eabi/7.3.1/thumb/v7-m\libgcc.a
LOAD c:/st/stm32cubeide_1.4.0/stm32cubeide/plugins/com.st.stm32cube.ide.mcu.externaltools.gnu-tools-for-stm32.7-2018-q2-update.win32_1.5.0.202011040924/tools/bin/../lib/gcc/arm-none-eabi/7.3.1/../../../../arm-none-eabi/lib/thumb/v7-m\libc_nano.a
LOAD c:/st/stm32cubeide_1.4.0/stm32cubeide/plugins/com.st.stm32cube.ide.mcu.externaltools.gnu-tools-for-stm32.7-2018-q2-update.win32_1.5.0.202011040924/tools/bin/../lib/gcc/arm-none-eabi/7.3.1/../../../../arm-none-eabi/lib/thumb/v7-m\libnosys.a
END GROUP
LOAD c:/st/stm32cubeide_1.4.0/stm32cubeide/plugins/com.st.stm32cube.ide.mcu.externaltools.gnu-tools-for-stm32.7-2018-q2-update.win32_1.5.0.202011040924/tools/bin/../lib/gcc/arm-none-eabi/7.3.1/thumb/v7-m/crtend.o
LOAD c:/st/stm32cubeide_1.4.0/stm32cubeide/plugins/com.st.stm32cube.ide.mcu.externaltools.gnu-tools-for-stm32.7-2018-q2-update.win32_1.5.0.202011040924/tools/bin/../lib/gcc/arm-none-eabi/7.3.1/thumb/v7-m/crtn.o
                0x0000000020005000                _estack = (ORIGIN (RAM) + LENGTH (RAM))
                0x0000000000000200                _Min_Heap_Size = 0x200
                0x0000000000000400                _Min_Stack_Size = 0x400

.isr_vector     0x0000000008000000      0x10c
                0x0000000008000000                . = ALIGN (0x4)
 *(.isr_vector)
 .isr_vector    0x0000000008000000      0x10c Core/Startup/startup_stm32f103c8tx.o
                0x0000000008000000                g_pfnVectors
                0x000000000800010c                . = ALIGN (0x4)

.text           0x0000000008000110     0x48e8
                0x0000000008000110                . = ALIGN (0x4)
 *(.text)
 .text          0x0000000008000110       0x40 c:/st/stm32cubeide_1.4.0/stm32cubeide/plugins/com.st.stm32cube.ide.mcu.externaltools.gnu-tools-for-stm32.7-2018-q2-update.win32_1.5.0.202011040924/tools/bin/../lib/gcc/arm-none-eabi/7.3.1/thumb/v7-m/crtbegin.o
 .text          0x0000000008000150      0x378 c:/st/stm32cubeide_1.4.0/stm32cubeide/plugins/com.st.stm32cube.ide.mcu.externaltools.gnu-tools-for-stm32.7-2018-q2-update.win32_1.5.0.202011040924/tools/bin/../lib/gcc/arm-none-eabi/7.3.1/thumb/v7-m\libgcc.a(_arm_addsubdf3.o)
                0x0000000008000150                __aeabi_drsub
                0x0000000008000158                __aeabi_dsub
                0x0000000008000158                __subdf3
                0x000000000800015c                __aeabi_dadd
                0x000000000800015c                __adddf3
                0x00000000080003d4                __floatunsidf
                0x00000000080003d4                __aeabi_ui2d
                0x00000000080003f4                __floatsidf
                0x00000000080003f4                __aeabi_i2d
                0x0000000008000418                __aeabi_f2d
                0x0000000008000418                __extendsfdf2
                0x000000000800045c                __floatundidf
                0x000000000800045c                __aeabi_ul2d
                0x000000000800046c                __floatdidf
                0x000000000800046c                __aeabi_l2d
 .text          0x00000000080004c8      0x424 c:/st/stm32cubeide_1.4.0/stm32cubeide/plugins/com.st.stm32cube.ide.mcu.externaltools.gnu-tools-for-stm32.7-2018-q2-update.win32_1.5.0.202011040924/tools/bin/../lib/gcc/arm-none-eabi/7.3.1/thumb/v7-m\libgcc.a(_arm_muldivdf3.o)
                0x00000000080004c8                __aeabi_dmul
                0x00000000080004c8                __muldf3
                0x000000000800071c                __divdf3
                0x000000000800071c                __aeabi_ddiv
 .text          0x00000000080008ec       0xa0 c:/st/stm32cubeide_1.4.0/stm32cubeide/plugins/com.st.stm32cube.ide.mcu.externaltools.gnu-tools-for-stm32.7-2018-q2-update.win32_1.5.0.202011040924/tools/bin/../lib/gcc/arm-none-eabi/7.3.1/thumb/v7-m\libgcc.a(_arm_truncdfsf2.o)
                0x00000000080008ec                __truncdfsf2
                0x00000000080008ec                __aeabi_d2f
 .text          0x000000000800098c      0x21c c:/st/stm32cubeide_1.4.0/stm32cubeide/plugins/com.st.stm32cube.ide.mcu.externaltools.gnu-tools-for-stm32.7-2018-q2-update.win32_1.5.0.202011040924/tools/bin/../lib/gcc/arm-none-eabi/7.3.1/thumb/v7-m\libgcc.a(_arm_addsubsf3.o)
                0x000000000800098c                __aeabi_frsub
                0x0000000008000994                __subsf3
                0x0000000008000994                __aeabi_fsub
                0x0000000008000998                __aeabi_fadd
                0x0000000008000998                __addsf3
                0x0000000008000af8                __aeabi_ui2f
                0x0000000008000af8                __floatunsisf
                0x0000000008000b00                __aeabi_i2f
                0x0000000008000b00                __floatsisf
                0x0000000008000b1c                __aeabi_ul2f
                0x0000000008000b1c                __floatundisf
                0x0000000008000b2c                __aeabi_l2f
                0x0000000008000b2c                __floatdisf
 .text          0x0000000008000ba8      0x2a0 c:/st/stm32cubeide_1.4.0/stm32cubeide/plugins/com.st.stm32cube.ide.mcu.externaltools.gnu-tools-for-stm32.7-2018-q2-update.win32_1.5.0.202011040924/tools/bin/../lib/gcc/arm-none-eabi/7.3.1/thumb/v7-m\libgcc.a(_arm_muldivsf3.o)
                0x0000000008000ba8                __mulsf3
                0x0000000008000ba8                __aeabi_fmul
                0x0000000008000d10                __aeabi_fdiv
                0x0000000008000d10                __divsf3
 .text          0x0000000008000e48       0xec c:/st/stm32cubeide_1.4.0/stm32cubeide/plugins/com.st.stm32cube.ide.mcu.externaltools.gnu-tools-for-stm32.7-2018-q2-update.win32_1.5.0.202011040924/tools/bin/../lib/gcc/arm-none-eabi/7.3.1/thumb/v7-m\libgcc.a(_arm_cmpsf2.o)
                0x0000000008000e48                __gesf2
                0x0000000008000e48                __gtsf2
                0x0000000008000e50                __lesf2
                0x0000000008000e50                __ltsf2
                0x0000000008000e58                __nesf2
                0x0000000008000e58                __eqsf2
                0x0000000008000e58                __cmpsf2
                0x0000000008000eb8                __aeabi_cfrcmple
                0x0000000008000ec0                __aeabi_cfcmpeq
                0x0000000008000ec0                __aeabi_cfcmple
                0x0000000008000ed0                __aeabi_fcmpeq
                0x0000000008000ee4                __aeabi_fcmplt
                0x0000000008000ef8                __aeabi_fcmple
                0x0000000008000f0c                __aeabi_fcmpge
                0x0000000008000f20                __aeabi_fcmpgt
 .text          0x0000000008000f34       0x2c c:/st/stm32cubeide_1.4.0/stm32cubeide/plugins/com.st.stm32cube.ide.mcu.externaltools.gnu-tools-for-stm32.7-2018-q2-update.win32_1.5.0.202011040924/tools/bin/../lib/gcc/arm-none-eabi/7.3.1/thumb/v7-m\libgcc.a(_arm_unordsf2.o)
                0x0000000008000f34                __unordsf2
                0x0000000008000f34                __aeabi_fcmpun
 *(.text*)
 .text._ZSt4asinf
                0x0000000008000f60       0x18 Core/Src/main.o
                0x0000000008000f60                std::asin(float)
 .text._ZSt5atan2ff
                0x0000000008000f78       0x1c Core/Src/main.o
                0x0000000008000f78                std::atan2(float, float)
 .text._ZSt4sqrtf
                0x0000000008000f94       0x18 Core/Src/main.o
                0x0000000008000f94                std::sqrt(float)
 .text._ZSt5isnanf
                0x0000000008000fac       0x24 Core/Src/main.o
                0x0000000008000fac                std::isnan(float)
 .text._ZN4EKF27loadEKFEv
                0x0000000008000fd0      0x1a6 Core/Src/main.o
                0x0000000008000fd0                EKF2::loadEKF()
 *fill*         0x0000000008001176        0x2 
 .text._ZN4EKF29updateEKFE8IMU_data8MAG_dataf
                0x0000000008001178      0xa28 Core/Src/main.o
                0x0000000008001178                EKF2::updateEKF(IMU_data, MAG_data, float)
 .text._ZN4EKF29getAngle1Effff
                0x0000000008001ba0      0x1cc Core/Src/main.o
                0x0000000008001ba0                EKF2::getAngle1(float, float, float, float)
 .text._ZN4EKF2C2Ev
                0x0000000008001d6c      0x178 Core/Src/main.o
                0x0000000008001d6c                EKF2::EKF2()
                0x0000000008001d6c                EKF2::EKF2()
 .text._ZN4EKF2D2Ev
                0x0000000008001ee4       0x20 Core/Src/main.o
                0x0000000008001ee4                EKF2::~EKF2()
                0x0000000008001ee4                EKF2::~EKF2()
 .text._ZN4EKF2D0Ev
                0x0000000008001f04       0x22 Core/Src/main.o
                0x0000000008001f04                EKF2::~EKF2()
 *fill*         0x0000000008001f26        0x2 
 .text.main     0x0000000008001f28      0x100 Core/Src/main.o
                0x0000000008001f28                main
 .text._Z18SystemClock_Configv
                0x0000000008002028       0x9e Core/Src/main.o
                0x0000000008002028                SystemClock_Config()
 *fill*         0x00000000080020c6        0x2 
 .text._ZL12MX_I2C1_Initv
                0x00000000080020c8       0x68 Core/Src/main.o
 .text._ZL12MX_TIM4_Initv
                0x0000000008002130       0xb8 Core/Src/main.o
 .text._ZL12MX_GPIO_Initv
                0x00000000080021e8       0x98 Core/Src/main.o
 .text.Error_Handler
                0x0000000008002280        0x8 Core/Src/main.o
                0x0000000008002280                Error_Handler
 .text._Z41__static_initialization_and_destruction_0ii
                0x0000000008002288       0x44 Core/Src/main.o
 .text._GLOBAL__sub_I_Q
                0x00000000080022cc       0x10 Core/Src/main.o
 .text._GLOBAL__sub_D_Q
                0x00000000080022dc       0x10 Core/Src/main.o
 .text.HAL_MspInit
                0x00000000080022ec       0x64 Core/Src/stm32f1xx_hal_msp.o
                0x00000000080022ec                HAL_MspInit
 .text.HAL_I2C_MspInit
                0x0000000008002350       0xa0 Core/Src/stm32f1xx_hal_msp.o
                0x0000000008002350                HAL_I2C_MspInit
 .text.HAL_TIM_Base_MspInit
                0x00000000080023f0       0x3c Core/Src/stm32f1xx_hal_msp.o
                0x00000000080023f0                HAL_TIM_Base_MspInit
 .text.NMI_Handler
                0x000000000800242c        0x6 Core/Src/stm32f1xx_it.o
                0x000000000800242c                NMI_Handler
 .text.HardFault_Handler
                0x0000000008002432        0x6 Core/Src/stm32f1xx_it.o
                0x0000000008002432                HardFault_Handler
 .text.MemManage_Handler
                0x0000000008002438        0x6 Core/Src/stm32f1xx_it.o
                0x0000000008002438                MemManage_Handler
 .text.BusFault_Handler
                0x000000000800243e        0x6 Core/Src/stm32f1xx_it.o
                0x000000000800243e                BusFault_Handler
 .text.UsageFault_Handler
                0x0000000008002444        0x6 Core/Src/stm32f1xx_it.o
                0x0000000008002444                UsageFault_Handler
 .text.SVC_Handler
                0x000000000800244a        0xc Core/Src/stm32f1xx_it.o
                0x000000000800244a                SVC_Handler
 .text.DebugMon_Handler
                0x0000000008002456        0xc Core/Src/stm32f1xx_it.o
                0x0000000008002456                DebugMon_Handler
 .text.PendSV_Handler
                0x0000000008002462        0xc Core/Src/stm32f1xx_it.o
                0x0000000008002462                PendSV_Handler
 .text.SysTick_Handler
                0x000000000800246e        0xc Core/Src/stm32f1xx_it.o
                0x000000000800246e                SysTick_Handler
 .text.SystemInit
                0x000000000800247a        0xc Core/Src/system_stm32f1xx.o
                0x000000000800247a                SystemInit
 *fill*         0x0000000008002486        0x2 
 .text.Reset_Handler
                0x0000000008002488       0x48 Core/Startup/startup_stm32f103c8tx.o
                0x0000000008002488                Reset_Handler
 .text.Default_Handler
                0x00000000080024d0        0x2 Core/Startup/startup_stm32f103c8tx.o
                0x00000000080024d0                RTC_Alarm_IRQHandler
                0x00000000080024d0                EXTI2_IRQHandler
                0x00000000080024d0                TIM1_CC_IRQHandler
                0x00000000080024d0                PVD_IRQHandler
                0x00000000080024d0                EXTI3_IRQHandler
                0x00000000080024d0                EXTI0_IRQHandler
                0x00000000080024d0                I2C2_EV_IRQHandler
                0x00000000080024d0                ADC1_2_IRQHandler
                0x00000000080024d0                SPI1_IRQHandler
                0x00000000080024d0                TAMPER_IRQHandler
                0x00000000080024d0                DMA1_Channel4_IRQHandler
                0x00000000080024d0                USART3_IRQHandler
                0x00000000080024d0                RTC_IRQHandler
                0x00000000080024d0                DMA1_Channel7_IRQHandler
                0x00000000080024d0                CAN1_RX1_IRQHandler
                0x00000000080024d0                TIM4_IRQHandler
                0x00000000080024d0                I2C1_EV_IRQHandler
                0x00000000080024d0                DMA1_Channel6_IRQHandler
                0x00000000080024d0                TIM3_IRQHandler
                0x00000000080024d0                RCC_IRQHandler
                0x00000000080024d0                TIM1_TRG_COM_IRQHandler
                0x00000000080024d0                DMA1_Channel1_IRQHandler
                0x00000000080024d0                Default_Handler
                0x00000000080024d0                EXTI15_10_IRQHandler
                0x00000000080024d0                EXTI9_5_IRQHandler
                0x00000000080024d0                SPI2_IRQHandler
                0x00000000080024d0                DMA1_Channel5_IRQHandler
                0x00000000080024d0                EXTI4_IRQHandler
                0x00000000080024d0                USB_LP_CAN1_RX0_IRQHandler
                0x00000000080024d0                USB_HP_CAN1_TX_IRQHandler
                0x00000000080024d0                DMA1_Channel3_IRQHandler
                0x00000000080024d0                TIM1_UP_IRQHandler
                0x00000000080024d0                WWDG_IRQHandler
                0x00000000080024d0                TIM2_IRQHandler
                0x00000000080024d0                TIM1_BRK_IRQHandler
                0x00000000080024d0                EXTI1_IRQHandler
                0x00000000080024d0                USART2_IRQHandler
                0x00000000080024d0                I2C2_ER_IRQHandler
                0x00000000080024d0                DMA1_Channel2_IRQHandler
                0x00000000080024d0                CAN1_SCE_IRQHandler
                0x00000000080024d0                FLASH_IRQHandler
                0x00000000080024d0                USART1_IRQHandler
                0x00000000080024d0                I2C1_ER_IRQHandler
                0x00000000080024d0                USBWakeUp_IRQHandler
 *fill*         0x00000000080024d2        0x2 
 .text.HAL_Init
                0x00000000080024d4       0x2c Drivers/STM32F1xx_HAL_Driver/Src/stm32f1xx_hal.o
                0x00000000080024d4                HAL_Init
 .text.HAL_InitTick
                0x0000000008002500       0x60 Drivers/STM32F1xx_HAL_Driver/Src/stm32f1xx_hal.o
                0x0000000008002500                HAL_InitTick
 .text.HAL_IncTick
                0x0000000008002560       0x24 Drivers/STM32F1xx_HAL_Driver/Src/stm32f1xx_hal.o
                0x0000000008002560                HAL_IncTick
 .text.HAL_GetTick
                0x0000000008002584       0x14 Drivers/STM32F1xx_HAL_Driver/Src/stm32f1xx_hal.o
                0x0000000008002584                HAL_GetTick
 .text.__NVIC_SetPriorityGrouping
                0x0000000008002598       0x48 Drivers/STM32F1xx_HAL_Driver/Src/stm32f1xx_hal_cortex.o
 .text.__NVIC_GetPriorityGrouping
                0x00000000080025e0       0x1c Drivers/STM32F1xx_HAL_Driver/Src/stm32f1xx_hal_cortex.o
 .text.__NVIC_SetPriority
                0x00000000080025fc       0x54 Drivers/STM32F1xx_HAL_Driver/Src/stm32f1xx_hal_cortex.o
 .text.NVIC_EncodePriority
                0x0000000008002650       0x64 Drivers/STM32F1xx_HAL_Driver/Src/stm32f1xx_hal_cortex.o
 .text.SysTick_Config
                0x00000000080026b4       0x44 Drivers/STM32F1xx_HAL_Driver/Src/stm32f1xx_hal_cortex.o
 .text.HAL_NVIC_SetPriorityGrouping
                0x00000000080026f8       0x16 Drivers/STM32F1xx_HAL_Driver/Src/stm32f1xx_hal_cortex.o
                0x00000000080026f8                HAL_NVIC_SetPriorityGrouping
 .text.HAL_NVIC_SetPriority
                0x000000000800270e       0x38 Drivers/STM32F1xx_HAL_Driver/Src/stm32f1xx_hal_cortex.o
                0x000000000800270e                HAL_NVIC_SetPriority
 .text.HAL_SYSTICK_Config
                0x0000000008002746       0x18 Drivers/STM32F1xx_HAL_Driver/Src/stm32f1xx_hal_cortex.o
                0x0000000008002746                HAL_SYSTICK_Config
 *fill*         0x000000000800275e        0x2 
 .text.HAL_GPIO_Init
                0x0000000008002760      0x2b4 Drivers/STM32F1xx_HAL_Driver/Src/stm32f1xx_hal_gpio.o
                0x0000000008002760                HAL_GPIO_Init
 .text.HAL_GPIO_WritePin
                0x0000000008002a14       0x30 Drivers/STM32F1xx_HAL_Driver/Src/stm32f1xx_hal_gpio.o
                0x0000000008002a14                HAL_GPIO_WritePin
 .text.HAL_GPIO_TogglePin
                0x0000000008002a44       0x32 Drivers/STM32F1xx_HAL_Driver/Src/stm32f1xx_hal_gpio.o
                0x0000000008002a44                HAL_GPIO_TogglePin
 *fill*         0x0000000008002a76        0x2 
 .text.HAL_I2C_Init
                0x0000000008002a78      0x270 Drivers/STM32F1xx_HAL_Driver/Src/stm32f1xx_hal_i2c.o
                0x0000000008002a78                HAL_I2C_Init
 .text.HAL_RCC_OscConfig
                0x0000000008002ce8      0x500 Drivers/STM32F1xx_HAL_Driver/Src/stm32f1xx_hal_rcc.o
                0x0000000008002ce8                HAL_RCC_OscConfig
 .text.HAL_RCC_ClockConfig
                0x00000000080031e8      0x1d4 Drivers/STM32F1xx_HAL_Driver/Src/stm32f1xx_hal_rcc.o
                0x00000000080031e8                HAL_RCC_ClockConfig
 .text.HAL_RCC_GetSysClockFreq
                0x00000000080033bc       0xc4 Drivers/STM32F1xx_HAL_Driver/Src/stm32f1xx_hal_rcc.o
                0x00000000080033bc                HAL_RCC_GetSysClockFreq
 .text.HAL_RCC_GetHCLKFreq
                0x0000000008003480       0x14 Drivers/STM32F1xx_HAL_Driver/Src/stm32f1xx_hal_rcc.o
                0x0000000008003480                HAL_RCC_GetHCLKFreq
 .text.HAL_RCC_GetPCLK1Freq
                0x0000000008003494       0x28 Drivers/STM32F1xx_HAL_Driver/Src/stm32f1xx_hal_rcc.o
                0x0000000008003494                HAL_RCC_GetPCLK1Freq
 .text.RCC_Delay
                0x00000000080034bc       0x3c Drivers/STM32F1xx_HAL_Driver/Src/stm32f1xx_hal_rcc.o
 .text.HAL_TIM_Base_Init
                0x00000000080034f8       0x9e Drivers/STM32F1xx_HAL_Driver/Src/stm32f1xx_hal_tim.o
                0x00000000080034f8                HAL_TIM_Base_Init
 *fill*         0x0000000008003596        0x2 
 .text.HAL_TIM_Base_Start
                0x0000000008003598       0x94 Drivers/STM32F1xx_HAL_Driver/Src/stm32f1xx_hal_tim.o
                0x0000000008003598                HAL_TIM_Base_Start
 .text.HAL_TIM_ConfigClockSource
                0x000000000800362c      0x16e Drivers/STM32F1xx_HAL_Driver/Src/stm32f1xx_hal_tim.o
                0x000000000800362c                HAL_TIM_ConfigClockSource
 *fill*         0x000000000800379a        0x2 
 .text.TIM_Base_SetConfig
                0x000000000800379c       0xc4 Drivers/STM32F1xx_HAL_Driver/Src/stm32f1xx_hal_tim.o
                0x000000000800379c                TIM_Base_SetConfig
 .text.TIM_TI1_ConfigInputStage
                0x0000000008003860       0x5c Drivers/STM32F1xx_HAL_Driver/Src/stm32f1xx_hal_tim.o
 .text.TIM_TI2_ConfigInputStage
                0x00000000080038bc       0x5e Drivers/STM32F1xx_HAL_Driver/Src/stm32f1xx_hal_tim.o
 .text.TIM_ITRx_SetConfig
                0x000000000800391a       0x34 Drivers/STM32F1xx_HAL_Driver/Src/stm32f1xx_hal_tim.o
 .text.TIM_ETR_SetConfig
                0x000000000800394e       0x3e Drivers/STM32F1xx_HAL_Driver/Src/stm32f1xx_hal_tim.o
                0x000000000800394e                TIM_ETR_SetConfig
 .text.HAL_TIMEx_MasterConfigSynchronization
                0x000000000800398c       0xbc Drivers/STM32F1xx_HAL_Driver/Src/stm32f1xx_hal_tim_ex.o
                0x000000000800398c                HAL_TIMEx_MasterConfigSynchronization
 .text.arm_mat_trans_f32
                0x0000000008003a48       0xd4 D:\github\CMSIS\CMSIS\Lib\GCC\libarm_cortexM3l_math.a(arm_mat_trans_f32.o)
                0x0000000008003a48                arm_mat_trans_f32
 .text.arm_mat_sub_f32
                0x0000000008003b1c       0xe4 D:\github\CMSIS\CMSIS\Lib\GCC\libarm_cortexM3l_math.a(arm_mat_sub_f32.o)
                0x0000000008003b1c                arm_mat_sub_f32
 .text.arm_mat_mult_f32
                0x0000000008003c00      0x16c D:\github\CMSIS\CMSIS\Lib\GCC\libarm_cortexM3l_math.a(arm_mat_mult_f32.o)
                0x0000000008003c00                arm_mat_mult_f32
 .text.arm_mat_inverse_f32
                0x0000000008003d6c      0x2c0 D:\github\CMSIS\CMSIS\Lib\GCC\libarm_cortexM3l_math.a(arm_mat_inverse_f32.o)
                0x0000000008003d6c                arm_mat_inverse_f32
 .text.arm_mat_init_f32
                0x000000000800402c        0x8 D:\github\CMSIS\CMSIS\Lib\GCC\libarm_cortexM3l_math.a(arm_mat_init_f32.o)
                0x000000000800402c                arm_mat_init_f32
 .text.arm_mat_add_f32
                0x0000000008004034       0xe4 D:\github\CMSIS\CMSIS\Lib\GCC\libarm_cortexM3l_math.a(arm_mat_add_f32.o)
                0x0000000008004034                arm_mat_add_f32
 .text._ZdlPvj  0x0000000008004118        0x4 c:/st/stm32cubeide_1.4.0/stm32cubeide/plugins/com.st.stm32cube.ide.mcu.externaltools.gnu-tools-for-stm32.7-2018-q2-update.win32_1.5.0.202011040924/tools/bin/../lib/gcc/arm-none-eabi/7.3.1/../../../../arm-none-eabi/lib/thumb/v7-m\libstdc++_nano.a(del_ops.o)
                0x0000000008004118                operator delete(void*, unsigned int)
 .text._ZdlPv   0x000000000800411c        0x4 c:/st/stm32cubeide_1.4.0/stm32cubeide/plugins/com.st.stm32cube.ide.mcu.externaltools.gnu-tools-for-stm32.7-2018-q2-update.win32_1.5.0.202011040924/tools/bin/../lib/gcc/arm-none-eabi/7.3.1/../../../../arm-none-eabi/lib/thumb/v7-m\libstdc++_nano.a(del_op.o)
                0x000000000800411c                operator delete(void*)
 .text.atanf    0x0000000008004120      0x218 c:/st/stm32cubeide_1.4.0/stm32cubeide/plugins/com.st.stm32cube.ide.mcu.externaltools.gnu-tools-for-stm32.7-2018-q2-update.win32_1.5.0.202011040924/tools/bin/../lib/gcc/arm-none-eabi/7.3.1/../../../../arm-none-eabi/lib/thumb/v7-m\libm.a(lib_a-sf_atan.o)
                0x0000000008004120                atanf
 .text.fabsf    0x0000000008004338        0x6 c:/st/stm32cubeide_1.4.0/stm32cubeide/plugins/com.st.stm32cube.ide.mcu.externaltools.gnu-tools-for-stm32.7-2018-q2-update.win32_1.5.0.202011040924/tools/bin/../lib/gcc/arm-none-eabi/7.3.1/../../../../arm-none-eabi/lib/thumb/v7-m\libm.a(lib_a-sf_fabs.o)
                0x0000000008004338                fabsf
 *fill*         0x000000000800433e        0x2 
 .text.asinf    0x0000000008004340       0x9c c:/st/stm32cubeide_1.4.0/stm32cubeide/plugins/com.st.stm32cube.ide.mcu.externaltools.gnu-tools-for-stm32.7-2018-q2-update.win32_1.5.0.202011040924/tools/bin/../lib/gcc/arm-none-eabi/7.3.1/../../../../arm-none-eabi/lib/thumb/v7-m\libm.a(lib_a-wf_asin.o)
                0x0000000008004340                asinf
 .text.atan2f   0x00000000080043dc        0x4 c:/st/stm32cubeide_1.4.0/stm32cubeide/plugins/com.st.stm32cube.ide.mcu.externaltools.gnu-tools-for-stm32.7-2018-q2-update.win32_1.5.0.202011040924/tools/bin/../lib/gcc/arm-none-eabi/7.3.1/../../../../arm-none-eabi/lib/thumb/v7-m\libm.a(lib_a-wf_atan2.o)
                0x00000000080043dc                atan2f
 .text.sqrtf    0x00000000080043e0       0x94 c:/st/stm32cubeide_1.4.0/stm32cubeide/plugins/com.st.stm32cube.ide.mcu.externaltools.gnu-tools-for-stm32.7-2018-q2-update.win32_1.5.0.202011040924/tools/bin/../lib/gcc/arm-none-eabi/7.3.1/../../../../arm-none-eabi/lib/thumb/v7-m\libm.a(lib_a-wf_sqrt.o)
                0x00000000080043e0                sqrtf
 .text.__ieee754_asinf
                0x0000000008004474      0x284 c:/st/stm32cubeide_1.4.0/stm32cubeide/plugins/com.st.stm32cube.ide.mcu.externaltools.gnu-tools-for-stm32.7-2018-q2-update.win32_1.5.0.202011040924/tools/bin/../lib/gcc/arm-none-eabi/7.3.1/../../../../arm-none-eabi/lib/thumb/v7-m\libm.a(lib_a-ef_asin.o)
                0x0000000008004474                __ieee754_asinf
 .text.__ieee754_atan2f
                0x00000000080046f8      0x120 c:/st/stm32cubeide_1.4.0/stm32cubeide/plugins/com.st.stm32cube.ide.mcu.externaltools.gnu-tools-for-stm32.7-2018-q2-update.win32_1.5.0.202011040924/tools/bin/../lib/gcc/arm-none-eabi/7.3.1/../../../../arm-none-eabi/lib/thumb/v7-m\libm.a(lib_a-ef_atan2.o)
                0x00000000080046f8                __ieee754_atan2f
 .text.__ieee754_sqrtf
                0x0000000008004818       0xa6 c:/st/stm32cubeide_1.4.0/stm32cubeide/plugins/com.st.stm32cube.ide.mcu.externaltools.gnu-tools-for-stm32.7-2018-q2-update.win32_1.5.0.202011040924/tools/bin/../lib/gcc/arm-none-eabi/7.3.1/../../../../arm-none-eabi/lib/thumb/v7-m\libm.a(lib_a-ef_sqrt.o)
                0x0000000008004818                __ieee754_sqrtf
 .text.matherr  0x00000000080048be        0x4 c:/st/stm32cubeide_1.4.0/stm32cubeide/plugins/com.st.stm32cube.ide.mcu.externaltools.gnu-tools-for-stm32.7-2018-q2-update.win32_1.5.0.202011040924/tools/bin/../lib/gcc/arm-none-eabi/7.3.1/../../../../arm-none-eabi/lib/thumb/v7-m\libm.a(lib_a-s_matherr.o)
                0x00000000080048be                matherr
 *fill*         0x00000000080048c2        0x2 
 .text.nan      0x00000000080048c4        0xc c:/st/stm32cubeide_1.4.0/stm32cubeide/plugins/com.st.stm32cube.ide.mcu.externaltools.gnu-tools-for-stm32.7-2018-q2-update.win32_1.5.0.202011040924/tools/bin/../lib/gcc/arm-none-eabi/7.3.1/../../../../arm-none-eabi/lib/thumb/v7-m\libm.a(lib_a-s_nan.o)
                0x00000000080048c4                nan
 .text.__errno  0x00000000080048d0        0xc c:/st/stm32cubeide_1.4.0/stm32cubeide/plugins/com.st.stm32cube.ide.mcu.externaltools.gnu-tools-for-stm32.7-2018-q2-update.win32_1.5.0.202011040924/tools/bin/../lib/gcc/arm-none-eabi/7.3.1/../../../../arm-none-eabi/lib/thumb/v7-m\libc_nano.a(lib_a-errno.o)
                0x00000000080048d0                __errno
 .text.__libc_init_array
                0x00000000080048dc       0x48 c:/st/stm32cubeide_1.4.0/stm32cubeide/plugins/com.st.stm32cube.ide.mcu.externaltools.gnu-tools-for-stm32.7-2018-q2-update.win32_1.5.0.202011040924/tools/bin/../lib/gcc/arm-none-eabi/7.3.1/../../../../arm-none-eabi/lib/thumb/v7-m\libc_nano.a(lib_a-init.o)
                0x00000000080048dc                __libc_init_array
 .text.free     0x0000000008004924       0x10 c:/st/stm32cubeide_1.4.0/stm32cubeide/plugins/com.st.stm32cube.ide.mcu.externaltools.gnu-tools-for-stm32.7-2018-q2-update.win32_1.5.0.202011040924/tools/bin/../lib/gcc/arm-none-eabi/7.3.1/../../../../arm-none-eabi/lib/thumb/v7-m\libc_nano.a(lib_a-malloc.o)
                0x0000000008004924                free
 .text.memset   0x0000000008004934       0x10 c:/st/stm32cubeide_1.4.0/stm32cubeide/plugins/com.st.stm32cube.ide.mcu.externaltools.gnu-tools-for-stm32.7-2018-q2-update.win32_1.5.0.202011040924/tools/bin/../lib/gcc/arm-none-eabi/7.3.1/../../../../arm-none-eabi/lib/thumb/v7-m\libc_nano.a(lib_a-memset.o)
                0x0000000008004934                memset
 .text._free_r  0x0000000008004944       0x98 c:/st/stm32cubeide_1.4.0/stm32cubeide/plugins/com.st.stm32cube.ide.mcu.externaltools.gnu-tools-for-stm32.7-2018-q2-update.win32_1.5.0.202011040924/tools/bin/../lib/gcc/arm-none-eabi/7.3.1/../../../../arm-none-eabi/lib/thumb/v7-m\libc_nano.a(lib_a-nano-freer.o)
                0x0000000008004944                _free_r
 .text.__malloc_lock
                0x00000000080049dc        0x2 c:/st/stm32cubeide_1.4.0/stm32cubeide/plugins/com.st.stm32cube.ide.mcu.externaltools.gnu-tools-for-stm32.7-2018-q2-update.win32_1.5.0.202011040924/tools/bin/../lib/gcc/arm-none-eabi/7.3.1/../../../../arm-none-eabi/lib/thumb/v7-m\libc_nano.a(lib_a-mlock.o)
                0x00000000080049dc                __malloc_lock
 .text.__malloc_unlock
                0x00000000080049de        0x2 c:/st/stm32cubeide_1.4.0/stm32cubeide/plugins/com.st.stm32cube.ide.mcu.externaltools.gnu-tools-for-stm32.7-2018-q2-update.win32_1.5.0.202011040924/tools/bin/../lib/gcc/arm-none-eabi/7.3.1/../../../../arm-none-eabi/lib/thumb/v7-m\libc_nano.a(lib_a-mlock.o)
                0x00000000080049de                __malloc_unlock
 *(.glue_7)
 .glue_7        0x00000000080049e0        0x0 linker stubs
 *(.glue_7t)
 .glue_7t       0x00000000080049e0        0x0 linker stubs
 *(.eh_frame)
 .eh_frame      0x00000000080049e0        0x0 c:/st/stm32cubeide_1.4.0/stm32cubeide/plugins/com.st.stm32cube.ide.mcu.externaltools.gnu-tools-for-stm32.7-2018-q2-update.win32_1.5.0.202011040924/tools/bin/../lib/gcc/arm-none-eabi/7.3.1/thumb/v7-m/crtbegin.o
 *(.init)
 .init          0x00000000080049e0        0x4 c:/st/stm32cubeide_1.4.0/stm32cubeide/plugins/com.st.stm32cube.ide.mcu.externaltools.gnu-tools-for-stm32.7-2018-q2-update.win32_1.5.0.202011040924/tools/bin/../lib/gcc/arm-none-eabi/7.3.1/thumb/v7-m/crti.o
                0x00000000080049e0                _init
 .init          0x00000000080049e4        0x8 c:/st/stm32cubeide_1.4.0/stm32cubeide/plugins/com.st.stm32cube.ide.mcu.externaltools.gnu-tools-for-stm32.7-2018-q2-update.win32_1.5.0.202011040924/tools/bin/../lib/gcc/arm-none-eabi/7.3.1/thumb/v7-m/crtn.o
 *(.fini)
 .fini          0x00000000080049ec        0x4 c:/st/stm32cubeide_1.4.0/stm32cubeide/plugins/com.st.stm32cube.ide.mcu.externaltools.gnu-tools-for-stm32.7-2018-q2-update.win32_1.5.0.202011040924/tools/bin/../lib/gcc/arm-none-eabi/7.3.1/thumb/v7-m/crti.o
                0x00000000080049ec                _fini
 .fini          0x00000000080049f0        0x8 c:/st/stm32cubeide_1.4.0/stm32cubeide/plugins/com.st.stm32cube.ide.mcu.externaltools.gnu-tools-for-stm32.7-2018-q2-update.win32_1.5.0.202011040924/tools/bin/../lib/gcc/arm-none-eabi/7.3.1/thumb/v7-m/crtn.o
                0x00000000080049f8                . = ALIGN (0x4)
                0x00000000080049f8                _etext = .

.vfp11_veneer   0x00000000080049f8        0x0
 .vfp11_veneer  0x00000000080049f8        0x0 linker stubs

.v4_bx          0x00000000080049f8        0x0
 .v4_bx         0x00000000080049f8        0x0 linker stubs

.iplt           0x00000000080049f8        0x0
 .iplt          0x00000000080049f8        0x0 c:/st/stm32cubeide_1.4.0/stm32cubeide/plugins/com.st.stm32cube.ide.mcu.externaltools.gnu-tools-for-stm32.7-2018-q2-update.win32_1.5.0.202011040924/tools/bin/../lib/gcc/arm-none-eabi/7.3.1/thumb/v7-m/crtbegin.o

.rodata         0x00000000080049f8       0x68
                0x00000000080049f8                . = ALIGN (0x4)
 *(.rodata)
 .rodata        0x00000000080049f8       0x12 Drivers/STM32F1xx_HAL_Driver/Src/stm32f1xx_hal_rcc.o
 *(.rodata*)
 *fill*         0x0000000008004a0a        0x2 
 .rodata._ZTV4EKF2
                0x0000000008004a0c       0x10 Core/Src/main.o
                0x0000000008004a0c                vtable for EKF2
 .rodata.AHBPrescTable
                0x0000000008004a1c       0x10 Core/Src/system_stm32f1xx.o
                0x0000000008004a1c                AHBPrescTable
 .rodata.APBPrescTable
                0x0000000008004a2c        0x8 Core/Src/system_stm32f1xx.o
                0x0000000008004a2c                APBPrescTable
 .rodata.atanhi
                0x0000000008004a34       0x10 c:/st/stm32cubeide_1.4.0/stm32cubeide/plugins/com.st.stm32cube.ide.mcu.externaltools.gnu-tools-for-stm32.7-2018-q2-update.win32_1.5.0.202011040924/tools/bin/../lib/gcc/arm-none-eabi/7.3.1/../../../../arm-none-eabi/lib/thumb/v7-m\libm.a(lib_a-sf_atan.o)
 .rodata.atanlo
                0x0000000008004a44       0x10 c:/st/stm32cubeide_1.4.0/stm32cubeide/plugins/com.st.stm32cube.ide.mcu.externaltools.gnu-tools-for-stm32.7-2018-q2-update.win32_1.5.0.202011040924/tools/bin/../lib/gcc/arm-none-eabi/7.3.1/../../../../arm-none-eabi/lib/thumb/v7-m\libm.a(lib_a-sf_atan.o)
 .rodata.asinf.str1.1
                0x0000000008004a54        0x6 c:/st/stm32cubeide_1.4.0/stm32cubeide/plugins/com.st.stm32cube.ide.mcu.externaltools.gnu-tools-for-stm32.7-2018-q2-update.win32_1.5.0.202011040924/tools/bin/../lib/gcc/arm-none-eabi/7.3.1/../../../../arm-none-eabi/lib/thumb/v7-m\libm.a(lib_a-wf_asin.o)
                                          0x7 (size before relaxing)
 .rodata.sqrtf.str1.1
                0x0000000008004a5a        0x6 c:/st/stm32cubeide_1.4.0/stm32cubeide/plugins/com.st.stm32cube.ide.mcu.externaltools.gnu-tools-for-stm32.7-2018-q2-update.win32_1.5.0.202011040924/tools/bin/../lib/gcc/arm-none-eabi/7.3.1/../../../../arm-none-eabi/lib/thumb/v7-m\libm.a(lib_a-wf_sqrt.o)
                0x0000000008004a60                . = ALIGN (0x4)

.rel.dyn        0x0000000008004a60        0x0
 .rel.iplt      0x0000000008004a60        0x0 c:/st/stm32cubeide_1.4.0/stm32cubeide/plugins/com.st.stm32cube.ide.mcu.externaltools.gnu-tools-for-stm32.7-2018-q2-update.win32_1.5.0.202011040924/tools/bin/../lib/gcc/arm-none-eabi/7.3.1/thumb/v7-m/crtbegin.o

.ARM.extab      0x0000000008004a60        0x0
                0x0000000008004a60                . = ALIGN (0x4)
 *(.ARM.extab* .gnu.linkonce.armextab.*)
                0x0000000008004a60                . = ALIGN (0x4)

.ARM            0x0000000008004a60        0x0
                0x0000000008004a60                . = ALIGN (0x4)
                0x0000000008004a60                __exidx_start = .
 *(.ARM.exidx*)
                0x0000000008004a60                __exidx_end = .
                0x0000000008004a60                . = ALIGN (0x4)

.preinit_array  0x0000000008004a60        0x0
                0x0000000008004a60                . = ALIGN (0x4)
                0x0000000008004a60                PROVIDE (__preinit_array_start = .)
 *(.preinit_array*)
                0x0000000008004a60                PROVIDE (__preinit_array_end = .)
                0x0000000008004a60                . = ALIGN (0x4)

.init_array     0x0000000008004a60        0x8
                0x0000000008004a60                . = ALIGN (0x4)
                0x0000000008004a60                PROVIDE (__init_array_start = .)
 *(SORT_BY_NAME(.init_array.*))
 *(.init_array*)
 .init_array    0x0000000008004a60        0x4 c:/st/stm32cubeide_1.4.0/stm32cubeide/plugins/com.st.stm32cube.ide.mcu.externaltools.gnu-tools-for-stm32.7-2018-q2-update.win32_1.5.0.202011040924/tools/bin/../lib/gcc/arm-none-eabi/7.3.1/thumb/v7-m/crtbegin.o
 .init_array    0x0000000008004a64        0x4 Core/Src/main.o
                0x0000000008004a68                PROVIDE (__init_array_end = .)
                0x0000000008004a68                . = ALIGN (0x4)

.fini_array     0x0000000008004a68        0x8
                0x0000000008004a68                . = ALIGN (0x4)
                [!provide]                        PROVIDE (__fini_array_start = .)
 *(SORT_BY_NAME(.fini_array.*))
 *(.fini_array*)
 .fini_array    0x0000000008004a68        0x4 c:/st/stm32cubeide_1.4.0/stm32cubeide/plugins/com.st.stm32cube.ide.mcu.externaltools.gnu-tools-for-stm32.7-2018-q2-update.win32_1.5.0.202011040924/tools/bin/../lib/gcc/arm-none-eabi/7.3.1/thumb/v7-m/crtbegin.o
 .fini_array    0x0000000008004a6c        0x4 Core/Src/main.o
                [!provide]                        PROVIDE (__fini_array_end = .)
                0x0000000008004a70                . = ALIGN (0x4)
                0x0000000008004a70                _sidata = LOADADDR (.data)

.data           0x0000000020000000       0x70 load address 0x0000000008004a70
                0x0000000020000000                . = ALIGN (0x4)
                0x0000000020000000                _sdata = .
 *(.data)
 *(.data*)
 .data.SystemCoreClock
                0x0000000020000000        0x4 Core/Src/system_stm32f1xx.o
                0x0000000020000000                SystemCoreClock
 .data.uwTickPrio
                0x0000000020000004        0x4 Drivers/STM32F1xx_HAL_Driver/Src/stm32f1xx_hal.o
                0x0000000020000004                uwTickPrio
 .data.uwTickFreq
                0x0000000020000008        0x1 Drivers/STM32F1xx_HAL_Driver/Src/stm32f1xx_hal.o
                0x0000000020000008                uwTickFreq
 .data.__fdlib_version
                0x0000000020000009        0x1 c:/st/stm32cubeide_1.4.0/stm32cubeide/plugins/com.st.stm32cube.ide.mcu.externaltools.gnu-tools-for-stm32.7-2018-q2-update.win32_1.5.0.202011040924/tools/bin/../lib/gcc/arm-none-eabi/7.3.1/../../../../arm-none-eabi/lib/thumb/v7-m\libm.a(lib_a-s_lib_ver.o)
                0x0000000020000009                __fdlib_version
 *fill*         0x000000002000000a        0x2 
 .data._impure_ptr
                0x000000002000000c        0x4 c:/st/stm32cubeide_1.4.0/stm32cubeide/plugins/com.st.stm32cube.ide.mcu.externaltools.gnu-tools-for-stm32.7-2018-q2-update.win32_1.5.0.202011040924/tools/bin/../lib/gcc/arm-none-eabi/7.3.1/../../../../arm-none-eabi/lib/thumb/v7-m\libc_nano.a(lib_a-impure.o)
                0x000000002000000c                _impure_ptr
 .data.impure_data
                0x0000000020000010       0x60 c:/st/stm32cubeide_1.4.0/stm32cubeide/plugins/com.st.stm32cube.ide.mcu.externaltools.gnu-tools-for-stm32.7-2018-q2-update.win32_1.5.0.202011040924/tools/bin/../lib/gcc/arm-none-eabi/7.3.1/../../../../arm-none-eabi/lib/thumb/v7-m\libc_nano.a(lib_a-impure.o)
 *(.RamFunc)
 *(.RamFunc*)
                0x0000000020000070                . = ALIGN (0x4)
                0x0000000020000070                _edata = .

.igot.plt       0x0000000020000070        0x0 load address 0x0000000008004ae0
 .igot.plt      0x0000000020000070        0x0 c:/st/stm32cubeide_1.4.0/stm32cubeide/plugins/com.st.stm32cube.ide.mcu.externaltools.gnu-tools-for-stm32.7-2018-q2-update.win32_1.5.0.202011040924/tools/bin/../lib/gcc/arm-none-eabi/7.3.1/thumb/v7-m/crtbegin.o
                0x0000000020000070                . = ALIGN (0x4)

.bss            0x0000000020000070     0x1134 load address 0x0000000008004ae0
                0x0000000020000070                _sbss = .
                0x0000000020000070                __bss_start__ = _sbss
 *(.bss)
 .bss           0x0000000020000070       0x1c c:/st/stm32cubeide_1.4.0/stm32cubeide/plugins/com.st.stm32cube.ide.mcu.externaltools.gnu-tools-for-stm32.7-2018-q2-update.win32_1.5.0.202011040924/tools/bin/../lib/gcc/arm-none-eabi/7.3.1/thumb/v7-m/crtbegin.o
 *(.bss*)
 *fill*         0x000000002000008c        0x4 
 .bss.bGx       0x0000000020000090        0x8 Core/Src/main.o
                0x0000000020000090                bGx
 .bss.bGy       0x0000000020000098        0x8 Core/Src/main.o
                0x0000000020000098                bGy
 .bss.bGz       0x00000000200000a0        0x8 Core/Src/main.o
                0x00000000200000a0                bGz
 .bss.Gyro_x    0x00000000200000a8        0x4 Core/Src/main.o
                0x00000000200000a8                Gyro_x
 .bss.Gyro_y    0x00000000200000ac        0x4 Core/Src/main.o
                0x00000000200000ac                Gyro_y
 .bss.Gyro_z    0x00000000200000b0        0x4 Core/Src/main.o
                0x00000000200000b0                Gyro_z
 .bss.hi2c1     0x00000000200000b4       0x54 Core/Src/main.o
                0x00000000200000b4                hi2c1
 .bss.htim4     0x0000000020000108       0x48 Core/Src/main.o
                0x0000000020000108                htim4
 .bss.data_imu_buffer
                0x0000000020000150       0x18 Core/Src/main.o
                0x0000000020000150                data_imu_buffer
 .bss.mag       0x0000000020000168        0xc Core/Src/main.o
                0x0000000020000168                mag
 .bss.ekf       0x0000000020000174     0x1028 Core/Src/main.o
                0x0000000020000174                ekf
 .bss.__malloc_free_list
                0x000000002000119c        0x4 c:/st/stm32cubeide_1.4.0/stm32cubeide/plugins/com.st.stm32cube.ide.mcu.externaltools.gnu-tools-for-stm32.7-2018-q2-update.win32_1.5.0.202011040924/tools/bin/../lib/gcc/arm-none-eabi/7.3.1/../../../../arm-none-eabi/lib/thumb/v7-m\libc_nano.a(lib_a-nano-mallocr.o)
                0x000000002000119c                __malloc_free_list
 *(COMMON)
 COMMON         0x00000000200011a0        0x4 Drivers/STM32F1xx_HAL_Driver/Src/stm32f1xx_hal.o
                0x00000000200011a0                uwTick
                0x00000000200011a4                . = ALIGN (0x4)
                0x00000000200011a4                _ebss = .
                0x00000000200011a4                __bss_end__ = _ebss

._user_heap_stack
                0x00000000200011a4      0x604 load address 0x0000000008004ae0
                0x00000000200011a8                . = ALIGN (0x8)
 *fill*         0x00000000200011a4        0x4 
                [!provide]                        PROVIDE (end = .)
                0x00000000200011a8                PROVIDE (_end = .)
                0x00000000200013a8                . = (. + _Min_Heap_Size)
 *fill*         0x00000000200011a8      0x200 
                0x00000000200017a8                . = (. + _Min_Stack_Size)
 *fill*         0x00000000200013a8      0x400 
                0x00000000200017a8                . = ALIGN (0x8)

/DISCARD/
 libc.a(*)
 libm.a(*)
 libgcc.a(*)

.ARM.attributes
                0x0000000000000000       0x29
 *(.ARM.attributes)
 .ARM.attributes
                0x0000000000000000       0x1d c:/st/stm32cubeide_1.4.0/stm32cubeide/plugins/com.st.stm32cube.ide.mcu.externaltools.gnu-tools-for-stm32.7-2018-q2-update.win32_1.5.0.202011040924/tools/bin/../lib/gcc/arm-none-eabi/7.3.1/thumb/v7-m/crti.o
 .ARM.attributes
                0x000000000000001d       0x2d c:/st/stm32cubeide_1.4.0/stm32cubeide/plugins/com.st.stm32cube.ide.mcu.externaltools.gnu-tools-for-stm32.7-2018-q2-update.win32_1.5.0.202011040924/tools/bin/../lib/gcc/arm-none-eabi/7.3.1/thumb/v7-m/crtbegin.o
 .ARM.attributes
                0x000000000000004a       0x33 Core/Src/main.o
 .ARM.attributes
                0x000000000000007d       0x33 Core/Src/stm32f1xx_hal_msp.o
 .ARM.attributes
                0x00000000000000b0       0x33 Core/Src/stm32f1xx_it.o
 .ARM.attributes
                0x00000000000000e3       0x33 Core/Src/system_stm32f1xx.o
 .ARM.attributes
                0x0000000000000116       0x21 Core/Startup/startup_stm32f103c8tx.o
 .ARM.attributes
                0x0000000000000137       0x33 Drivers/STM32F1xx_HAL_Driver/Src/stm32f1xx_hal.o
 .ARM.attributes
                0x000000000000016a       0x33 Drivers/STM32F1xx_HAL_Driver/Src/stm32f1xx_hal_cortex.o
 .ARM.attributes
                0x000000000000019d       0x33 Drivers/STM32F1xx_HAL_Driver/Src/stm32f1xx_hal_gpio.o
 .ARM.attributes
                0x00000000000001d0       0x33 Drivers/STM32F1xx_HAL_Driver/Src/stm32f1xx_hal_i2c.o
 .ARM.attributes
                0x0000000000000203       0x33 Drivers/STM32F1xx_HAL_Driver/Src/stm32f1xx_hal_rcc.o
 .ARM.attributes
                0x0000000000000236       0x33 Drivers/STM32F1xx_HAL_Driver/Src/stm32f1xx_hal_tim.o
 .ARM.attributes
                0x0000000000000269       0x33 Drivers/STM32F1xx_HAL_Driver/Src/stm32f1xx_hal_tim_ex.o
 .ARM.attributes
                0x000000000000029c       0x33 D:\github\CMSIS\CMSIS\Lib\GCC\libarm_cortexM3l_math.a(arm_mat_trans_f32.o)
 .ARM.attributes
                0x00000000000002cf       0x33 D:\github\CMSIS\CMSIS\Lib\GCC\libarm_cortexM3l_math.a(arm_mat_sub_f32.o)
 .ARM.attributes
                0x0000000000000302       0x33 D:\github\CMSIS\CMSIS\Lib\GCC\libarm_cortexM3l_math.a(arm_mat_mult_f32.o)
 .ARM.attributes
                0x0000000000000335       0x33 D:\github\CMSIS\CMSIS\Lib\GCC\libarm_cortexM3l_math.a(arm_mat_inverse_f32.o)
 .ARM.attributes
                0x0000000000000368       0x33 D:\github\CMSIS\CMSIS\Lib\GCC\libarm_cortexM3l_math.a(arm_mat_init_f32.o)
 .ARM.attributes
                0x000000000000039b       0x33 D:\github\CMSIS\CMSIS\Lib\GCC\libarm_cortexM3l_math.a(arm_mat_add_f32.o)
 .ARM.attributes
                0x00000000000003ce       0x2d c:/st/stm32cubeide_1.4.0/stm32cubeide/plugins/com.st.stm32cube.ide.mcu.externaltools.gnu-tools-for-stm32.7-2018-q2-update.win32_1.5.0.202011040924/tools/bin/../lib/gcc/arm-none-eabi/7.3.1/../../../../arm-none-eabi/lib/thumb/v7-m\libstdc++_nano.a(del_ops.o)
 .ARM.attributes
                0x00000000000003fb       0x2d c:/st/stm32cubeide_1.4.0/stm32cubeide/plugins/com.st.stm32cube.ide.mcu.externaltools.gnu-tools-for-stm32.7-2018-q2-update.win32_1.5.0.202011040924/tools/bin/../lib/gcc/arm-none-eabi/7.3.1/../../../../arm-none-eabi/lib/thumb/v7-m\libstdc++_nano.a(del_op.o)
 .ARM.attributes
                0x0000000000000428       0x2d c:/st/stm32cubeide_1.4.0/stm32cubeide/plugins/com.st.stm32cube.ide.mcu.externaltools.gnu-tools-for-stm32.7-2018-q2-update.win32_1.5.0.202011040924/tools/bin/../lib/gcc/arm-none-eabi/7.3.1/../../../../arm-none-eabi/lib/thumb/v7-m\libm.a(lib_a-sf_atan.o)
 .ARM.attributes
                0x0000000000000455       0x2d c:/st/stm32cubeide_1.4.0/stm32cubeide/plugins/com.st.stm32cube.ide.mcu.externaltools.gnu-tools-for-stm32.7-2018-q2-update.win32_1.5.0.202011040924/tools/bin/../lib/gcc/arm-none-eabi/7.3.1/../../../../arm-none-eabi/lib/thumb/v7-m\libm.a(lib_a-sf_fabs.o)
 .ARM.attributes
                0x0000000000000482       0x2d c:/st/stm32cubeide_1.4.0/stm32cubeide/plugins/com.st.stm32cube.ide.mcu.externaltools.gnu-tools-for-stm32.7-2018-q2-update.win32_1.5.0.202011040924/tools/bin/../lib/gcc/arm-none-eabi/7.3.1/../../../../arm-none-eabi/lib/thumb/v7-m\libm.a(lib_a-wf_asin.o)
 .ARM.attributes
                0x00000000000004af       0x2d c:/st/stm32cubeide_1.4.0/stm32cubeide/plugins/com.st.stm32cube.ide.mcu.externaltools.gnu-tools-for-stm32.7-2018-q2-update.win32_1.5.0.202011040924/tools/bin/../lib/gcc/arm-none-eabi/7.3.1/../../../../arm-none-eabi/lib/thumb/v7-m\libm.a(lib_a-wf_atan2.o)
 .ARM.attributes
                0x00000000000004dc       0x2d c:/st/stm32cubeide_1.4.0/stm32cubeide/plugins/com.st.stm32cube.ide.mcu.externaltools.gnu-tools-for-stm32.7-2018-q2-update.win32_1.5.0.202011040924/tools/bin/../lib/gcc/arm-none-eabi/7.3.1/../../../../arm-none-eabi/lib/thumb/v7-m\libm.a(lib_a-wf_sqrt.o)
 .ARM.attributes
                0x0000000000000509       0x2d c:/st/stm32cubeide_1.4.0/stm32cubeide/plugins/com.st.stm32cube.ide.mcu.externaltools.gnu-tools-for-stm32.7-2018-q2-update.win32_1.5.0.202011040924/tools/bin/../lib/gcc/arm-none-eabi/7.3.1/../../../../arm-none-eabi/lib/thumb/v7-m\libm.a(lib_a-ef_asin.o)
 .ARM.attributes
                0x0000000000000536       0x2d c:/st/stm32cubeide_1.4.0/stm32cubeide/plugins/com.st.stm32cube.ide.mcu.externaltools.gnu-tools-for-stm32.7-2018-q2-update.win32_1.5.0.202011040924/tools/bin/../lib/gcc/arm-none-eabi/7.3.1/../../../../arm-none-eabi/lib/thumb/v7-m\libm.a(lib_a-ef_atan2.o)
 .ARM.attributes
                0x0000000000000563       0x2d c:/st/stm32cubeide_1.4.0/stm32cubeide/plugins/com.st.stm32cube.ide.mcu.externaltools.gnu-tools-for-stm32.7-2018-q2-update.win32_1.5.0.202011040924/tools/bin/../lib/gcc/arm-none-eabi/7.3.1/../../../../arm-none-eabi/lib/thumb/v7-m\libm.a(lib_a-ef_sqrt.o)
 .ARM.attributes
                0x0000000000000590       0x2d c:/st/stm32cubeide_1.4.0/stm32cubeide/plugins/com.st.stm32cube.ide.mcu.externaltools.gnu-tools-for-stm32.7-2018-q2-update.win32_1.5.0.202011040924/tools/bin/../lib/gcc/arm-none-eabi/7.3.1/../../../../arm-none-eabi/lib/thumb/v7-m\libm.a(lib_a-s_lib_ver.o)
 .ARM.attributes
                0x00000000000005bd       0x2d c:/st/stm32cubeide_1.4.0/stm32cubeide/plugins/com.st.stm32cube.ide.mcu.externaltools.gnu-tools-for-stm32.7-2018-q2-update.win32_1.5.0.202011040924/tools/bin/../lib/gcc/arm-none-eabi/7.3.1/../../../../arm-none-eabi/lib/thumb/v7-m\libm.a(lib_a-s_matherr.o)
 .ARM.attributes
                0x00000000000005ea       0x2d c:/st/stm32cubeide_1.4.0/stm32cubeide/plugins/com.st.stm32cube.ide.mcu.externaltools.gnu-tools-for-stm32.7-2018-q2-update.win32_1.5.0.202011040924/tools/bin/../lib/gcc/arm-none-eabi/7.3.1/../../../../arm-none-eabi/lib/thumb/v7-m\libm.a(lib_a-s_nan.o)
 .ARM.attributes
                0x0000000000000617       0x2d c:/st/stm32cubeide_1.4.0/stm32cubeide/plugins/com.st.stm32cube.ide.mcu.externaltools.gnu-tools-for-stm32.7-2018-q2-update.win32_1.5.0.202011040924/tools/bin/../lib/gcc/arm-none-eabi/7.3.1/../../../../arm-none-eabi/lib/thumb/v7-m\libc_nano.a(lib_a-errno.o)
 .ARM.attributes
                0x0000000000000644       0x2d c:/st/stm32cubeide_1.4.0/stm32cubeide/plugins/com.st.stm32cube.ide.mcu.externaltools.gnu-tools-for-stm32.7-2018-q2-update.win32_1.5.0.202011040924/tools/bin/../lib/gcc/arm-none-eabi/7.3.1/../../../../arm-none-eabi/lib/thumb/v7-m\libc_nano.a(lib_a-impure.o)
 .ARM.attributes
                0x0000000000000671       0x2d c:/st/stm32cubeide_1.4.0/stm32cubeide/plugins/com.st.stm32cube.ide.mcu.externaltools.gnu-tools-for-stm32.7-2018-q2-update.win32_1.5.0.202011040924/tools/bin/../lib/gcc/arm-none-eabi/7.3.1/../../../../arm-none-eabi/lib/thumb/v7-m\libc_nano.a(lib_a-init.o)
 .ARM.attributes
                0x000000000000069e       0x2d c:/st/stm32cubeide_1.4.0/stm32cubeide/plugins/com.st.stm32cube.ide.mcu.externaltools.gnu-tools-for-stm32.7-2018-q2-update.win32_1.5.0.202011040924/tools/bin/../lib/gcc/arm-none-eabi/7.3.1/../../../../arm-none-eabi/lib/thumb/v7-m\libc_nano.a(lib_a-malloc.o)
 .ARM.attributes
                0x00000000000006cb       0x2d c:/st/stm32cubeide_1.4.0/stm32cubeide/plugins/com.st.stm32cube.ide.mcu.externaltools.gnu-tools-for-stm32.7-2018-q2-update.win32_1.5.0.202011040924/tools/bin/../lib/gcc/arm-none-eabi/7.3.1/../../../../arm-none-eabi/lib/thumb/v7-m\libc_nano.a(lib_a-memset.o)
 .ARM.attributes
                0x00000000000006f8       0x2d c:/st/stm32cubeide_1.4.0/stm32cubeide/plugins/com.st.stm32cube.ide.mcu.externaltools.gnu-tools-for-stm32.7-2018-q2-update.win32_1.5.0.202011040924/tools/bin/../lib/gcc/arm-none-eabi/7.3.1/../../../../arm-none-eabi/lib/thumb/v7-m\libc_nano.a(lib_a-nano-freer.o)
 .ARM.attributes
                0x0000000000000725       0x2d c:/st/stm32cubeide_1.4.0/stm32cubeide/plugins/com.st.stm32cube.ide.mcu.externaltools.gnu-tools-for-stm32.7-2018-q2-update.win32_1.5.0.202011040924/tools/bin/../lib/gcc/arm-none-eabi/7.3.1/../../../../arm-none-eabi/lib/thumb/v7-m\libc_nano.a(lib_a-nano-mallocr.o)
 .ARM.attributes
                0x0000000000000752       0x2d c:/st/stm32cubeide_1.4.0/stm32cubeide/plugins/com.st.stm32cube.ide.mcu.externaltools.gnu-tools-for-stm32.7-2018-q2-update.win32_1.5.0.202011040924/tools/bin/../lib/gcc/arm-none-eabi/7.3.1/../../../../arm-none-eabi/lib/thumb/v7-m\libc_nano.a(lib_a-mlock.o)
 .ARM.attributes
                0x000000000000077f       0x1d c:/st/stm32cubeide_1.4.0/stm32cubeide/plugins/com.st.stm32cube.ide.mcu.externaltools.gnu-tools-for-stm32.7-2018-q2-update.win32_1.5.0.202011040924/tools/bin/../lib/gcc/arm-none-eabi/7.3.1/thumb/v7-m\libgcc.a(_arm_addsubdf3.o)
 .ARM.attributes
                0x000000000000079c       0x1d c:/st/stm32cubeide_1.4.0/stm32cubeide/plugins/com.st.stm32cube.ide.mcu.externaltools.gnu-tools-for-stm32.7-2018-q2-update.win32_1.5.0.202011040924/tools/bin/../lib/gcc/arm-none-eabi/7.3.1/thumb/v7-m\libgcc.a(_arm_muldivdf3.o)
 .ARM.attributes
                0x00000000000007b9       0x1d c:/st/stm32cubeide_1.4.0/stm32cubeide/plugins/com.st.stm32cube.ide.mcu.externaltools.gnu-tools-for-stm32.7-2018-q2-update.win32_1.5.0.202011040924/tools/bin/../lib/gcc/arm-none-eabi/7.3.1/thumb/v7-m\libgcc.a(_arm_truncdfsf2.o)
 .ARM.attributes
                0x00000000000007d6       0x1d c:/st/stm32cubeide_1.4.0/stm32cubeide/plugins/com.st.stm32cube.ide.mcu.externaltools.gnu-tools-for-stm32.7-2018-q2-update.win32_1.5.0.202011040924/tools/bin/../lib/gcc/arm-none-eabi/7.3.1/thumb/v7-m\libgcc.a(_arm_addsubsf3.o)
 .ARM.attributes
                0x00000000000007f3       0x1d c:/st/stm32cubeide_1.4.0/stm32cubeide/plugins/com.st.stm32cube.ide.mcu.externaltools.gnu-tools-for-stm32.7-2018-q2-update.win32_1.5.0.202011040924/tools/bin/../lib/gcc/arm-none-eabi/7.3.1/thumb/v7-m\libgcc.a(_arm_muldivsf3.o)
 .ARM.attributes
                0x0000000000000810       0x1d c:/st/stm32cubeide_1.4.0/stm32cubeide/plugins/com.st.stm32cube.ide.mcu.externaltools.gnu-tools-for-stm32.7-2018-q2-update.win32_1.5.0.202011040924/tools/bin/../lib/gcc/arm-none-eabi/7.3.1/thumb/v7-m\libgcc.a(_arm_cmpsf2.o)
 .ARM.attributes
                0x000000000000082d       0x1d c:/st/stm32cubeide_1.4.0/stm32cubeide/plugins/com.st.stm32cube.ide.mcu.externaltools.gnu-tools-for-stm32.7-2018-q2-update.win32_1.5.0.202011040924/tools/bin/../lib/gcc/arm-none-eabi/7.3.1/thumb/v7-m\libgcc.a(_arm_unordsf2.o)
 .ARM.attributes
                0x000000000000084a       0x1d c:/st/stm32cubeide_1.4.0/stm32cubeide/plugins/com.st.stm32cube.ide.mcu.externaltools.gnu-tools-for-stm32.7-2018-q2-update.win32_1.5.0.202011040924/tools/bin/../lib/gcc/arm-none-eabi/7.3.1/thumb/v7-m/crtn.o
OUTPUT(EKF_F1.elf elf32-littlearm)

.debug_info     0x0000000000000000     0xe29f
 .debug_info    0x0000000000000000     0x41a6 Core/Src/main.o
 .debug_info    0x00000000000041a6      0xc55 Core/Src/stm32f1xx_hal_msp.o
 .debug_info    0x0000000000004dfb      0x20a Core/Src/stm32f1xx_it.o
 .debug_info    0x0000000000005005      0x29a Core/Src/system_stm32f1xx.o
 .debug_info    0x000000000000529f       0x22 Core/Startup/startup_stm32f103c8tx.o
 .debug_info    0x00000000000052c1      0x714 Drivers/STM32F1xx_HAL_Driver/Src/stm32f1xx_hal.o
 .debug_info    0x00000000000059d5      0xb51 Drivers/STM32F1xx_HAL_Driver/Src/stm32f1xx_hal_cortex.o
 .debug_info    0x0000000000006526      0x69b Drivers/STM32F1xx_HAL_Driver/Src/stm32f1xx_hal_gpio.o
 .debug_info    0x0000000000006bc1     0x2555 Drivers/STM32F1xx_HAL_Driver/Src/stm32f1xx_hal_i2c.o
 .debug_info    0x0000000000009116      0x80f Drivers/STM32F1xx_HAL_Driver/Src/stm32f1xx_hal_rcc.o
 .debug_info    0x0000000000009925     0x27ef Drivers/STM32F1xx_HAL_Driver/Src/stm32f1xx_hal_tim.o
 .debug_info    0x000000000000c114     0x136f Drivers/STM32F1xx_HAL_Driver/Src/stm32f1xx_hal_tim_ex.o
 .debug_info    0x000000000000d483      0x20c D:\github\CMSIS\CMSIS\Lib\GCC\libarm_cortexM3l_math.a(arm_mat_trans_f32.o)
 .debug_info    0x000000000000d68f      0x265 D:\github\CMSIS\CMSIS\Lib\GCC\libarm_cortexM3l_math.a(arm_mat_sub_f32.o)
 .debug_info    0x000000000000d8f4      0x2a7 D:\github\CMSIS\CMSIS\Lib\GCC\libarm_cortexM3l_math.a(arm_mat_mult_f32.o)
 .debug_info    0x000000000000db9b      0x34f D:\github\CMSIS\CMSIS\Lib\GCC\libarm_cortexM3l_math.a(arm_mat_inverse_f32.o)
 .debug_info    0x000000000000deea      0x150 D:\github\CMSIS\CMSIS\Lib\GCC\libarm_cortexM3l_math.a(arm_mat_init_f32.o)
 .debug_info    0x000000000000e03a      0x265 D:\github\CMSIS\CMSIS\Lib\GCC\libarm_cortexM3l_math.a(arm_mat_add_f32.o)

.debug_abbrev   0x0000000000000000     0x1f31
 .debug_abbrev  0x0000000000000000      0x718 Core/Src/main.o
 .debug_abbrev  0x0000000000000718      0x1b7 Core/Src/stm32f1xx_hal_msp.o
 .debug_abbrev  0x00000000000008cf       0xc6 Core/Src/stm32f1xx_it.o
 .debug_abbrev  0x0000000000000995      0x134 Core/Src/system_stm32f1xx.o
 .debug_abbrev  0x0000000000000ac9       0x12 Core/Startup/startup_stm32f103c8tx.o
 .debug_abbrev  0x0000000000000adb      0x1c7 Drivers/STM32F1xx_HAL_Driver/Src/stm32f1xx_hal.o
 .debug_abbrev  0x0000000000000ca2      0x2d5 Drivers/STM32F1xx_HAL_Driver/Src/stm32f1xx_hal_cortex.o
 .debug_abbrev  0x0000000000000f77      0x1c0 Drivers/STM32F1xx_HAL_Driver/Src/stm32f1xx_hal_gpio.o
 .debug_abbrev  0x0000000000001137      0x258 Drivers/STM32F1xx_HAL_Driver/Src/stm32f1xx_hal_i2c.o
 .debug_abbrev  0x000000000000138f      0x243 Drivers/STM32F1xx_HAL_Driver/Src/stm32f1xx_hal_rcc.o
 .debug_abbrev  0x00000000000015d2      0x230 Drivers/STM32F1xx_HAL_Driver/Src/stm32f1xx_hal_tim.o
 .debug_abbrev  0x0000000000001802      0x236 Drivers/STM32F1xx_HAL_Driver/Src/stm32f1xx_hal_tim_ex.o
 .debug_abbrev  0x0000000000001a38       0xe0 D:\github\CMSIS\CMSIS\Lib\GCC\libarm_cortexM3l_math.a(arm_mat_trans_f32.o)
 .debug_abbrev  0x0000000000001b18       0xc2 D:\github\CMSIS\CMSIS\Lib\GCC\libarm_cortexM3l_math.a(arm_mat_sub_f32.o)
 .debug_abbrev  0x0000000000001bda       0xde D:\github\CMSIS\CMSIS\Lib\GCC\libarm_cortexM3l_math.a(arm_mat_mult_f32.o)
 .debug_abbrev  0x0000000000001cb8      0x114 D:\github\CMSIS\CMSIS\Lib\GCC\libarm_cortexM3l_math.a(arm_mat_inverse_f32.o)
 .debug_abbrev  0x0000000000001dcc       0xa3 D:\github\CMSIS\CMSIS\Lib\GCC\libarm_cortexM3l_math.a(arm_mat_init_f32.o)
 .debug_abbrev  0x0000000000001e6f       0xc2 D:\github\CMSIS\CMSIS\Lib\GCC\libarm_cortexM3l_math.a(arm_mat_add_f32.o)

.debug_aranges  0x0000000000000000      0xd88
 .debug_aranges
                0x0000000000000000      0x138 Core/Src/main.o
 .debug_aranges
                0x0000000000000138       0x40 Core/Src/stm32f1xx_hal_msp.o
 .debug_aranges
                0x0000000000000178       0x60 Core/Src/stm32f1xx_it.o
 .debug_aranges
                0x00000000000001d8       0x28 Core/Src/system_stm32f1xx.o
 .debug_aranges
                0x0000000000000200       0x28 Core/Startup/startup_stm32f103c8tx.o
 .debug_aranges
                0x0000000000000228       0xe0 Drivers/STM32F1xx_HAL_Driver/Src/stm32f1xx_hal.o
 .debug_aranges
                0x0000000000000308      0x100 Drivers/STM32F1xx_HAL_Driver/Src/stm32f1xx_hal_cortex.o
 .debug_aranges
                0x0000000000000408       0x58 Drivers/STM32F1xx_HAL_Driver/Src/stm32f1xx_hal_gpio.o
 .debug_aranges
                0x0000000000000460      0x2a0 Drivers/STM32F1xx_HAL_Driver/Src/stm32f1xx_hal_i2c.o
 .debug_aranges
                0x0000000000000700       0x90 Drivers/STM32F1xx_HAL_Driver/Src/stm32f1xx_hal_rcc.o
 .debug_aranges
                0x0000000000000790      0x3d0 Drivers/STM32F1xx_HAL_Driver/Src/stm32f1xx_hal_tim.o
 .debug_aranges
                0x0000000000000b60      0x168 Drivers/STM32F1xx_HAL_Driver/Src/stm32f1xx_hal_tim_ex.o
 .debug_aranges
                0x0000000000000cc8       0x20 D:\github\CMSIS\CMSIS\Lib\GCC\libarm_cortexM3l_math.a(arm_mat_trans_f32.o)
 .debug_aranges
                0x0000000000000ce8       0x20 D:\github\CMSIS\CMSIS\Lib\GCC\libarm_cortexM3l_math.a(arm_mat_sub_f32.o)
 .debug_aranges
                0x0000000000000d08       0x20 D:\github\CMSIS\CMSIS\Lib\GCC\libarm_cortexM3l_math.a(arm_mat_mult_f32.o)
 .debug_aranges
                0x0000000000000d28       0x20 D:\github\CMSIS\CMSIS\Lib\GCC\libarm_cortexM3l_math.a(arm_mat_inverse_f32.o)
 .debug_aranges
                0x0000000000000d48       0x20 D:\github\CMSIS\CMSIS\Lib\GCC\libarm_cortexM3l_math.a(arm_mat_init_f32.o)
 .debug_aranges
                0x0000000000000d68       0x20 D:\github\CMSIS\CMSIS\Lib\GCC\libarm_cortexM3l_math.a(arm_mat_add_f32.o)

.debug_ranges   0x0000000000000000      0xc98
 .debug_ranges  0x0000000000000000      0x128 Core/Src/main.o
 .debug_ranges  0x0000000000000128       0x30 Core/Src/stm32f1xx_hal_msp.o
 .debug_ranges  0x0000000000000158       0x50 Core/Src/stm32f1xx_it.o
 .debug_ranges  0x00000000000001a8       0x18 Core/Src/system_stm32f1xx.o
 .debug_ranges  0x00000000000001c0       0x20 Core/Startup/startup_stm32f103c8tx.o
 .debug_ranges  0x00000000000001e0       0xd0 Drivers/STM32F1xx_HAL_Driver/Src/stm32f1xx_hal.o
 .debug_ranges  0x00000000000002b0       0xf0 Drivers/STM32F1xx_HAL_Driver/Src/stm32f1xx_hal_cortex.o
 .debug_ranges  0x00000000000003a0       0x48 Drivers/STM32F1xx_HAL_Driver/Src/stm32f1xx_hal_gpio.o
 .debug_ranges  0x00000000000003e8      0x2b8 Drivers/STM32F1xx_HAL_Driver/Src/stm32f1xx_hal_i2c.o
 .debug_ranges  0x00000000000006a0       0x80 Drivers/STM32F1xx_HAL_Driver/Src/stm32f1xx_hal_rcc.o
 .debug_ranges  0x0000000000000720      0x3c0 Drivers/STM32F1xx_HAL_Driver/Src/stm32f1xx_hal_tim.o
 .debug_ranges  0x0000000000000ae0      0x158 Drivers/STM32F1xx_HAL_Driver/Src/stm32f1xx_hal_tim_ex.o
 .debug_ranges  0x0000000000000c38       0x10 D:\github\CMSIS\CMSIS\Lib\GCC\libarm_cortexM3l_math.a(arm_mat_trans_f32.o)
 .debug_ranges  0x0000000000000c48       0x10 D:\github\CMSIS\CMSIS\Lib\GCC\libarm_cortexM3l_math.a(arm_mat_sub_f32.o)
 .debug_ranges  0x0000000000000c58       0x10 D:\github\CMSIS\CMSIS\Lib\GCC\libarm_cortexM3l_math.a(arm_mat_mult_f32.o)
 .debug_ranges  0x0000000000000c68       0x10 D:\github\CMSIS\CMSIS\Lib\GCC\libarm_cortexM3l_math.a(arm_mat_inverse_f32.o)
 .debug_ranges  0x0000000000000c78       0x10 D:\github\CMSIS\CMSIS\Lib\GCC\libarm_cortexM3l_math.a(arm_mat_init_f32.o)
 .debug_ranges  0x0000000000000c88       0x10 D:\github\CMSIS\CMSIS\Lib\GCC\libarm_cortexM3l_math.a(arm_mat_add_f32.o)

.debug_macro    0x0000000000000000    0x19f91
 .debug_macro   0x0000000000000000      0x459 Core/Src/main.o
 .debug_macro   0x0000000000000459      0xb32 Core/Src/main.o
 .debug_macro   0x0000000000000f8b      0x21b Core/Src/main.o
 .debug_macro   0x00000000000011a6       0x2e Core/Src/main.o
 .debug_macro   0x00000000000011d4       0x22 Core/Src/main.o
 .debug_macro   0x00000000000011f6       0x1c Core/Src/main.o
 .debug_macro   0x0000000000001212       0x22 Core/Src/main.o
 .debug_macro   0x0000000000001234       0x8e Core/Src/main.o
 .debug_macro   0x00000000000012c2       0x51 Core/Src/main.o
 .debug_macro   0x0000000000001313       0xef Core/Src/main.o
 .debug_macro   0x0000000000001402       0x6a Core/Src/main.o
 .debug_macro   0x000000000000146c      0x1df Core/Src/main.o
 .debug_macro   0x000000000000164b       0x1c Core/Src/main.o
 .debug_macro   0x0000000000001667       0x22 Core/Src/main.o
 .debug_macro   0x0000000000001689       0xc3 Core/Src/main.o
 .debug_macro   0x000000000000174c      0xd23 Core/Src/main.o
 .debug_macro   0x000000000000246f     0xe097 Core/Src/main.o
 .debug_macro   0x0000000000010506       0x43 Core/Src/main.o
 .debug_macro   0x0000000000010549     0x3468 Core/Src/main.o
 .debug_macro   0x00000000000139b1      0x17b Core/Src/main.o
 .debug_macro   0x0000000000013b2c       0x5c Core/Src/main.o
 .debug_macro   0x0000000000013b88      0x5be Core/Src/main.o
 .debug_macro   0x0000000000014146      0x289 Core/Src/main.o
 .debug_macro   0x00000000000143cf      0x1cb Core/Src/main.o
 .debug_macro   0x000000000001459a      0x114 Core/Src/main.o
 .debug_macro   0x00000000000146ae      0x1b2 Core/Src/main.o
 .debug_macro   0x0000000000014860       0x27 Core/Src/main.o
 .debug_macro   0x0000000000014887      0x136 Core/Src/main.o
 .debug_macro   0x00000000000149bd      0x1bc Core/Src/main.o
 .debug_macro   0x0000000000014b79       0x34 Core/Src/main.o
 .debug_macro   0x0000000000014bad       0x3c Core/Src/main.o
 .debug_macro   0x0000000000014be9       0x57 Core/Src/main.o
 .debug_macro   0x0000000000014c40       0x88 Core/Src/main.o
 .debug_macro   0x0000000000014cc8      0x241 Core/Src/main.o
 .debug_macro   0x0000000000014f09      0x287 Core/Src/main.o
 .debug_macro   0x0000000000015190      0x141 Core/Src/main.o
 .debug_macro   0x00000000000152d1      0x8d1 Core/Src/main.o
 .debug_macro   0x0000000000015ba2       0x83 Core/Src/main.o
 .debug_macro   0x0000000000015c25       0x12 Core/Src/main.o
 .debug_macro   0x0000000000015c37       0x46 Core/Src/main.o
 .debug_macro   0x0000000000015c7d       0x18 Core/Src/main.o
 .debug_macro   0x0000000000015c95       0x3c Core/Src/main.o
 .debug_macro   0x0000000000015cd1       0x34 Core/Src/main.o
 .debug_macro   0x0000000000015d05       0x52 Core/Src/main.o
 .debug_macro   0x0000000000015d57       0x1f Core/Src/main.o
 .debug_macro   0x0000000000015d76       0x43 Core/Src/main.o
 .debug_macro   0x0000000000015db9       0x20 Core/Src/main.o
 .debug_macro   0x0000000000015dd9      0x1a3 Core/Src/main.o
 .debug_macro   0x0000000000015f7c      0x34d Core/Src/main.o
 .debug_macro   0x00000000000162c9       0x10 Core/Src/main.o
 .debug_macro   0x00000000000162d9       0x35 Core/Src/main.o
 .debug_macro   0x000000000001630e       0x20 Core/Src/main.o
 .debug_macro   0x000000000001632e      0x168 Core/Src/main.o
 .debug_macro   0x0000000000016496       0x10 Core/Src/main.o
 .debug_macro   0x00000000000164a6      0x3f4 Core/Src/main.o
 .debug_macro   0x000000000001689a       0x18 Core/Src/main.o
 .debug_macro   0x00000000000168b2      0x1da Core/Src/main.o
 .debug_macro   0x0000000000016a8c       0x10 Core/Src/main.o
 .debug_macro   0x0000000000016a9c       0x16 Core/Src/main.o
 .debug_macro   0x0000000000016ab2       0x16 Core/Src/main.o
 .debug_macro   0x0000000000016ac8       0x29 Core/Src/main.o
 .debug_macro   0x0000000000016af1       0x10 Core/Src/main.o
 .debug_macro   0x0000000000016b01      0x3c7 Core/Src/main.o
 .debug_macro   0x0000000000016ec8       0xe4 Core/Src/main.o
 .debug_macro   0x0000000000016fac       0xf0 Core/Src/main.o
 .debug_macro   0x000000000001709c       0x1c Core/Src/main.o
 .debug_macro   0x00000000000170b8       0x10 Core/Src/main.o
 .debug_macro   0x00000000000170c8       0x10 Core/Src/main.o
 .debug_macro   0x00000000000170d8       0x1c Core/Src/main.o
 .debug_macro   0x00000000000170f4       0x52 Core/Src/main.o
 .debug_macro   0x0000000000017146       0x40 Core/Src/main.o
 .debug_macro   0x0000000000017186       0x10 Core/Src/main.o
 .debug_macro   0x0000000000017196       0x40 Core/Src/main.o
 .debug_macro   0x00000000000171d6       0xd7 Core/Src/main.o
 .debug_macro   0x00000000000172ad       0x1c Core/Src/main.o
 .debug_macro   0x00000000000172c9       0x3d Core/Src/main.o
 .debug_macro   0x0000000000017306       0x16 Core/Src/main.o
 .debug_macro   0x000000000001731c      0x137 Core/Src/main.o
 .debug_macro   0x0000000000017453       0x1e Core/Src/main.o
 .debug_macro   0x0000000000017471       0xca Core/Src/main.o
 .debug_macro   0x000000000001753b      0x1ad Core/Src/stm32f1xx_hal_msp.o
 .debug_macro   0x00000000000176e8      0xa5a Core/Src/stm32f1xx_hal_msp.o
 .debug_macro   0x0000000000018142      0xd23 Core/Src/stm32f1xx_hal_msp.o
 .debug_macro   0x0000000000018e65      0x174 Core/Src/stm32f1xx_hal_msp.o
 .debug_macro   0x0000000000018fd9      0x1b7 Core/Src/stm32f1xx_it.o
 .debug_macro   0x0000000000019190      0x1a3 Core/Src/system_stm32f1xx.o
 .debug_macro   0x0000000000019333      0x1c7 Drivers/STM32F1xx_HAL_Driver/Src/stm32f1xx_hal.o
 .debug_macro   0x00000000000194fa      0x1a3 Drivers/STM32F1xx_HAL_Driver/Src/stm32f1xx_hal_cortex.o
 .debug_macro   0x000000000001969d      0x20e Drivers/STM32F1xx_HAL_Driver/Src/stm32f1xx_hal_gpio.o
 .debug_macro   0x00000000000198ab      0x1ea Drivers/STM32F1xx_HAL_Driver/Src/stm32f1xx_hal_i2c.o
 .debug_macro   0x0000000000019a95      0x1b5 Drivers/STM32F1xx_HAL_Driver/Src/stm32f1xx_hal_rcc.o
 .debug_macro   0x0000000000019c4a      0x1a4 Drivers/STM32F1xx_HAL_Driver/Src/stm32f1xx_hal_tim.o
 .debug_macro   0x0000000000019dee      0x1a3 Drivers/STM32F1xx_HAL_Driver/Src/stm32f1xx_hal_tim_ex.o

.debug_line     0x0000000000000000     0xa4b4
 .debug_line    0x0000000000000000     0x14af Core/Src/main.o
 .debug_line    0x00000000000014af      0x6cc Core/Src/stm32f1xx_hal_msp.o
 .debug_line    0x0000000000001b7b      0x71e Core/Src/stm32f1xx_it.o
 .debug_line    0x0000000000002299      0x69e Core/Src/system_stm32f1xx.o
 .debug_line    0x0000000000002937       0x84 Core/Startup/startup_stm32f103c8tx.o
 .debug_line    0x00000000000029bb      0x851 Drivers/STM32F1xx_HAL_Driver/Src/stm32f1xx_hal.o
 .debug_line    0x000000000000320c      0x928 Drivers/STM32F1xx_HAL_Driver/Src/stm32f1xx_hal_cortex.o
 .debug_line    0x0000000000003b34      0x84d Drivers/STM32F1xx_HAL_Driver/Src/stm32f1xx_hal_gpio.o
 .debug_line    0x0000000000004381     0x1bf7 Drivers/STM32F1xx_HAL_Driver/Src/stm32f1xx_hal_i2c.o
 .debug_line    0x0000000000005f78      0x911 Drivers/STM32F1xx_HAL_Driver/Src/stm32f1xx_hal_rcc.o
 .debug_line    0x0000000000006889     0x1faa Drivers/STM32F1xx_HAL_Driver/Src/stm32f1xx_hal_tim.o
 .debug_line    0x0000000000008833     0x12b8 Drivers/STM32F1xx_HAL_Driver/Src/stm32f1xx_hal_tim_ex.o
 .debug_line    0x0000000000009aeb      0x186 D:\github\CMSIS\CMSIS\Lib\GCC\libarm_cortexM3l_math.a(arm_mat_trans_f32.o)
 .debug_line    0x0000000000009c71      0x192 D:\github\CMSIS\CMSIS\Lib\GCC\libarm_cortexM3l_math.a(arm_mat_sub_f32.o)
 .debug_line    0x0000000000009e03      0x1b4 D:\github\CMSIS\CMSIS\Lib\GCC\libarm_cortexM3l_math.a(arm_mat_mult_f32.o)
 .debug_line    0x0000000000009fb7      0x228 D:\github\CMSIS\CMSIS\Lib\GCC\libarm_cortexM3l_math.a(arm_mat_inverse_f32.o)
 .debug_line    0x000000000000a1df      0x143 D:\github\CMSIS\CMSIS\Lib\GCC\libarm_cortexM3l_math.a(arm_mat_init_f32.o)
 .debug_line    0x000000000000a322      0x192 D:\github\CMSIS\CMSIS\Lib\GCC\libarm_cortexM3l_math.a(arm_mat_add_f32.o)

.debug_str      0x0000000000000000    0x8e203
 .debug_str     0x0000000000000000    0x8af60 Core/Src/main.o
                                      0x8b8b4 (size before relaxing)
 .debug_str     0x000000000008af60      0x271 Core/Src/stm32f1xx_hal_msp.o
                                      0x8342e (size before relaxing)
 .debug_str     0x000000000008b1d1       0xbd Core/Src/stm32f1xx_it.o
                                      0x82c64 (size before relaxing)
 .debug_str     0x000000000008b28e       0x52 Core/Src/system_stm32f1xx.o
                                      0x82c34 (size before relaxing)
 .debug_str     0x000000000008b2e0       0x36 Core/Startup/startup_stm32f103c8tx.o
                                         0x6f (size before relaxing)
 .debug_str     0x000000000008b316      0x556 Drivers/STM32F1xx_HAL_Driver/Src/stm32f1xx_hal.o
                                      0x832c5 (size before relaxing)
 .debug_str     0x000000000008b86c      0x2f7 Drivers/STM32F1xx_HAL_Driver/Src/stm32f1xx_hal_cortex.o
                                      0x832cd (size before relaxing)
 .debug_str     0x000000000008bb63      0x311 Drivers/STM32F1xx_HAL_Driver/Src/stm32f1xx_hal_gpio.o
                                      0x82ff8 (size before relaxing)
 .debug_str     0x000000000008be74      0xb2c Drivers/STM32F1xx_HAL_Driver/Src/stm32f1xx_hal_i2c.o
                                      0x83c70 (size before relaxing)
 .debug_str     0x000000000008c9a0      0x244 Drivers/STM32F1xx_HAL_Driver/Src/stm32f1xx_hal_rcc.o
                                      0x83031 (size before relaxing)
 .debug_str     0x000000000008cbe4      0xde5 Drivers/STM32F1xx_HAL_Driver/Src/stm32f1xx_hal_tim.o
                                      0x84003 (size before relaxing)
 .debug_str     0x000000000008d9c9      0x517 Drivers/STM32F1xx_HAL_Driver/Src/stm32f1xx_hal_tim_ex.o
                                      0x837dd (size before relaxing)
 .debug_str     0x000000000008dee0      0x13e D:\github\CMSIS\CMSIS\Lib\GCC\libarm_cortexM3l_math.a(arm_mat_trans_f32.o)
                                        0x2d1 (size before relaxing)
 .debug_str     0x000000000008e01e       0x74 D:\github\CMSIS\CMSIS\Lib\GCC\libarm_cortexM3l_math.a(arm_mat_sub_f32.o)
                                        0x30c (size before relaxing)
 .debug_str     0x000000000008e092       0x5e D:\github\CMSIS\CMSIS\Lib\GCC\libarm_cortexM3l_math.a(arm_mat_mult_f32.o)
                                        0x2f1 (size before relaxing)
 .debug_str     0x000000000008e0f0       0xa7 D:\github\CMSIS\CMSIS\Lib\GCC\libarm_cortexM3l_math.a(arm_mat_inverse_f32.o)
                                        0x33d (size before relaxing)
 .debug_str     0x000000000008e197       0x37 D:\github\CMSIS\CMSIS\Lib\GCC\libarm_cortexM3l_math.a(arm_mat_init_f32.o)
                                        0x219 (size before relaxing)
 .debug_str     0x000000000008e1ce       0x35 D:\github\CMSIS\CMSIS\Lib\GCC\libarm_cortexM3l_math.a(arm_mat_add_f32.o)
                                        0x30c (size before relaxing)

.comment        0x0000000000000000       0xeb
 .comment       0x0000000000000000       0x7b Core/Src/main.o
                                         0x7c (size before relaxing)
 .comment       0x000000000000007b       0x7c Core/Src/stm32f1xx_hal_msp.o
 .comment       0x000000000000007b       0x7c Core/Src/stm32f1xx_it.o
 .comment       0x000000000000007b       0x7c Core/Src/system_stm32f1xx.o
 .comment       0x000000000000007b       0x7c Drivers/STM32F1xx_HAL_Driver/Src/stm32f1xx_hal.o
 .comment       0x000000000000007b       0x7c Drivers/STM32F1xx_HAL_Driver/Src/stm32f1xx_hal_cortex.o
 .comment       0x000000000000007b       0x7c Drivers/STM32F1xx_HAL_Driver/Src/stm32f1xx_hal_gpio.o
 .comment       0x000000000000007b       0x7c Drivers/STM32F1xx_HAL_Driver/Src/stm32f1xx_hal_i2c.o
 .comment       0x000000000000007b       0x7c Drivers/STM32F1xx_HAL_Driver/Src/stm32f1xx_hal_rcc.o
 .comment       0x000000000000007b       0x7c Drivers/STM32F1xx_HAL_Driver/Src/stm32f1xx_hal_tim.o
 .comment       0x000000000000007b       0x7c Drivers/STM32F1xx_HAL_Driver/Src/stm32f1xx_hal_tim_ex.o
 .comment       0x000000000000007b       0x70 D:\github\CMSIS\CMSIS\Lib\GCC\libarm_cortexM3l_math.a(arm_mat_trans_f32.o)
                                         0x71 (size before relaxing)
 .comment       0x00000000000000eb       0x71 D:\github\CMSIS\CMSIS\Lib\GCC\libarm_cortexM3l_math.a(arm_mat_sub_f32.o)
 .comment       0x00000000000000eb       0x71 D:\github\CMSIS\CMSIS\Lib\GCC\libarm_cortexM3l_math.a(arm_mat_mult_f32.o)
 .comment       0x00000000000000eb       0x71 D:\github\CMSIS\CMSIS\Lib\GCC\libarm_cortexM3l_math.a(arm_mat_inverse_f32.o)
 .comment       0x00000000000000eb       0x71 D:\github\CMSIS\CMSIS\Lib\GCC\libarm_cortexM3l_math.a(arm_mat_init_f32.o)
 .comment       0x00000000000000eb       0x71 D:\github\CMSIS\CMSIS\Lib\GCC\libarm_cortexM3l_math.a(arm_mat_add_f32.o)

.debug_frame    0x0000000000000000     0x3db0
 .debug_frame   0x0000000000000000      0x554 Core/Src/main.o
 .debug_frame   0x0000000000000554       0xd0 Core/Src/stm32f1xx_hal_msp.o
 .debug_frame   0x0000000000000624      0x104 Core/Src/stm32f1xx_it.o
 .debug_frame   0x0000000000000728       0x58 Core/Src/system_stm32f1xx.o
 .debug_frame   0x0000000000000780      0x334 Drivers/STM32F1xx_HAL_Driver/Src/stm32f1xx_hal.o
 .debug_frame   0x0000000000000ab4      0x428 Drivers/STM32F1xx_HAL_Driver/Src/stm32f1xx_hal_cortex.o
 .debug_frame   0x0000000000000edc      0x14c Drivers/STM32F1xx_HAL_Driver/Src/stm32f1xx_hal_gpio.o
 .debug_frame   0x0000000000001028      0xc54 Drivers/STM32F1xx_HAL_Driver/Src/stm32f1xx_hal_i2c.o
 .debug_frame   0x0000000000001c7c      0x21c Drivers/STM32F1xx_HAL_Driver/Src/stm32f1xx_hal_rcc.o
 .debug_frame   0x0000000000001e98     0x11b8 Drivers/STM32F1xx_HAL_Driver/Src/stm32f1xx_hal_tim.o
 .debug_frame   0x0000000000003050      0x638 Drivers/STM32F1xx_HAL_Driver/Src/stm32f1xx_hal_tim_ex.o
 .debug_frame   0x0000000000003688       0x44 D:\github\CMSIS\CMSIS\Lib\GCC\libarm_cortexM3l_math.a(arm_mat_trans_f32.o)
 .debug_frame   0x00000000000036cc       0x44 D:\github\CMSIS\CMSIS\Lib\GCC\libarm_cortexM3l_math.a(arm_mat_sub_f32.o)
 .debug_frame   0x0000000000003710       0x44 D:\github\CMSIS\CMSIS\Lib\GCC\libarm_cortexM3l_math.a(arm_mat_mult_f32.o)
 .debug_frame   0x0000000000003754       0x40 D:\github\CMSIS\CMSIS\Lib\GCC\libarm_cortexM3l_math.a(arm_mat_inverse_f32.o)
 .debug_frame   0x0000000000003794       0x20 D:\github\CMSIS\CMSIS\Lib\GCC\libarm_cortexM3l_math.a(arm_mat_init_f32.o)
 .debug_frame   0x00000000000037b4       0x44 D:\github\CMSIS\CMSIS\Lib\GCC\libarm_cortexM3l_math.a(arm_mat_add_f32.o)
 .debug_frame   0x00000000000037f8       0x20 c:/st/stm32cubeide_1.4.0/stm32cubeide/plugins/com.st.stm32cube.ide.mcu.externaltools.gnu-tools-for-stm32.7-2018-q2-update.win32_1.5.0.202011040924/tools/bin/../lib/gcc/arm-none-eabi/7.3.1/../../../../arm-none-eabi/lib/thumb/v7-m\libstdc++_nano.a(del_ops.o)
 .debug_frame   0x0000000000003818       0x20 c:/st/stm32cubeide_1.4.0/stm32cubeide/plugins/com.st.stm32cube.ide.mcu.externaltools.gnu-tools-for-stm32.7-2018-q2-update.win32_1.5.0.202011040924/tools/bin/../lib/gcc/arm-none-eabi/7.3.1/../../../../arm-none-eabi/lib/thumb/v7-m\libstdc++_nano.a(del_op.o)
 .debug_frame   0x0000000000003838       0x30 c:/st/stm32cubeide_1.4.0/stm32cubeide/plugins/com.st.stm32cube.ide.mcu.externaltools.gnu-tools-for-stm32.7-2018-q2-update.win32_1.5.0.202011040924/tools/bin/../lib/gcc/arm-none-eabi/7.3.1/../../../../arm-none-eabi/lib/thumb/v7-m\libm.a(lib_a-sf_atan.o)
 .debug_frame   0x0000000000003868       0x20 c:/st/stm32cubeide_1.4.0/stm32cubeide/plugins/com.st.stm32cube.ide.mcu.externaltools.gnu-tools-for-stm32.7-2018-q2-update.win32_1.5.0.202011040924/tools/bin/../lib/gcc/arm-none-eabi/7.3.1/../../../../arm-none-eabi/lib/thumb/v7-m\libm.a(lib_a-sf_fabs.o)
 .debug_frame   0x0000000000003888       0x34 c:/st/stm32cubeide_1.4.0/stm32cubeide/plugins/com.st.stm32cube.ide.mcu.externaltools.gnu-tools-for-stm32.7-2018-q2-update.win32_1.5.0.202011040924/tools/bin/../lib/gcc/arm-none-eabi/7.3.1/../../../../arm-none-eabi/lib/thumb/v7-m\libm.a(lib_a-wf_asin.o)
 .debug_frame   0x00000000000038bc       0x20 c:/st/stm32cubeide_1.4.0/stm32cubeide/plugins/com.st.stm32cube.ide.mcu.externaltools.gnu-tools-for-stm32.7-2018-q2-update.win32_1.5.0.202011040924/tools/bin/../lib/gcc/arm-none-eabi/7.3.1/../../../../arm-none-eabi/lib/thumb/v7-m\libm.a(lib_a-wf_atan2.o)
 .debug_frame   0x00000000000038dc       0x38 c:/st/stm32cubeide_1.4.0/stm32cubeide/plugins/com.st.stm32cube.ide.mcu.externaltools.gnu-tools-for-stm32.7-2018-q2-update.win32_1.5.0.202011040924/tools/bin/../lib/gcc/arm-none-eabi/7.3.1/../../../../arm-none-eabi/lib/thumb/v7-m\libm.a(lib_a-wf_sqrt.o)
 .debug_frame   0x0000000000003914       0x34 c:/st/stm32cubeide_1.4.0/stm32cubeide/plugins/com.st.stm32cube.ide.mcu.externaltools.gnu-tools-for-stm32.7-2018-q2-update.win32_1.5.0.202011040924/tools/bin/../lib/gcc/arm-none-eabi/7.3.1/../../../../arm-none-eabi/lib/thumb/v7-m\libm.a(lib_a-ef_asin.o)
 .debug_frame   0x0000000000003948       0x3c c:/st/stm32cubeide_1.4.0/stm32cubeide/plugins/com.st.stm32cube.ide.mcu.externaltools.gnu-tools-for-stm32.7-2018-q2-update.win32_1.5.0.202011040924/tools/bin/../lib/gcc/arm-none-eabi/7.3.1/../../../../arm-none-eabi/lib/thumb/v7-m\libm.a(lib_a-ef_atan2.o)
 .debug_frame   0x0000000000003984       0x2c c:/st/stm32cubeide_1.4.0/stm32cubeide/plugins/com.st.stm32cube.ide.mcu.externaltools.gnu-tools-for-stm32.7-2018-q2-update.win32_1.5.0.202011040924/tools/bin/../lib/gcc/arm-none-eabi/7.3.1/../../../../arm-none-eabi/lib/thumb/v7-m\libm.a(lib_a-ef_sqrt.o)
 .debug_frame   0x00000000000039b0       0x20 c:/st/stm32cubeide_1.4.0/stm32cubeide/plugins/com.st.stm32cube.ide.mcu.externaltools.gnu-tools-for-stm32.7-2018-q2-update.win32_1.5.0.202011040924/tools/bin/../lib/gcc/arm-none-eabi/7.3.1/../../../../arm-none-eabi/lib/thumb/v7-m\libm.a(lib_a-s_matherr.o)
 .debug_frame   0x00000000000039d0       0x20 c:/st/stm32cubeide_1.4.0/stm32cubeide/plugins/com.st.stm32cube.ide.mcu.externaltools.gnu-tools-for-stm32.7-2018-q2-update.win32_1.5.0.202011040924/tools/bin/../lib/gcc/arm-none-eabi/7.3.1/../../../../arm-none-eabi/lib/thumb/v7-m\libm.a(lib_a-s_nan.o)
 .debug_frame   0x00000000000039f0       0x20 c:/st/stm32cubeide_1.4.0/stm32cubeide/plugins/com.st.stm32cube.ide.mcu.externaltools.gnu-tools-for-stm32.7-2018-q2-update.win32_1.5.0.202011040924/tools/bin/../lib/gcc/arm-none-eabi/7.3.1/../../../../arm-none-eabi/lib/thumb/v7-m\libc_nano.a(lib_a-errno.o)
 .debug_frame   0x0000000000003a10       0x2c c:/st/stm32cubeide_1.4.0/stm32cubeide/plugins/com.st.stm32cube.ide.mcu.externaltools.gnu-tools-for-stm32.7-2018-q2-update.win32_1.5.0.202011040924/tools/bin/../lib/gcc/arm-none-eabi/7.3.1/../../../../arm-none-eabi/lib/thumb/v7-m\libc_nano.a(lib_a-init.o)
 .debug_frame   0x0000000000003a3c       0x30 c:/st/stm32cubeide_1.4.0/stm32cubeide/plugins/com.st.stm32cube.ide.mcu.externaltools.gnu-tools-for-stm32.7-2018-q2-update.win32_1.5.0.202011040924/tools/bin/../lib/gcc/arm-none-eabi/7.3.1/../../../../arm-none-eabi/lib/thumb/v7-m\libc_nano.a(lib_a-malloc.o)
 .debug_frame   0x0000000000003a6c       0x20 c:/st/stm32cubeide_1.4.0/stm32cubeide/plugins/com.st.stm32cube.ide.mcu.externaltools.gnu-tools-for-stm32.7-2018-q2-update.win32_1.5.0.202011040924/tools/bin/../lib/gcc/arm-none-eabi/7.3.1/../../../../arm-none-eabi/lib/thumb/v7-m\libc_nano.a(lib_a-memset.o)
 .debug_frame   0x0000000000003a8c       0x38 c:/st/stm32cubeide_1.4.0/stm32cubeide/plugins/com.st.stm32cube.ide.mcu.externaltools.gnu-tools-for-stm32.7-2018-q2-update.win32_1.5.0.202011040924/tools/bin/../lib/gcc/arm-none-eabi/7.3.1/../../../../arm-none-eabi/lib/thumb/v7-m\libc_nano.a(lib_a-nano-freer.o)
 .debug_frame   0x0000000000003ac4       0x2c c:/st/stm32cubeide_1.4.0/stm32cubeide/plugins/com.st.stm32cube.ide.mcu.externaltools.gnu-tools-for-stm32.7-2018-q2-update.win32_1.5.0.202011040924/tools/bin/../lib/gcc/arm-none-eabi/7.3.1/../../../../arm-none-eabi/lib/thumb/v7-m\libc_nano.a(lib_a-nano-mallocr.o)
 .debug_frame   0x0000000000003af0       0x30 c:/st/stm32cubeide_1.4.0/stm32cubeide/plugins/com.st.stm32cube.ide.mcu.externaltools.gnu-tools-for-stm32.7-2018-q2-update.win32_1.5.0.202011040924/tools/bin/../lib/gcc/arm-none-eabi/7.3.1/../../../../arm-none-eabi/lib/thumb/v7-m\libc_nano.a(lib_a-mlock.o)
 .debug_frame   0x0000000000003b20       0xac c:/st/stm32cubeide_1.4.0/stm32cubeide/plugins/com.st.stm32cube.ide.mcu.externaltools.gnu-tools-for-stm32.7-2018-q2-update.win32_1.5.0.202011040924/tools/bin/../lib/gcc/arm-none-eabi/7.3.1/thumb/v7-m\libgcc.a(_arm_addsubdf3.o)
 .debug_frame   0x0000000000003bcc       0x50 c:/st/stm32cubeide_1.4.0/stm32cubeide/plugins/com.st.stm32cube.ide.mcu.externaltools.gnu-tools-for-stm32.7-2018-q2-update.win32_1.5.0.202011040924/tools/bin/../lib/gcc/arm-none-eabi/7.3.1/thumb/v7-m\libgcc.a(_arm_muldivdf3.o)
 .debug_frame   0x0000000000003c1c       0x24 c:/st/stm32cubeide_1.4.0/stm32cubeide/plugins/com.st.stm32cube.ide.mcu.externaltools.gnu-tools-for-stm32.7-2018-q2-update.win32_1.5.0.202011040924/tools/bin/../lib/gcc/arm-none-eabi/7.3.1/thumb/v7-m\libgcc.a(_arm_truncdfsf2.o)
 .debug_frame   0x0000000000003c40       0x4c c:/st/stm32cubeide_1.4.0/stm32cubeide/plugins/com.st.stm32cube.ide.mcu.externaltools.gnu-tools-for-stm32.7-2018-q2-update.win32_1.5.0.202011040924/tools/bin/../lib/gcc/arm-none-eabi/7.3.1/thumb/v7-m\libgcc.a(_arm_addsubsf3.o)
 .debug_frame   0x0000000000003c8c       0x38 c:/st/stm32cubeide_1.4.0/stm32cubeide/plugins/com.st.stm32cube.ide.mcu.externaltools.gnu-tools-for-stm32.7-2018-q2-update.win32_1.5.0.202011040924/tools/bin/../lib/gcc/arm-none-eabi/7.3.1/thumb/v7-m\libgcc.a(_arm_muldivsf3.o)
 .debug_frame   0x0000000000003cc4       0xc8 c:/st/stm32cubeide_1.4.0/stm32cubeide/plugins/com.st.stm32cube.ide.mcu.externaltools.gnu-tools-for-stm32.7-2018-q2-update.win32_1.5.0.202011040924/tools/bin/../lib/gcc/arm-none-eabi/7.3.1/thumb/v7-m\libgcc.a(_arm_cmpsf2.o)
 .debug_frame   0x0000000000003d8c       0x24 c:/st/stm32cubeide_1.4.0/stm32cubeide/plugins/com.st.stm32cube.ide.mcu.externaltools.gnu-tools-for-stm32.7-2018-q2-update.win32_1.5.0.202011040924/tools/bin/../lib/gcc/arm-none-eabi/7.3.1/thumb/v7-m\libgcc.a(_arm_unordsf2.o)

.debug_loc      0x0000000000000000     0x148c
 .debug_loc     0x0000000000000000      0x23f D:\github\CMSIS\CMSIS\Lib\GCC\libarm_cortexM3l_math.a(arm_mat_trans_f32.o)
 .debug_loc     0x000000000000023f      0x313 D:\github\CMSIS\CMSIS\Lib\GCC\libarm_cortexM3l_math.a(arm_mat_sub_f32.o)
 .debug_loc     0x0000000000000552      0x44e D:\github\CMSIS\CMSIS\Lib\GCC\libarm_cortexM3l_math.a(arm_mat_mult_f32.o)
 .debug_loc     0x00000000000009a0      0x7d9 D:\github\CMSIS\CMSIS\Lib\GCC\libarm_cortexM3l_math.a(arm_mat_inverse_f32.o)
 .debug_loc     0x0000000000001179      0x313 D:\github\CMSIS\CMSIS\Lib\GCC\libarm_cortexM3l_math.a(arm_mat_add_f32.o)
