cmath:106:3:constexpr float std::asin(float)	16	static
cmath:125:3:constexpr float std::atan(float)	16	static
cmath:144:3:constexpr float std::atan2(float, float)	16	static
cmath:463:3:constexpr float std::sqrt(float)	16	static
cmath:618:3:constexpr bool std::isnan(float)	16	static
mpu_data_type.hpp:59:8:char* ftoa(double, char*, int)	56	static
mpu_data_type.hpp:201:7:float invSqrt(float)	32	static
LPF.hpp:51:1:LPF::LPF()	16	static
mpu9250.hpp:143:16:uint8_t wait_for_gpio_state_timeout(GPIO_TypeDef*, uint16_t, GPIO_PinState, uint32_t)	32	static,ignoring_inline_asm
mpu9250.hpp:247:6:char init_MPU()	64	static
mpu9250.hpp:357:6:void adding_raw()	8	static
mpu9250.hpp:366:6:void delete_raw()	8	static
mpu9250.hpp:377:10:IMU_data process_MPU(bool, bool)	56	static
mpu9250.hpp:436:10:MAG_data magnet_get_raw()	48	static
mpu9250.hpp:466:10:MAG_data process_magnet()	72	static
mpu9250.hpp:501:13:EULER_angle complementary_filter(IMU_data, float, float)	32	static
mpu9250.hpp:529:6:void notify_state(AHRS_con)	24	static
mpu9250.hpp:541:10:AHRS_con check_AHRS(bool)	32	static
mpu9250.hpp:573:13:EULER_angle quat2euler(quaternion)	72	static
mpu9250.hpp:609:16:IMU_calib_data calibration_IMU()	64	static
EKF2.h:103:7:void EKF2::loadEKF()	24	static
EKF2.h:134:7:void EKF2::updateEKF(IMU_data, MAG_data, float)	128	static
EKF2.h:330:14:EULER_angle EKF2::getAngle1(float, float, float, float)	64	static
EKF2.h:366:1:EKF2::EKF2()	16	static
EKF2.h:369:1:EKF2::~EKF2()	16	static
EKF2.h:369:1:virtual EKF2::~EKF2()	16	static
calib_magnet.h:3:6:void calib_magnet()	3520	static
main.cpp:77:5:int main()	56	static
main.cpp:130:6:void SystemClock_Config()	112	static
main.cpp:178:13:void MX_I2C1_Init()	8	static
main.cpp:224:13:void MX_GPIO_Init()	16	static
main.cpp:241:6:void Error_Handler()	8	static,ignoring_inline_asm
main.cpp:250:1:void __static_initialization_and_destruction_0(int, int)	16	static
main.cpp:250:1:cpp)	8	static
main.cpp:250:1:cpp)	8	static
