gps.h:34:6:substring	32	static
gps.h:44:6:process_NMEA	136	static
uart_dma.h:19:6:UARTTXInit	8	static
uart_dma.h:23:6:UARTTxData	16	static
uart_dma.h:32:6:UARTAddToTxBuff	16	static
uart_dma.h:39:6:UARTTxComplete	8	static
uart_dma.h:47:6:HAL_UART_TxCpltCallback	16	static
main.c:88:6:HAL_UART_RxCpltCallback	96	static
main.c:132:5:main	16	static
main.c:193:6:SystemClock_Config	72	static
main.c:232:13:MX_SPI1_Init	8	static
main.c:270:13:MX_SPI2_Init	8	static
main.c:308:13:MX_TIM2_Init	56	static
main.c:357:13:MX_TIM3_Init	56	static
main.c:406:13:MX_USART1_UART_Init	8	static
main.c:439:13:MX_USART2_UART_Init	8	static
main.c:472:13:MX_USART3_UART_Init	8	static
main.c:503:13:MX_DMA_Init	16	static
main.c:524:13:MX_GPIO_Init	40	static
main.c:563:6:Error_Handler	4	static,ignoring_inline_asm
