Archive member included to satisfy reference by file (symbol)

D:\github\CMSIS\CMSIS\Lib\GCC\libarm_cortexM0l_math.a(arm_mat_trans_f32.o)
                              Core/Src/main.o (arm_mat_trans_f32)
D:\github\CMSIS\CMSIS\Lib\GCC\libarm_cortexM0l_math.a(arm_mat_sub_f32.o)
                              Core/Src/main.o (arm_mat_sub_f32)
D:\github\CMSIS\CMSIS\Lib\GCC\libarm_cortexM0l_math.a(arm_mat_mult_f32.o)
                              Core/Src/main.o (arm_mat_mult_f32)
D:\github\CMSIS\CMSIS\Lib\GCC\libarm_cortexM0l_math.a(arm_mat_inverse_f32.o)
                              Core/Src/main.o (arm_mat_inverse_f32)
D:\github\CMSIS\CMSIS\Lib\GCC\libarm_cortexM0l_math.a(arm_mat_init_f32.o)
                              Core/Src/main.o (arm_mat_init_f32)
D:\github\CMSIS\CMSIS\Lib\GCC\libarm_cortexM0l_math.a(arm_mat_add_f32.o)
                              Core/Src/main.o (arm_mat_add_f32)
c:/st/stm32cubeide_1.4.0/stm32cubeide/plugins/com.st.stm32cube.ide.mcu.externaltools.gnu-tools-for-stm32.7-2018-q2-update.win32_1.5.0.202011040924/tools/bin/../lib/gcc/arm-none-eabi/7.3.1/../../../../arm-none-eabi/lib/thumb/v6-m\libstdc++_nano.a(del_ops.o)
                              Core/Src/main.o (operator delete(void*, unsigned int))
c:/st/stm32cubeide_1.4.0/stm32cubeide/plugins/com.st.stm32cube.ide.mcu.externaltools.gnu-tools-for-stm32.7-2018-q2-update.win32_1.5.0.202011040924/tools/bin/../lib/gcc/arm-none-eabi/7.3.1/../../../../arm-none-eabi/lib/thumb/v6-m\libstdc++_nano.a(del_op.o)
                              c:/st/stm32cubeide_1.4.0/stm32cubeide/plugins/com.st.stm32cube.ide.mcu.externaltools.gnu-tools-for-stm32.7-2018-q2-update.win32_1.5.0.202011040924/tools/bin/../lib/gcc/arm-none-eabi/7.3.1/../../../../arm-none-eabi/lib/thumb/v6-m\libstdc++_nano.a(del_ops.o) (operator delete(void*))
c:/st/stm32cubeide_1.4.0/stm32cubeide/plugins/com.st.stm32cube.ide.mcu.externaltools.gnu-tools-for-stm32.7-2018-q2-update.win32_1.5.0.202011040924/tools/bin/../lib/gcc/arm-none-eabi/7.3.1/../../../../arm-none-eabi/lib/thumb/v6-m\libm.a(lib_a-sf_atan.o)
                              Core/Src/main.o (atanf)
c:/st/stm32cubeide_1.4.0/stm32cubeide/plugins/com.st.stm32cube.ide.mcu.externaltools.gnu-tools-for-stm32.7-2018-q2-update.win32_1.5.0.202011040924/tools/bin/../lib/gcc/arm-none-eabi/7.3.1/../../../../arm-none-eabi/lib/thumb/v6-m\libm.a(lib_a-sf_fabs.o)
                              c:/st/stm32cubeide_1.4.0/stm32cubeide/plugins/com.st.stm32cube.ide.mcu.externaltools.gnu-tools-for-stm32.7-2018-q2-update.win32_1.5.0.202011040924/tools/bin/../lib/gcc/arm-none-eabi/7.3.1/../../../../arm-none-eabi/lib/thumb/v6-m\libm.a(lib_a-sf_atan.o) (fabsf)
c:/st/stm32cubeide_1.4.0/stm32cubeide/plugins/com.st.stm32cube.ide.mcu.externaltools.gnu-tools-for-stm32.7-2018-q2-update.win32_1.5.0.202011040924/tools/bin/../lib/gcc/arm-none-eabi/7.3.1/../../../../arm-none-eabi/lib/thumb/v6-m\libm.a(lib_a-w_sqrt.o)
                              Core/Src/main.o (sqrt)
c:/st/stm32cubeide_1.4.0/stm32cubeide/plugins/com.st.stm32cube.ide.mcu.externaltools.gnu-tools-for-stm32.7-2018-q2-update.win32_1.5.0.202011040924/tools/bin/../lib/gcc/arm-none-eabi/7.3.1/../../../../arm-none-eabi/lib/thumb/v6-m\libm.a(lib_a-wf_asin.o)
                              Core/Src/main.o (asinf)
c:/st/stm32cubeide_1.4.0/stm32cubeide/plugins/com.st.stm32cube.ide.mcu.externaltools.gnu-tools-for-stm32.7-2018-q2-update.win32_1.5.0.202011040924/tools/bin/../lib/gcc/arm-none-eabi/7.3.1/../../../../arm-none-eabi/lib/thumb/v6-m\libm.a(lib_a-wf_atan2.o)
                              Core/Src/main.o (atan2f)
c:/st/stm32cubeide_1.4.0/stm32cubeide/plugins/com.st.stm32cube.ide.mcu.externaltools.gnu-tools-for-stm32.7-2018-q2-update.win32_1.5.0.202011040924/tools/bin/../lib/gcc/arm-none-eabi/7.3.1/../../../../arm-none-eabi/lib/thumb/v6-m\libm.a(lib_a-wf_sqrt.o)
                              Core/Src/main.o (sqrtf)
c:/st/stm32cubeide_1.4.0/stm32cubeide/plugins/com.st.stm32cube.ide.mcu.externaltools.gnu-tools-for-stm32.7-2018-q2-update.win32_1.5.0.202011040924/tools/bin/../lib/gcc/arm-none-eabi/7.3.1/../../../../arm-none-eabi/lib/thumb/v6-m\libm.a(lib_a-e_sqrt.o)
                              c:/st/stm32cubeide_1.4.0/stm32cubeide/plugins/com.st.stm32cube.ide.mcu.externaltools.gnu-tools-for-stm32.7-2018-q2-update.win32_1.5.0.202011040924/tools/bin/../lib/gcc/arm-none-eabi/7.3.1/../../../../arm-none-eabi/lib/thumb/v6-m\libm.a(lib_a-w_sqrt.o) (__ieee754_sqrt)
c:/st/stm32cubeide_1.4.0/stm32cubeide/plugins/com.st.stm32cube.ide.mcu.externaltools.gnu-tools-for-stm32.7-2018-q2-update.win32_1.5.0.202011040924/tools/bin/../lib/gcc/arm-none-eabi/7.3.1/../../../../arm-none-eabi/lib/thumb/v6-m\libm.a(lib_a-ef_asin.o)
[...]
Memory Configuration

Name             Origin             Length             Attributes
RAM              0x0000000020000000 0x0000000000002000 xrw
FLASH            0x0000000008000000 0x0000000000010000 xr
*default*        0x0000000000000000 0xffffffffffffffff

Linker script and memory map

LOAD c:/st/stm32cubeide_1.4.0/stm32cubeide/plugins/com.st.stm32cube.ide.mcu.externaltools.gnu-tools-for-stm32.7-2018-q2-update.win32_1.5.0.202011040924/tools/bin/../lib/gcc/arm-none-eabi/7.3.1/thumb/v6-m/crti.o
LOAD c:/st/stm32cubeide_1.4.0/stm32cubeide/plugins/com.st.stm32cube.ide.mcu.externaltools.gnu-tools-for-stm32.7-2018-q2-update.win32_1.5.0.202011040924/tools/bin/../lib/gcc/arm-none-eabi/7.3.1/thumb/v6-m/crtbegin.o
LOAD c:/st/stm32cubeide_1.4.0/stm32cubeide/plugins/com.st.stm32cube.ide.mcu.externaltools.gnu-tools-for-stm32.7-2018-q2-update.win32_1.5.0.202011040924/tools/bin/../lib/gcc/arm-none-eabi/7.3.1/../../../../arm-none-eabi/lib/thumb/v6-m/crt0.o
LOAD Core/Src/main.o
LOAD Core/Src/stm32g0xx_hal_msp.o
LOAD Core/Src/stm32g0xx_it.o
LOAD Core/Src/syscalls.o
LOAD Core/Src/sysmem.o
LOAD Core/Src/system_stm32g0xx.o
LOAD Core/Startup/startup_stm32g030c8tx.o
LOAD Drivers/STM32G0xx_HAL_Driver/Src/stm32g0xx_hal.o
LOAD Drivers/STM32G0xx_HAL_Driver/Src/stm32g0xx_hal_cortex.o
LOAD Drivers/STM32G0xx_HAL_Driver/Src/stm32g0xx_hal_dma.o
LOAD Drivers/STM32G0xx_HAL_Driver/Src/stm32g0xx_hal_dma_ex.o
LOAD Drivers/STM32G0xx_HAL_Driver/Src/stm32g0xx_hal_exti.o
LOAD Drivers/STM32G0xx_HAL_Driver/Src/stm32g0xx_hal_flash.o
LOAD Drivers/STM32G0xx_HAL_Driver/Src/stm32g0xx_hal_flash_ex.o
LOAD Drivers/STM32G0xx_HAL_Driver/Src/stm32g0xx_hal_gpio.o
LOAD Drivers/STM32G0xx_HAL_Driver/Src/stm32g0xx_hal_i2c.o
LOAD Drivers/STM32G0xx_HAL_Driver/Src/stm32g0xx_hal_i2c_ex.o
LOAD Drivers/STM32G0xx_HAL_Driver/Src/stm32g0xx_hal_pwr.o
LOAD Drivers/STM32G0xx_HAL_Driver/Src/stm32g0xx_hal_pwr_ex.o
LOAD Drivers/STM32G0xx_HAL_Driver/Src/stm32g0xx_hal_rcc.o
LOAD Drivers/STM32G0xx_HAL_Driver/Src/stm32g0xx_hal_rcc_ex.o
LOAD Drivers/STM32G0xx_HAL_Driver/Src/stm32g0xx_hal_tim.o
LOAD Drivers/STM32G0xx_HAL_Driver/Src/stm32g0xx_hal_tim_ex.o
LOAD Drivers/STM32G0xx_HAL_Driver/Src/stm32g0xx_ll_dma.o
LOAD Drivers/STM32G0xx_HAL_Driver/Src/stm32g0xx_ll_rcc.o
LOAD D:\github\CMSIS\CMSIS\Lib\GCC\libarm_cortexM0l_math.a
START GROUP
LOAD c:/st/stm32cubeide_1.4.0/stm32cubeide/plugins/com.st.stm32cube.ide.mcu.externaltools.gnu-tools-for-stm32.7-2018-q2-update.win32_1.5.0.202011040924/tools/bin/../lib/gcc/arm-none-eabi/7.3.1/../../../../arm-none-eabi/lib/thumb/v6-m\libstdc++_nano.a
LOAD c:/st/stm32cubeide_1.4.0/stm32cubeide/plugins/com.st.stm32cube.ide.mcu.externaltools.gnu-tools-for-stm32.7-2018-q2-update.win32_1.5.0.202011040924/tools/bin/../lib/gcc/arm-none-eabi/7.3.1/../../../../arm-none-eabi/lib/thumb/v6-m\libsupc++_nano.a
END GROUP
LOAD c:/st/stm32cubeide_1.4.0/stm32cubeide/plugins/com.st.stm32cube.ide.mcu.externaltools.gnu-tools-for-stm32.7-2018-q2-update.win32_1.5.0.202011040924/tools/bin/../lib/gcc/arm-none-eabi/7.3.1/../../../../arm-none-eabi/lib/thumb/v6-m\libstdc++_nano.a
LOAD c:/st/stm32cubeide_1.4.0/stm32cubeide/plugins/com.st.stm32cube.ide.mcu.externaltools.gnu-tools-for-stm32.7-2018-q2-update.win32_1.5.0.202011040924/tools/bin/../lib/gcc/arm-none-eabi/7.3.1/../../../../arm-none-eabi/lib/thumb/v6-m\libm.a
LOAD c:/st/stm32cubeide_1.4.0/stm32cubeide/plugins/com.st.stm32cube.ide.mcu.externaltools.gnu-tools-for-stm32.7-2018-q2-update.win32_1.5.0.202011040924/tools/bin/../lib/gcc/arm-none-eabi/7.3.1/../../../../arm-none-eabi/lib/thumb/v6-m\libc_nano.a
START GROUP
LOAD c:/st/stm32cubeide_1.4.0/stm32cubeide/plugins/com.st.stm32cube.ide.mcu.externaltools.gnu-tools-for-stm32.7-2018-q2-update.win32_1.5.0.202011040924/tools/bin/../lib/gcc/arm-none-eabi/7.3.1/thumb/v6-m\libgcc.a
LOAD c:/st/stm32cubeide_1.4.0/stm32cubeide/plugins/com.st.stm32cube.ide.mcu.externaltools.gnu-tools-for-stm32.7-2018-q2-update.win32_1.5.0.202011040924/tools/bin/../lib/gcc/arm-none-eabi/7.3.1/../../../../arm-none-eabi/lib/thumb/v6-m\libc_nano.a
END GROUP
START GROUP
LOAD c:/st/stm32cubeide_1.4.0/stm32cubeide/plugins/com.st.stm32cube.ide.mcu.externaltools.gnu-tools-for-stm32.7-2018-q2-update.win32_1.5.0.202011040924/tools/bin/../lib/gcc/arm-none-eabi/7.3.1/thumb/v6-m\libgcc.a
LOAD c:/st/stm32cubeide_1.4.0/stm32cubeide/plugins/com.st.stm32cube.ide.mcu.externaltools.gnu-tools-for-stm32.7-2018-q2-update.win32_1.5.0.202011040924/tools/bin/../lib/gcc/arm-none-eabi/7.3.1/../../../../arm-none-eabi/lib/thumb/v6-m\libc_nano.a
END GROUP
LOAD c:/st/stm32cubeide_1.4.0/stm32cubeide/plugins/com.st.stm32cube.ide.mcu.externaltools.gnu-tools-for-stm32.7-2018-q2-update.win32_1.5.0.202011040924/tools/bin/../lib/gcc/arm-none-eabi/7.3.1/thumb/v6-m/crtend.o
LOAD c:/st/stm32cubeide_1.4.0/stm32cubeide/plugins/com.st.stm32cube.ide.mcu.externaltools.gnu-tools-for-stm32.7-2018-q2-update.win32_1.5.0.202011040924/tools/bin/../lib/gcc/arm-none-eabi/7.3.1/thumb/v6-m/crtn.o
                0x0000000020002000                _estack = (ORIGIN (RAM) + LENGTH (RAM))
                0x0000000000000200                _Min_Heap_Size = 0x200
                0x0000000000000400                _Min_Stack_Size = 0x400

.isr_vector     0x0000000008000000       0xb8
                0x0000000008000000                . = ALIGN (0x4)
 *(.isr_vector)
 .isr_vector    0x0000000008000000       0xb8 Core/Startup/startup_stm32g030c8tx.o
                0x0000000008000000                g_pfnVectors
                0x00000000080000b8                . = ALIGN (0x4)

.text           0x00000000080000b8     0x5460
                0x00000000080000b8                . = ALIGN (0x4)
 *(.text)
 .text          0x00000000080000b8       0x48 c:/st/stm32cubeide_1.4.0/stm32cubeide/plugins/com.st.stm32cube.ide.mcu.externaltools.gnu-tools-for-stm32.7-2018-q2-update.win32_1.5.0.202011040924/tools/bin/../lib/gcc/arm-none-eabi/7.3.1/thumb/v6-m/crtbegin.o
 .text          0x0000000008000100      0x114 c:/st/stm32cubeide_1.4.0/stm32cubeide/plugins/com.st.stm32cube.ide.mcu.externaltools.gnu-tools-for-stm32.7-2018-q2-update.win32_1.5.0.202011040924/tools/bin/../lib/gcc/arm-none-eabi/7.3.1/thumb/v6-m\libgcc.a(_udivsi3.o)
                0x0000000008000100                __aeabi_uidiv
                0x0000000008000100                __udivsi3
                0x000000000800020c                __aeabi_uidivmod
 .text          0x0000000008000214        0x4 c:/st/stm32cubeide_1.4.0/stm32cubeide/plugins/com.st.stm32cube.ide.mcu.externaltools.gnu-tools-for-stm32.7-2018-q2-update.win32_1.5.0.202011040924/tools/bin/../lib/gcc/arm-none-eabi/7.3.1/thumb/v6-m\libgcc.a(_dvmd_tls.o)
                0x0000000008000214                __aeabi_idiv0
                0x0000000008000214                __aeabi_ldiv0
 .text          0x0000000008000218       0x74 c:/st/stm32cubeide_1.4.0/stm32cubeide/plugins/com.st.stm32cube.ide.mcu.externaltools.gnu-tools-for-stm32.7-2018-q2-update.win32_1.5.0.202011040924/tools/bin/../lib/gcc/arm-none-eabi/7.3.1/thumb/v6-m\libgcc.a(_arm_cmpsf2.o)
                0x0000000008000218                __aeabi_cfrcmple
                0x0000000008000220                __aeabi_cfcmpeq
                0x0000000008000220                __aeabi_cfcmple
                0x0000000008000230                __aeabi_fcmpeq
                0x000000000800023c                __aeabi_fcmplt
                0x0000000008000250                __aeabi_fcmple
                0x0000000008000264                __aeabi_fcmpgt
                0x0000000008000278                __aeabi_fcmpge
 .text          0x000000000800028c      0x334 c:/st/stm32cubeide_1.4.0/stm32cubeide/plugins/com.st.stm32cube.ide.mcu.externaltools.gnu-tools-for-stm32.7-2018-q2-update.win32_1.5.0.202011040924/tools/bin/../lib/gcc/arm-none-eabi/7.3.1/thumb/v6-m\libgcc.a(addsf3.o)
                0x000000000800028c                __aeabi_fadd
 .text          0x00000000080005c0      0x224 c:/st/stm32cubeide_1.4.0/stm32cubeide/plugins/com.st.stm32cube.ide.mcu.externaltools.gnu-tools-for-stm32.7-2018-q2-update.win32_1.5.0.202011040924/tools/bin/../lib/gcc/arm-none-eabi/7.3.1/thumb/v6-m\libgcc.a(divsf3.o)
                0x00000000080005c0                __aeabi_fdiv
 .text          0x00000000080007e4       0x50 c:/st/stm32cubeide_1.4.0/stm32cubeide/plugins/com.st.stm32cube.ide.mcu.externaltools.gnu-tools-for-stm32.7-2018-q2-update.win32_1.5.0.202011040924/tools/bin/../lib/gcc/arm-none-eabi/7.3.1/thumb/v6-m\libgcc.a(eqsf2.o)
                0x00000000080007e4                __eqsf2
                0x00000000080007e4                __nesf2
 .text          0x0000000008000834       0x9c c:/st/stm32cubeide_1.4.0/stm32cubeide/plugins/com.st.stm32cube.ide.mcu.externaltools.gnu-tools-for-stm32.7-2018-q2-update.win32_1.5.0.202011040924/tools/bin/../lib/gcc/arm-none-eabi/7.3.1/thumb/v6-m\libgcc.a(gesf2.o)
                0x0000000008000834                __gesf2
                0x0000000008000834                __gtsf2
 .text          0x00000000080008d0       0xa0 c:/st/stm32cubeide_1.4.0/stm32cubeide/plugins/com.st.stm32cube.ide.mcu.externaltools.gnu-tools-for-stm32.7-2018-q2-update.win32_1.5.0.202011040924/tools/bin/../lib/gcc/arm-none-eabi/7.3.1/thumb/v6-m\libgcc.a(lesf2.o)
                0x00000000080008d0                __ltsf2
                0x00000000080008d0                __lesf2
 .text          0x0000000008000970      0x264 c:/st/stm32cubeide_1.4.0/stm32cubeide/plugins/com.st.stm32cube.ide.mcu.externaltools.gnu-tools-for-stm32.7-2018-q2-update.win32_1.5.0.202011040924/tools/bin/../lib/gcc/arm-none-eabi/7.3.1/thumb/v6-m\libgcc.a(mulsf3.o)
                0x0000000008000970                __aeabi_fmul
 .text          0x0000000008000bd4      0x388 c:/st/stm32cubeide_1.4.0/stm32cubeide/plugins/com.st.stm32cube.ide.mcu.externaltools.gnu-tools-for-stm32.7-2018-q2-update.win32_1.5.0.202011040924/tools/bin/../lib/gcc/arm-none-eabi/7.3.1/thumb/v6-m\libgcc.a(subsf3.o)
                0x0000000008000bd4                __aeabi_fsub
 .text          0x0000000008000f5c       0x2c c:/st/stm32cubeide_1.4.0/stm32cubeide/plugins/com.st.stm32cube.ide.mcu.externaltools.gnu-tools-for-stm32.7-2018-q2-update.win32_1.5.0.202011040924/tools/bin/../lib/gcc/arm-none-eabi/7.3.1/thumb/v6-m\libgcc.a(unordsf2.o)
                0x0000000008000f5c                __aeabi_fcmpun
 .text          0x0000000008000f88      0x604 c:/st/stm32cubeide_1.4.0/stm32cubeide/plugins/com.st.stm32cube.ide.mcu.externaltools.gnu-tools-for-stm32.7-2018-q2-update.win32_1.5.0.202011040924/tools/bin/../lib/gcc/arm-none-eabi/7.3.1/thumb/v6-m\libgcc.a(divdf3.o)
                0x0000000008000f88                __aeabi_ddiv
 .text          0x000000000800158c      0x4e4 c:/st/stm32cubeide_1.4.0/stm32cubeide/plugins/com.st.stm32cube.ide.mcu.externaltools.gnu-tools-for-stm32.7-2018-q2-update.win32_1.5.0.202011040924/tools/bin/../lib/gcc/arm-none-eabi/7.3.1/thumb/v6-m\libgcc.a(muldf3.o)
                0x000000000800158c                __aeabi_dmul
 .text          0x0000000008001a70       0xa4 c:/st/stm32cubeide_1.4.0/stm32cubeide/plugins/com.st.stm32cube.ide.mcu.externaltools.gnu-tools-for-stm32.7-2018-q2-update.win32_1.5.0.202011040924/tools/bin/../lib/gcc/arm-none-eabi/7.3.1/thumb/v6-m\libgcc.a(extendsfdf2.o)
                0x0000000008001a70                __aeabi_f2d
 .text          0x0000000008001b14      0x108 c:/st/stm32cubeide_1.4.0/stm32cubeide/plugins/com.st.stm32cube.ide.mcu.externaltools.gnu-tools-for-stm32.7-2018-q2-update.win32_1.5.0.202011040924/tools/bin/../lib/gcc/arm-none-eabi/7.3.1/thumb/v6-m\libgcc.a(truncdfsf2.o)
                0x0000000008001b14                __aeabi_d2f
 .text          0x0000000008001c1c       0x3c c:/st/stm32cubeide_1.4.0/stm32cubeide/plugins/com.st.stm32cube.ide.mcu.externaltools.gnu-tools-for-stm32.7-2018-q2-update.win32_1.5.0.202011040924/tools/bin/../lib/gcc/arm-none-eabi/7.3.1/thumb/v6-m\libgcc.a(_clzsi2.o)
                0x0000000008001c1c                __clzsi2
 *(.text*)
 .text._ZSt4asinf
                0x0000000008001c58       0x1a Core/Src/main.o
                0x0000000008001c58                std::asin(float)
 .text._ZSt5atan2ff
                0x0000000008001c72       0x20 Core/Src/main.o
                0x0000000008001c72                std::atan2(float, float)
 .text._ZSt4sqrtf
                0x0000000008001c92       0x1a Core/Src/main.o
                0x0000000008001c92                std::sqrt(float)
 .text._ZSt5isnanf
                0x0000000008001cac       0x22 Core/Src/main.o
                0x0000000008001cac                std::isnan(float)
 *fill*         0x0000000008001cce        0x2 
 .text._ZN4EKF27loadEKFEv
                0x0000000008001cd0      0x234 Core/Src/main.o
                0x0000000008001cd0                EKF2::loadEKF()
 .text._ZN4EKF29updateEKFE8IMU_data8MAG_dataf
                0x0000000008001f04      0xc94 Core/Src/main.o
                0x0000000008001f04                EKF2::updateEKF(IMU_data, MAG_data, float)
 .text._ZN4EKF29getAngle1Effff
                0x0000000008002b98      0x1d4 Core/Src/main.o
                0x0000000008002b98                EKF2::getAngle1(float, float, float, float)
 .text._ZN4EKF2C2Ev
                0x0000000008002d6c      0x1a4 Core/Src/main.o
                0x0000000008002d6c                EKF2::EKF2()
                0x0000000008002d6c                EKF2::EKF2()
 .text._ZN4EKF2D2Ev
                0x0000000008002f10       0x1c Core/Src/main.o
                0x0000000008002f10                EKF2::~EKF2()
                0x0000000008002f10                EKF2::~EKF2()
 .text._ZN4EKF2D0Ev
                0x0000000008002f2c       0x2c Core/Src/main.o
                0x0000000008002f2c                EKF2::~EKF2()
 .text.main     0x0000000008002f58       0xcc Core/Src/main.o
                0x0000000008002f58                main
 .text._Z18SystemClock_Configv
                0x0000000008003024       0xd6 Core/Src/main.o
                0x0000000008003024                SystemClock_Config()
 *fill*         0x00000000080030fa        0x2 
 .text._ZL12MX_I2C1_Initv
                0x00000000080030fc       0x98 Core/Src/main.o
 .text._ZL12MX_GPIO_Initv
                0x0000000008003194       0x44 Core/Src/main.o
 .text.Error_Handler
                0x00000000080031d8        0x8 Core/Src/main.o
                0x00000000080031d8                Error_Handler
 .text._Z41__static_initialization_and_destruction_0ii
                0x00000000080031e0       0x48 Core/Src/main.o
 .text._GLOBAL__sub_I_Q
                0x0000000008003228       0x18 Core/Src/main.o
 .text._GLOBAL__sub_D_Q
                0x0000000008003240       0x18 Core/Src/main.o
 .text.HAL_MspInit
                0x0000000008003258       0x48 Core/Src/stm32g0xx_hal_msp.o
                0x0000000008003258                HAL_MspInit
 .text.HAL_I2C_MspInit
                0x00000000080032a0       0x98 Core/Src/stm32g0xx_hal_msp.o
                0x00000000080032a0                HAL_I2C_MspInit
 .text.NMI_Handler
                0x0000000008003338        0x6 Core/Src/stm32g0xx_it.o
                0x0000000008003338                NMI_Handler
 .text.HardFault_Handler
                0x000000000800333e        0x6 Core/Src/stm32g0xx_it.o
                0x000000000800333e                HardFault_Handler
 .text.SVC_Handler
                0x0000000008003344        0xa Core/Src/stm32g0xx_it.o
                0x0000000008003344                SVC_Handler
 .text.PendSV_Handler
                0x000000000800334e        0xa Core/Src/stm32g0xx_it.o
                0x000000000800334e                PendSV_Handler
 .text.SysTick_Handler
                0x0000000008003358        0xe Core/Src/stm32g0xx_it.o
                0x0000000008003358                SysTick_Handler
 *fill*         0x0000000008003366        0x2 
 .text.SystemInit
                0x0000000008003368       0x18 Core/Src/system_stm32g0xx.o
                0x0000000008003368                SystemInit
 .text.Reset_Handler
                0x0000000008003380       0x50 Core/Startup/startup_stm32g030c8tx.o
                0x0000000008003380                Reset_Handler
 .text.Default_Handler
                0x00000000080033d0        0x2 Core/Startup/startup_stm32g030c8tx.o
                0x00000000080033d0                TIM1_CC_IRQHandler
                0x00000000080033d0                I2C1_IRQHandler
                0x00000000080033d0                RTC_TAMP_IRQHandler
                0x00000000080033d0                SPI1_IRQHandler
                0x00000000080033d0                DMA1_Ch4_5_DMAMUX1_OVR_IRQHandler
                0x00000000080033d0                EXTI2_3_IRQHandler
                0x00000000080033d0                ADC1_IRQHandler
                0x00000000080033d0                I2C2_IRQHandler
                0x00000000080033d0                TIM17_IRQHandler
                0x00000000080033d0                TIM16_IRQHandler
                0x00000000080033d0                TIM3_IRQHandler
                0x00000000080033d0                EXTI4_15_IRQHandler
                0x00000000080033d0                RCC_IRQHandler
                0x00000000080033d0                DMA1_Channel1_IRQHandler
                0x00000000080033d0                Default_Handler
                0x00000000080033d0                TIM14_IRQHandler
                0x00000000080033d0                EXTI0_1_IRQHandler
                0x00000000080033d0                SPI2_IRQHandler
                0x00000000080033d0                WWDG_IRQHandler
                0x00000000080033d0                DMA1_Channel2_3_IRQHandler
                0x00000000080033d0                USART2_IRQHandler
                0x00000000080033d0                FLASH_IRQHandler
                0x00000000080033d0                USART1_IRQHandler
                0x00000000080033d0                TIM1_BRK_UP_TRG_COM_IRQHandler
 *fill*         0x00000000080033d2        0x2 
 .text.HAL_Init
                0x00000000080033d4       0x40 Drivers/STM32G0xx_HAL_Driver/Src/stm32g0xx_hal.o
                0x00000000080033d4                HAL_Init
 .text.HAL_InitTick
                0x0000000008003414       0x94 Drivers/STM32G0xx_HAL_Driver/Src/stm32g0xx_hal.o
                0x0000000008003414                HAL_InitTick
 .text.HAL_IncTick
                0x00000000080034a8       0x24 Drivers/STM32G0xx_HAL_Driver/Src/stm32g0xx_hal.o
                0x00000000080034a8                HAL_IncTick
 .text.HAL_GetTick
                0x00000000080034cc       0x14 Drivers/STM32G0xx_HAL_Driver/Src/stm32g0xx_hal.o
                0x00000000080034cc                HAL_GetTick
 .text.__NVIC_SetPriority
                0x00000000080034e0       0xdc Drivers/STM32G0xx_HAL_Driver/Src/stm32g0xx_hal_cortex.o
 .text.SysTick_Config
                0x00000000080035bc       0x48 Drivers/STM32G0xx_HAL_Driver/Src/stm32g0xx_hal_cortex.o
 .text.HAL_NVIC_SetPriority
                0x0000000008003604       0x2a Drivers/STM32G0xx_HAL_Driver/Src/stm32g0xx_hal_cortex.o
                0x0000000008003604                HAL_NVIC_SetPriority
 .text.HAL_SYSTICK_Config
                0x000000000800362e       0x1a Drivers/STM32G0xx_HAL_Driver/Src/stm32g0xx_hal_cortex.o
                0x000000000800362e                HAL_SYSTICK_Config
 .text.HAL_GPIO_Init
                0x0000000008003648      0x2c8 Drivers/STM32G0xx_HAL_Driver/Src/stm32g0xx_hal_gpio.o
                0x0000000008003648                HAL_GPIO_Init
 .text.HAL_I2C_Init
                0x0000000008003910      0x12c Drivers/STM32G0xx_HAL_Driver/Src/stm32g0xx_hal_i2c.o
                0x0000000008003910                HAL_I2C_Init
 .text.HAL_I2CEx_ConfigAnalogFilter
                0x0000000008003a3c       0x98 Drivers/STM32G0xx_HAL_Driver/Src/stm32g0xx_hal_i2c_ex.o
                0x0000000008003a3c                HAL_I2CEx_ConfigAnalogFilter
 .text.HAL_I2CEx_ConfigDigitalFilter
                0x0000000008003ad4       0x98 Drivers/STM32G0xx_HAL_Driver/Src/stm32g0xx_hal_i2c_ex.o
                0x0000000008003ad4                HAL_I2CEx_ConfigDigitalFilter
 .text.HAL_PWREx_ControlVoltageScaling
                0x0000000008003b6c       0x80 Drivers/STM32G0xx_HAL_Driver/Src/stm32g0xx_hal_pwr_ex.o
                0x0000000008003b6c                HAL_PWREx_ControlVoltageScaling
 .text.HAL_RCC_OscConfig
                0x0000000008003bec      0x62c Drivers/STM32G0xx_HAL_Driver/Src/stm32g0xx_hal_rcc.o
                0x0000000008003bec                HAL_RCC_OscConfig
 .text.HAL_RCC_ClockConfig
                0x0000000008004218      0x210 Drivers/STM32G0xx_HAL_Driver/Src/stm32g0xx_hal_rcc.o
                0x0000000008004218                HAL_RCC_ClockConfig
 .text.HAL_RCC_GetSysClockFreq
                0x0000000008004428      0x104 Drivers/STM32G0xx_HAL_Driver/Src/stm32g0xx_hal_rcc.o
                0x0000000008004428                HAL_RCC_GetSysClockFreq
 .text.HAL_RCCEx_PeriphCLKConfig
                0x000000000800452c      0x24c Drivers/STM32G0xx_HAL_Driver/Src/stm32g0xx_hal_rcc_ex.o
                0x000000000800452c                HAL_RCCEx_PeriphCLKConfig
 .text.arm_mat_trans_f32
                0x0000000008004778       0x64 D:\github\CMSIS\CMSIS\Lib\GCC\libarm_cortexM0l_math.a(arm_mat_trans_f32.o)
                0x0000000008004778                arm_mat_trans_f32
 .text.arm_mat_sub_f32
                0x00000000080047dc       0x4c D:\github\CMSIS\CMSIS\Lib\GCC\libarm_cortexM0l_math.a(arm_mat_sub_f32.o)
                0x00000000080047dc                arm_mat_sub_f32
 .text.arm_mat_mult_f32
                0x0000000008004828       0xe8 D:\github\CMSIS\CMSIS\Lib\GCC\libarm_cortexM0l_math.a(arm_mat_mult_f32.o)
                0x0000000008004828                arm_mat_mult_f32
 .text.arm_mat_inverse_f32
                0x0000000008004910      0x2a4 D:\github\CMSIS\CMSIS\Lib\GCC\libarm_cortexM0l_math.a(arm_mat_inverse_f32.o)
                0x0000000008004910                arm_mat_inverse_f32
 .text.arm_mat_init_f32
                0x0000000008004bb4        0x8 D:\github\CMSIS\CMSIS\Lib\GCC\libarm_cortexM0l_math.a(arm_mat_init_f32.o)
                0x0000000008004bb4                arm_mat_init_f32
 .text.arm_mat_add_f32
                0x0000000008004bbc       0x4c D:\github\CMSIS\CMSIS\Lib\GCC\libarm_cortexM0l_math.a(arm_mat_add_f32.o)
                0x0000000008004bbc                arm_mat_add_f32
 .text._ZdlPvj  0x0000000008004c08        0x8 c:/st/stm32cubeide_1.4.0/stm32cubeide/plugins/com.st.stm32cube.ide.mcu.externaltools.gnu-tools-for-stm32.7-2018-q2-update.win32_1.5.0.202011040924/tools/bin/../lib/gcc/arm-none-eabi/7.3.1/../../../../arm-none-eabi/lib/thumb/v6-m\libstdc++_nano.a(del_ops.o)
                0x0000000008004c08                operator delete(void*, unsigned int)
 .text._ZdlPv   0x0000000008004c10        0x8 c:/st/stm32cubeide_1.4.0/stm32cubeide/plugins/com.st.stm32cube.ide.mcu.externaltools.gnu-tools-for-stm32.7-2018-q2-update.win32_1.5.0.202011040924/tools/bin/../lib/gcc/arm-none-eabi/7.3.1/../../../../arm-none-eabi/lib/thumb/v6-m\libstdc++_nano.a(del_op.o)
                0x0000000008004c10                operator delete(void*)
 .text.atanf    0x0000000008004c18      0x224 c:/st/stm32cubeide_1.4.0/stm32cubeide/plugins/com.st.stm32cube.ide.mcu.externaltools.gnu-tools-for-stm32.7-2018-q2-update.win32_1.5.0.202011040924/tools/bin/../lib/gcc/arm-none-eabi/7.3.1/../../../../arm-none-eabi/lib/thumb/v6-m\libm.a(lib_a-sf_atan.o)
                0x0000000008004c18                atanf
 .text.fabsf    0x0000000008004e3c        0x6 c:/st/stm32cubeide_1.4.0/stm32cubeide/plugins/com.st.stm32cube.ide.mcu.externaltools.gnu-tools-for-stm32.7-2018-q2-update.win32_1.5.0.202011040924/tools/bin/../lib/gcc/arm-none-eabi/7.3.1/../../../../arm-none-eabi/lib/thumb/v6-m\libm.a(lib_a-sf_fabs.o)
                0x0000000008004e3c                fabsf
 *fill*         0x0000000008004e42        0x2 
 .text.asinf    0x0000000008004e44       0xa0 c:/st/stm32cubeide_1.4.0/stm32cubeide/plugins/com.st.stm32cube.ide.mcu.externaltools.gnu-tools-for-stm32.7-2018-q2-update.win32_1.5.0.202011040924/tools/bin/../lib/gcc/arm-none-eabi/7.3.1/../../../../arm-none-eabi/lib/thumb/v6-m\libm.a(lib_a-wf_asin.o)
                0x0000000008004e44                asinf
 .text.atan2f   0x0000000008004ee4        0x8 c:/st/stm32cubeide_1.4.0/stm32cubeide/plugins/com.st.stm32cube.ide.mcu.externaltools.gnu-tools-for-stm32.7-2018-q2-update.win32_1.5.0.202011040924/tools/bin/../lib/gcc/arm-none-eabi/7.3.1/../../../../arm-none-eabi/lib/thumb/v6-m\libm.a(lib_a-wf_atan2.o)
                0x0000000008004ee4                atan2f
 .text.sqrtf    0x0000000008004eec       0xa0 c:/st/stm32cubeide_1.4.0/stm32cubeide/plugins/com.st.stm32cube.ide.mcu.externaltools.gnu-tools-for-stm32.7-2018-q2-update.win32_1.5.0.202011040924/tools/bin/../lib/gcc/arm-none-eabi/7.3.1/../../../../arm-none-eabi/lib/thumb/v6-m\libm.a(lib_a-wf_sqrt.o)
                0x0000000008004eec                sqrtf
 .text.__ieee754_asinf
                0x0000000008004f8c      0x294 c:/st/stm32cubeide_1.4.0/stm32cubeide/plugins/com.st.stm32cube.ide.mcu.externaltools.gnu-tools-for-stm32.7-2018-q2-update.win32_1.5.0.202011040924/tools/bin/../lib/gcc/arm-none-eabi/7.3.1/../../../../arm-none-eabi/lib/thumb/v6-m\libm.a(lib_a-ef_asin.o)
                0x0000000008004f8c                __ieee754_asinf
 .text.__ieee754_atan2f
                0x0000000008005220      0x110 c:/st/stm32cubeide_1.4.0/stm32cubeide/plugins/com.st.stm32cube.ide.mcu.externaltools.gnu-tools-for-stm32.7-2018-q2-update.win32_1.5.0.202011040924/tools/bin/../lib/gcc/arm-none-eabi/7.3.1/../../../../arm-none-eabi/lib/thumb/v6-m\libm.a(lib_a-ef_atan2.o)
                0x0000000008005220                __ieee754_atan2f
 .text.__ieee754_sqrtf
                0x0000000008005330       0xb0 c:/st/stm32cubeide_1.4.0/stm32cubeide/plugins/com.st.stm32cube.ide.mcu.externaltools.gnu-tools-for-stm32.7-2018-q2-update.win32_1.5.0.202011040924/tools/bin/../lib/gcc/arm-none-eabi/7.3.1/../../../../arm-none-eabi/lib/thumb/v6-m\libm.a(lib_a-ef_sqrt.o)
                0x0000000008005330                __ieee754_sqrtf
 .text.matherr  0x00000000080053e0        0x4 c:/st/stm32cubeide_1.4.0/stm32cubeide/plugins/com.st.stm32cube.ide.mcu.externaltools.gnu-tools-for-stm32.7-2018-q2-update.win32_1.5.0.202011040924/tools/bin/../lib/gcc/arm-none-eabi/7.3.1/../../../../arm-none-eabi/lib/thumb/v6-m\libm.a(lib_a-s_matherr.o)
                0x00000000080053e0                matherr
 .text.nan      0x00000000080053e4        0xc c:/st/stm32cubeide_1.4.0/stm32cubeide/plugins/com.st.stm32cube.ide.mcu.externaltools.gnu-tools-for-stm32.7-2018-q2-update.win32_1.5.0.202011040924/tools/bin/../lib/gcc/arm-none-eabi/7.3.1/../../../../arm-none-eabi/lib/thumb/v6-m\libm.a(lib_a-s_nan.o)
                0x00000000080053e4                nan
 .text.__errno  0x00000000080053f0        0xc c:/st/stm32cubeide_1.4.0/stm32cubeide/plugins/com.st.stm32cube.ide.mcu.externaltools.gnu-tools-for-stm32.7-2018-q2-update.win32_1.5.0.202011040924/tools/bin/../lib/gcc/arm-none-eabi/7.3.1/../../../../arm-none-eabi/lib/thumb/v6-m\libc_nano.a(lib_a-errno.o)
                0x00000000080053f0                __errno
 .text.__libc_init_array
                0x00000000080053fc       0x48 c:/st/stm32cubeide_1.4.0/stm32cubeide/plugins/com.st.stm32cube.ide.mcu.externaltools.gnu-tools-for-stm32.7-2018-q2-update.win32_1.5.0.202011040924/tools/bin/../lib/gcc/arm-none-eabi/7.3.1/../../../../arm-none-eabi/lib/thumb/v6-m\libc_nano.a(lib_a-init.o)
                0x00000000080053fc                __libc_init_array
 .text.free     0x0000000008005444       0x14 c:/st/stm32cubeide_1.4.0/stm32cubeide/plugins/com.st.stm32cube.ide.mcu.externaltools.gnu-tools-for-stm32.7-2018-q2-update.win32_1.5.0.202011040924/tools/bin/../lib/gcc/arm-none-eabi/7.3.1/../../../../arm-none-eabi/lib/thumb/v6-m\libc_nano.a(lib_a-malloc.o)
                0x0000000008005444                free
 .text.memset   0x0000000008005458       0x10 c:/st/stm32cubeide_1.4.0/stm32cubeide/plugins/com.st.stm32cube.ide.mcu.externaltools.gnu-tools-for-stm32.7-2018-q2-update.win32_1.5.0.202011040924/tools/bin/../lib/gcc/arm-none-eabi/7.3.1/../../../../arm-none-eabi/lib/thumb/v6-m\libc_nano.a(lib_a-memset.o)
                0x0000000008005458                memset
 .text._free_r  0x0000000008005468       0x94 c:/st/stm32cubeide_1.4.0/stm32cubeide/plugins/com.st.stm32cube.ide.mcu.externaltools.gnu-tools-for-stm32.7-2018-q2-update.win32_1.5.0.202011040924/tools/bin/../lib/gcc/arm-none-eabi/7.3.1/../../../../arm-none-eabi/lib/thumb/v6-m\libc_nano.a(lib_a-nano-freer.o)
                0x0000000008005468                _free_r
 .text.__malloc_lock
                0x00000000080054fc        0x2 c:/st/stm32cubeide_1.4.0/stm32cubeide/plugins/com.st.stm32cube.ide.mcu.externaltools.gnu-tools-for-stm32.7-2018-q2-update.win32_1.5.0.202011040924/tools/bin/../lib/gcc/arm-none-eabi/7.3.1/../../../../arm-none-eabi/lib/thumb/v6-m\libc_nano.a(lib_a-mlock.o)
                0x00000000080054fc                __malloc_lock
 .text.__malloc_unlock
                0x00000000080054fe        0x2 c:/st/stm32cubeide_1.4.0/stm32cubeide/plugins/com.st.stm32cube.ide.mcu.externaltools.gnu-tools-for-stm32.7-2018-q2-update.win32_1.5.0.202011040924/tools/bin/../lib/gcc/arm-none-eabi/7.3.1/../../../../arm-none-eabi/lib/thumb/v6-m\libc_nano.a(lib_a-mlock.o)
                0x00000000080054fe                __malloc_unlock
 *(.glue_7)
 .glue_7        0x0000000008005500        0x0 linker stubs
 *(.glue_7t)
 .glue_7t       0x0000000008005500        0x0 linker stubs
 *(.eh_frame)
 .eh_frame      0x0000000008005500        0x0 c:/st/stm32cubeide_1.4.0/stm32cubeide/plugins/com.st.stm32cube.ide.mcu.externaltools.gnu-tools-for-stm32.7-2018-q2-update.win32_1.5.0.202011040924/tools/bin/../lib/gcc/arm-none-eabi/7.3.1/thumb/v6-m/crtbegin.o
 *(.init)
 .init          0x0000000008005500        0x4 c:/st/stm32cubeide_1.4.0/stm32cubeide/plugins/com.st.stm32cube.ide.mcu.externaltools.gnu-tools-for-stm32.7-2018-q2-update.win32_1.5.0.202011040924/tools/bin/../lib/gcc/arm-none-eabi/7.3.1/thumb/v6-m/crti.o
                0x0000000008005500                _init
 .init          0x0000000008005504        0x8 c:/st/stm32cubeide_1.4.0/stm32cubeide/plugins/com.st.stm32cube.ide.mcu.externaltools.gnu-tools-for-stm32.7-2018-q2-update.win32_1.5.0.202011040924/tools/bin/../lib/gcc/arm-none-eabi/7.3.1/thumb/v6-m/crtn.o
 *(.fini)
 .fini          0x000000000800550c        0x4 c:/st/stm32cubeide_1.4.0/stm32cubeide/plugins/com.st.stm32cube.ide.mcu.externaltools.gnu-tools-for-stm32.7-2018-q2-update.win32_1.5.0.202011040924/tools/bin/../lib/gcc/arm-none-eabi/7.3.1/thumb/v6-m/crti.o
                0x000000000800550c                _fini
 .fini          0x0000000008005510        0x8 c:/st/stm32cubeide_1.4.0/stm32cubeide/plugins/com.st.stm32cube.ide.mcu.externaltools.gnu-tools-for-stm32.7-2018-q2-update.win32_1.5.0.202011040924/tools/bin/../lib/gcc/arm-none-eabi/7.3.1/thumb/v6-m/crtn.o
                0x0000000008005518                . = ALIGN (0x4)
                0x0000000008005518                _etext = .

.vfp11_veneer   0x0000000008005518        0x0
 .vfp11_veneer  0x0000000008005518        0x0 linker stubs

.v4_bx          0x0000000008005518        0x0
 .v4_bx         0x0000000008005518        0x0 linker stubs

.iplt           0x0000000008005518        0x0
 .iplt          0x0000000008005518        0x0 c:/st/stm32cubeide_1.4.0/stm32cubeide/plugins/com.st.stm32cube.ide.mcu.externaltools.gnu-tools-for-stm32.7-2018-q2-update.win32_1.5.0.202011040924/tools/bin/../lib/gcc/arm-none-eabi/7.3.1/thumb/v6-m/crtbegin.o

.rodata         0x0000000008005518      0x1bc
                0x0000000008005518                . = ALIGN (0x4)
 *(.rodata)
 .rodata        0x0000000008005518       0x80 c:/st/stm32cubeide_1.4.0/stm32cubeide/plugins/com.st.stm32cube.ide.mcu.externaltools.gnu-tools-for-stm32.7-2018-q2-update.win32_1.5.0.202011040924/tools/bin/../lib/gcc/arm-none-eabi/7.3.1/thumb/v6-m\libgcc.a(divsf3.o)
 .rodata        0x0000000008005598       0x40 c:/st/stm32cubeide_1.4.0/stm32cubeide/plugins/com.st.stm32cube.ide.mcu.externaltools.gnu-tools-for-stm32.7-2018-q2-update.win32_1.5.0.202011040924/tools/bin/../lib/gcc/arm-none-eabi/7.3.1/thumb/v6-m\libgcc.a(mulsf3.o)
 .rodata        0x00000000080055d8       0x40 c:/st/stm32cubeide_1.4.0/stm32cubeide/plugins/com.st.stm32cube.ide.mcu.externaltools.gnu-tools-for-stm32.7-2018-q2-update.win32_1.5.0.202011040924/tools/bin/../lib/gcc/arm-none-eabi/7.3.1/thumb/v6-m\libgcc.a(divdf3.o)
 .rodata        0x0000000008005618       0x40 c:/st/stm32cubeide_1.4.0/stm32cubeide/plugins/com.st.stm32cube.ide.mcu.externaltools.gnu-tools-for-stm32.7-2018-q2-update.win32_1.5.0.202011040924/tools/bin/../lib/gcc/arm-none-eabi/7.3.1/thumb/v6-m\libgcc.a(muldf3.o)
 *(.rodata*)
 .rodata._ZTV4EKF2
                0x0000000008005658       0x10 Core/Src/main.o
                0x0000000008005658                vtable for EKF2
 .rodata.AHBPrescTable
                0x0000000008005668       0x40 Core/Src/system_stm32g0xx.o
                0x0000000008005668                AHBPrescTable
 .rodata.atanhi
                0x00000000080056a8       0x10 c:/st/stm32cubeide_1.4.0/stm32cubeide/plugins/com.st.stm32cube.ide.mcu.externaltools.gnu-tools-for-stm32.7-2018-q2-update.win32_1.5.0.202011040924/tools/bin/../lib/gcc/arm-none-eabi/7.3.1/../../../../arm-none-eabi/lib/thumb/v6-m\libm.a(lib_a-sf_atan.o)
 .rodata.atanlo
                0x00000000080056b8       0x10 c:/st/stm32cubeide_1.4.0/stm32cubeide/plugins/com.st.stm32cube.ide.mcu.externaltools.gnu-tools-for-stm32.7-2018-q2-update.win32_1.5.0.202011040924/tools/bin/../lib/gcc/arm-none-eabi/7.3.1/../../../../arm-none-eabi/lib/thumb/v6-m\libm.a(lib_a-sf_atan.o)
 .rodata.asinf.str1.1
                0x00000000080056c8        0x6 c:/st/stm32cubeide_1.4.0/stm32cubeide/plugins/com.st.stm32cube.ide.mcu.externaltools.gnu-tools-for-stm32.7-2018-q2-update.win32_1.5.0.202011040924/tools/bin/../lib/gcc/arm-none-eabi/7.3.1/../../../../arm-none-eabi/lib/thumb/v6-m\libm.a(lib_a-wf_asin.o)
                                          0x7 (size before relaxing)
 .rodata.sqrtf.str1.1
                0x00000000080056ce        0x6 c:/st/stm32cubeide_1.4.0/stm32cubeide/plugins/com.st.stm32cube.ide.mcu.externaltools.gnu-tools-for-stm32.7-2018-q2-update.win32_1.5.0.202011040924/tools/bin/../lib/gcc/arm-none-eabi/7.3.1/../../../../arm-none-eabi/lib/thumb/v6-m\libm.a(lib_a-wf_sqrt.o)
                0x00000000080056d4                . = ALIGN (0x4)

.rel.dyn        0x00000000080056d4        0x0
 .rel.iplt      0x00000000080056d4        0x0 c:/st/stm32cubeide_1.4.0/stm32cubeide/plugins/com.st.stm32cube.ide.mcu.externaltools.gnu-tools-for-stm32.7-2018-q2-update.win32_1.5.0.202011040924/tools/bin/../lib/gcc/arm-none-eabi/7.3.1/thumb/v6-m/crtbegin.o

.ARM.extab      0x00000000080056d4        0x0
                0x00000000080056d4                . = ALIGN (0x4)
 *(.ARM.extab* .gnu.linkonce.armextab.*)
                0x00000000080056d4                . = ALIGN (0x4)

.ARM            0x00000000080056d4        0x0
                0x00000000080056d4                . = ALIGN (0x4)
                0x00000000080056d4                __exidx_start = .
 *(.ARM.exidx*)
                0x00000000080056d4                __exidx_end = .
                0x00000000080056d4                . = ALIGN (0x4)

.preinit_array  0x00000000080056d4        0x0
                0x00000000080056d4                . = ALIGN (0x4)
                0x00000000080056d4                PROVIDE (__preinit_array_start = .)
 *(.preinit_array*)
                0x00000000080056d4                PROVIDE (__preinit_array_end = .)
                0x00000000080056d4                . = ALIGN (0x4)

.init_array     0x00000000080056d4        0x8
                0x00000000080056d4                . = ALIGN (0x4)
                0x00000000080056d4                PROVIDE (__init_array_start = .)
 *(SORT_BY_NAME(.init_array.*))
 *(.init_array*)
 .init_array    0x00000000080056d4        0x4 c:/st/stm32cubeide_1.4.0/stm32cubeide/plugins/com.st.stm32cube.ide.mcu.externaltools.gnu-tools-for-stm32.7-2018-q2-update.win32_1.5.0.202011040924/tools/bin/../lib/gcc/arm-none-eabi/7.3.1/thumb/v6-m/crtbegin.o
 .init_array    0x00000000080056d8        0x4 Core/Src/main.o
                0x00000000080056dc                PROVIDE (__init_array_end = .)
                0x00000000080056dc                . = ALIGN (0x4)

.fini_array     0x00000000080056dc        0x8
                0x00000000080056dc                . = ALIGN (0x4)
                [!provide]                        PROVIDE (__fini_array_start = .)
 *(SORT_BY_NAME(.fini_array.*))
 *(.fini_array*)
 .fini_array    0x00000000080056dc        0x4 c:/st/stm32cubeide_1.4.0/stm32cubeide/plugins/com.st.stm32cube.ide.mcu.externaltools.gnu-tools-for-stm32.7-2018-q2-update.win32_1.5.0.202011040924/tools/bin/../lib/gcc/arm-none-eabi/7.3.1/thumb/v6-m/crtbegin.o
 .fini_array    0x00000000080056e0        0x4 Core/Src/main.o
                [!provide]                        PROVIDE (__fini_array_end = .)
                0x00000000080056e4                . = ALIGN (0x4)
                0x00000000080056e4                _sidata = LOADADDR (.data)

.data           0x0000000020000000       0x70 load address 0x00000000080056e4
                0x0000000020000000                . = ALIGN (0x4)
                0x0000000020000000                _sdata = .
 *(.data)
 *(.data*)
 .data.SystemCoreClock
                0x0000000020000000        0x4 Core/Src/system_stm32g0xx.o
                0x0000000020000000                SystemCoreClock
 .data.uwTickPrio
                0x0000000020000004        0x4 Drivers/STM32G0xx_HAL_Driver/Src/stm32g0xx_hal.o
                0x0000000020000004                uwTickPrio
 .data.uwTickFreq
                0x0000000020000008        0x1 Drivers/STM32G0xx_HAL_Driver/Src/stm32g0xx_hal.o
                0x0000000020000008                uwTickFreq
 .data.__fdlib_version
                0x0000000020000009        0x1 c:/st/stm32cubeide_1.4.0/stm32cubeide/plugins/com.st.stm32cube.ide.mcu.externaltools.gnu-tools-for-stm32.7-2018-q2-update.win32_1.5.0.202011040924/tools/bin/../lib/gcc/arm-none-eabi/7.3.1/../../../../arm-none-eabi/lib/thumb/v6-m\libm.a(lib_a-s_lib_ver.o)
                0x0000000020000009                __fdlib_version
 *fill*         0x000000002000000a        0x2 
 .data._impure_ptr
                0x000000002000000c        0x4 c:/st/stm32cubeide_1.4.0/stm32cubeide/plugins/com.st.stm32cube.ide.mcu.externaltools.gnu-tools-for-stm32.7-2018-q2-update.win32_1.5.0.202011040924/tools/bin/../lib/gcc/arm-none-eabi/7.3.1/../../../../arm-none-eabi/lib/thumb/v6-m\libc_nano.a(lib_a-impure.o)
                0x000000002000000c                _impure_ptr
 .data.impure_data
                0x0000000020000010       0x60 c:/st/stm32cubeide_1.4.0/stm32cubeide/plugins/com.st.stm32cube.ide.mcu.externaltools.gnu-tools-for-stm32.7-2018-q2-update.win32_1.5.0.202011040924/tools/bin/../lib/gcc/arm-none-eabi/7.3.1/../../../../arm-none-eabi/lib/thumb/v6-m\libc_nano.a(lib_a-impure.o)
 *(.RamFunc)
 *(.RamFunc*)
                0x0000000020000070                . = ALIGN (0x4)
                0x0000000020000070                _edata = .

.igot.plt       0x0000000020000070        0x0 load address 0x0000000008005754
 .igot.plt      0x0000000020000070        0x0 c:/st/stm32cubeide_1.4.0/stm32cubeide/plugins/com.st.stm32cube.ide.mcu.externaltools.gnu-tools-for-stm32.7-2018-q2-update.win32_1.5.0.202011040924/tools/bin/../lib/gcc/arm-none-eabi/7.3.1/thumb/v6-m/crtbegin.o
                0x0000000020000070                . = ALIGN (0x4)

.bss            0x0000000020000070     0x10e4 load address 0x0000000008005754
                0x0000000020000070                _sbss = .
                0x0000000020000070                __bss_start__ = _sbss
 *(.bss)
 .bss           0x0000000020000070       0x1c c:/st/stm32cubeide_1.4.0/stm32cubeide/plugins/com.st.stm32cube.ide.mcu.externaltools.gnu-tools-for-stm32.7-2018-q2-update.win32_1.5.0.202011040924/tools/bin/../lib/gcc/arm-none-eabi/7.3.1/thumb/v6-m/crtbegin.o
 *(.bss*)
 *fill*         0x000000002000008c        0x4 
 .bss.bGx       0x0000000020000090        0x8 Core/Src/main.o
                0x0000000020000090                bGx
 .bss.bGy       0x0000000020000098        0x8 Core/Src/main.o
                0x0000000020000098                bGy
 .bss.bGz       0x00000000200000a0        0x8 Core/Src/main.o
                0x00000000200000a0                bGz
 .bss.Gyro_x    0x00000000200000a8        0x4 Core/Src/main.o
                0x00000000200000a8                Gyro_x
 .bss.Gyro_y    0x00000000200000ac        0x4 Core/Src/main.o
                0x00000000200000ac                Gyro_y
 .bss.Gyro_z    0x00000000200000b0        0x4 Core/Src/main.o
                0x00000000200000b0                Gyro_z
 .bss.hi2c1     0x00000000200000b4       0x4c Core/Src/main.o
                0x00000000200000b4                hi2c1
 .bss.data_imu_buffer
                0x0000000020000100       0x18 Core/Src/main.o
                0x0000000020000100                data_imu_buffer
 .bss.mag       0x0000000020000118        0xc Core/Src/main.o
                0x0000000020000118                mag
 .bss.ekf       0x0000000020000124     0x1028 Core/Src/main.o
                0x0000000020000124                ekf
 .bss.__malloc_free_list
                0x000000002000114c        0x4 c:/st/stm32cubeide_1.4.0/stm32cubeide/plugins/com.st.stm32cube.ide.mcu.externaltools.gnu-tools-for-stm32.7-2018-q2-update.win32_1.5.0.202011040924/tools/bin/../lib/gcc/arm-none-eabi/7.3.1/../../../../arm-none-eabi/lib/thumb/v6-m\libc_nano.a(lib_a-nano-mallocr.o)
                0x000000002000114c                __malloc_free_list
 *(COMMON)
 COMMON         0x0000000020001150        0x4 Drivers/STM32G0xx_HAL_Driver/Src/stm32g0xx_hal.o
                0x0000000020001150                uwTick
                0x0000000020001154                . = ALIGN (0x4)
                0x0000000020001154                _ebss = .
                0x0000000020001154                __bss_end__ = _ebss

._user_heap_stack
                0x0000000020001154      0x604 load address 0x0000000008005754
                0x0000000020001158                . = ALIGN (0x8)
 *fill*         0x0000000020001154        0x4 
                [!provide]                        PROVIDE (end = .)
                0x0000000020001158                PROVIDE (_end = .)
                0x0000000020001358                . = (. + _Min_Heap_Size)
 *fill*         0x0000000020001158      0x200 
                0x0000000020001758                . = (. + _Min_Stack_Size)
 *fill*         0x0000000020001358      0x400 
                0x0000000020001758                . = ALIGN (0x8)

/DISCARD/
 libc.a(*)
 libm.a(*)
 libgcc.a(*)

.ARM.attributes
                0x0000000000000000       0x28
 *(.ARM.attributes)
 .ARM.attributes
                0x0000000000000000       0x1e c:/st/stm32cubeide_1.4.0/stm32cubeide/plugins/com.st.stm32cube.ide.mcu.externaltools.gnu-tools-for-stm32.7-2018-q2-update.win32_1.5.0.202011040924/tools/bin/../lib/gcc/arm-none-eabi/7.3.1/thumb/v6-m/crti.o
 .ARM.attributes
                0x000000000000001e       0x2c c:/st/stm32cubeide_1.4.0/stm32cubeide/plugins/com.st.stm32cube.ide.mcu.externaltools.gnu-tools-for-stm32.7-2018-q2-update.win32_1.5.0.202011040924/tools/bin/../lib/gcc/arm-none-eabi/7.3.1/thumb/v6-m/crtbegin.o
 .ARM.attributes
                0x000000000000004a       0x32 Core/Src/main.o
 .ARM.attributes
                0x000000000000007c       0x32 Core/Src/stm32g0xx_hal_msp.o
 .ARM.attributes
                0x00000000000000ae       0x32 Core/Src/stm32g0xx_it.o
 .ARM.attributes
                0x00000000000000e0       0x32 Core/Src/system_stm32g0xx.o
 .ARM.attributes
                0x0000000000000112       0x22 Core/Startup/startup_stm32g030c8tx.o
 .ARM.attributes
                0x0000000000000134       0x32 Drivers/STM32G0xx_HAL_Driver/Src/stm32g0xx_hal.o
 .ARM.attributes
                0x0000000000000166       0x32 Drivers/STM32G0xx_HAL_Driver/Src/stm32g0xx_hal_cortex.o
 .ARM.attributes
                0x0000000000000198       0x32 Drivers/STM32G0xx_HAL_Driver/Src/stm32g0xx_hal_gpio.o
 .ARM.attributes
                0x00000000000001ca       0x32 Drivers/STM32G0xx_HAL_Driver/Src/stm32g0xx_hal_i2c.o
 .ARM.attributes
                0x00000000000001fc       0x32 Drivers/STM32G0xx_HAL_Driver/Src/stm32g0xx_hal_i2c_ex.o
 .ARM.attributes
                0x000000000000022e       0x32 Drivers/STM32G0xx_HAL_Driver/Src/stm32g0xx_hal_pwr_ex.o
 .ARM.attributes
                0x0000000000000260       0x32 Drivers/STM32G0xx_HAL_Driver/Src/stm32g0xx_hal_rcc.o
 .ARM.attributes
                0x0000000000000292       0x32 Drivers/STM32G0xx_HAL_Driver/Src/stm32g0xx_hal_rcc_ex.o
 .ARM.attributes
                0x00000000000002c4       0x31 D:\github\CMSIS\CMSIS\Lib\GCC\libarm_cortexM0l_math.a(arm_mat_trans_f32.o)
 .ARM.attributes
                0x00000000000002f5       0x31 D:\github\CMSIS\CMSIS\Lib\GCC\libarm_cortexM0l_math.a(arm_mat_sub_f32.o)
 .ARM.attributes
                0x0000000000000326       0x31 D:\github\CMSIS\CMSIS\Lib\GCC\libarm_cortexM0l_math.a(arm_mat_mult_f32.o)
 .ARM.attributes
                0x0000000000000357       0x31 D:\github\CMSIS\CMSIS\Lib\GCC\libarm_cortexM0l_math.a(arm_mat_inverse_f32.o)
 .ARM.attributes
                0x0000000000000388       0x31 D:\github\CMSIS\CMSIS\Lib\GCC\libarm_cortexM0l_math.a(arm_mat_init_f32.o)
 .ARM.attributes
                0x00000000000003b9       0x31 D:\github\CMSIS\CMSIS\Lib\GCC\libarm_cortexM0l_math.a(arm_mat_add_f32.o)
 .ARM.attributes
                0x00000000000003ea       0x2c c:/st/stm32cubeide_1.4.0/stm32cubeide/plugins/com.st.stm32cube.ide.mcu.externaltools.gnu-tools-for-stm32.7-2018-q2-update.win32_1.5.0.202011040924/tools/bin/../lib/gcc/arm-none-eabi/7.3.1/../../../../arm-none-eabi/lib/thumb/v6-m\libstdc++_nano.a(del_ops.o)
 .ARM.attributes
                0x0000000000000416       0x2c c:/st/stm32cubeide_1.4.0/stm32cubeide/plugins/com.st.stm32cube.ide.mcu.externaltools.gnu-tools-for-stm32.7-2018-q2-update.win32_1.5.0.202011040924/tools/bin/../lib/gcc/arm-none-eabi/7.3.1/../../../../arm-none-eabi/lib/thumb/v6-m\libstdc++_nano.a(del_op.o)
 .ARM.attributes
                0x0000000000000442       0x2c c:/st/stm32cubeide_1.4.0/stm32cubeide/plugins/com.st.stm32cube.ide.mcu.externaltools.gnu-tools-for-stm32.7-2018-q2-update.win32_1.5.0.202011040924/tools/bin/../lib/gcc/arm-none-eabi/7.3.1/../../../../arm-none-eabi/lib/thumb/v6-m\libm.a(lib_a-sf_atan.o)
 .ARM.attributes
                0x000000000000046e       0x2c c:/st/stm32cubeide_1.4.0/stm32cubeide/plugins/com.st.stm32cube.ide.mcu.externaltools.gnu-tools-for-stm32.7-2018-q2-update.win32_1.5.0.202011040924/tools/bin/../lib/gcc/arm-none-eabi/7.3.1/../../../../arm-none-eabi/lib/thumb/v6-m\libm.a(lib_a-sf_fabs.o)
 .ARM.attributes
                0x000000000000049a       0x2c c:/st/stm32cubeide_1.4.0/stm32cubeide/plugins/com.st.stm32cube.ide.mcu.externaltools.gnu-tools-for-stm32.7-2018-q2-update.win32_1.5.0.202011040924/tools/bin/../lib/gcc/arm-none-eabi/7.3.1/../../../../arm-none-eabi/lib/thumb/v6-m\libm.a(lib_a-wf_asin.o)
 .ARM.attributes
                0x00000000000004c6       0x2c c:/st/stm32cubeide_1.4.0/stm32cubeide/plugins/com.st.stm32cube.ide.mcu.externaltools.gnu-tools-for-stm32.7-2018-q2-update.win32_1.5.0.202011040924/tools/bin/../lib/gcc/arm-none-eabi/7.3.1/../../../../arm-none-eabi/lib/thumb/v6-m\libm.a(lib_a-wf_atan2.o)
 .ARM.attributes
                0x00000000000004f2       0x2c c:/st/stm32cubeide_1.4.0/stm32cubeide/plugins/com.st.stm32cube.ide.mcu.externaltools.gnu-tools-for-stm32.7-2018-q2-update.win32_1.5.0.202011040924/tools/bin/../lib/gcc/arm-none-eabi/7.3.1/../../../../arm-none-eabi/lib/thumb/v6-m\libm.a(lib_a-wf_sqrt.o)
 .ARM.attributes
                0x000000000000051e       0x2c c:/st/stm32cubeide_1.4.0/stm32cubeide/plugins/com.st.stm32cube.ide.mcu.externaltools.gnu-tools-for-stm32.7-2018-q2-update.win32_1.5.0.202011040924/tools/bin/../lib/gcc/arm-none-eabi/7.3.1/../../../../arm-none-eabi/lib/thumb/v6-m\libm.a(lib_a-ef_asin.o)
 .ARM.attributes
                0x000000000000054a       0x2c c:/st/stm32cubeide_1.4.0/stm32cubeide/plugins/com.st.stm32cube.ide.mcu.externaltools.gnu-tools-for-stm32.7-2018-q2-update.win32_1.5.0.202011040924/tools/bin/../lib/gcc/arm-none-eabi/7.3.1/../../../../arm-none-eabi/lib/thumb/v6-m\libm.a(lib_a-ef_atan2.o)
 .ARM.attributes
                0x0000000000000576       0x2c c:/st/stm32cubeide_1.4.0/stm32cubeide/plugins/com.st.stm32cube.ide.mcu.externaltools.gnu-tools-for-stm32.7-2018-q2-update.win32_1.5.0.202011040924/tools/bin/../lib/gcc/arm-none-eabi/7.3.1/../../../../arm-none-eabi/lib/thumb/v6-m\libm.a(lib_a-ef_sqrt.o)
 .ARM.attributes
                0x00000000000005a2       0x2c c:/st/stm32cubeide_1.4.0/stm32cubeide/plugins/com.st.stm32cube.ide.mcu.externaltools.gnu-tools-for-stm32.7-2018-q2-update.win32_1.5.0.202011040924/tools/bin/../lib/gcc/arm-none-eabi/7.3.1/../../../../arm-none-eabi/lib/thumb/v6-m\libm.a(lib_a-s_lib_ver.o)
 .ARM.attributes
                0x00000000000005ce       0x2c c:/st/stm32cubeide_1.4.0/stm32cubeide/plugins/com.st.stm32cube.ide.mcu.externaltools.gnu-tools-for-stm32.7-2018-q2-update.win32_1.5.0.202011040924/tools/bin/../lib/gcc/arm-none-eabi/7.3.1/../../../../arm-none-eabi/lib/thumb/v6-m\libm.a(lib_a-s_matherr.o)
 .ARM.attributes
                0x00000000000005fa       0x2c c:/st/stm32cubeide_1.4.0/stm32cubeide/plugins/com.st.stm32cube.ide.mcu.externaltools.gnu-tools-for-stm32.7-2018-q2-update.win32_1.5.0.202011040924/tools/bin/../lib/gcc/arm-none-eabi/7.3.1/../../../../arm-none-eabi/lib/thumb/v6-m\libm.a(lib_a-s_nan.o)
 .ARM.attributes
                0x0000000000000626       0x2c c:/st/stm32cubeide_1.4.0/stm32cubeide/plugins/com.st.stm32cube.ide.mcu.externaltools.gnu-tools-for-stm32.7-2018-q2-update.win32_1.5.0.202011040924/tools/bin/../lib/gcc/arm-none-eabi/7.3.1/../../../../arm-none-eabi/lib/thumb/v6-m\libc_nano.a(lib_a-errno.o)
 .ARM.attributes
                0x0000000000000652       0x2c c:/st/stm32cubeide_1.4.0/stm32cubeide/plugins/com.st.stm32cube.ide.mcu.externaltools.gnu-tools-for-stm32.7-2018-q2-update.win32_1.5.0.202011040924/tools/bin/../lib/gcc/arm-none-eabi/7.3.1/../../../../arm-none-eabi/lib/thumb/v6-m\libc_nano.a(lib_a-impure.o)
 .ARM.attributes
                0x000000000000067e       0x2c c:/st/stm32cubeide_1.4.0/stm32cubeide/plugins/com.st.stm32cube.ide.mcu.externaltools.gnu-tools-for-stm32.7-2018-q2-update.win32_1.5.0.202011040924/tools/bin/../lib/gcc/arm-none-eabi/7.3.1/../../../../arm-none-eabi/lib/thumb/v6-m\libc_nano.a(lib_a-init.o)
 .ARM.attributes
                0x00000000000006aa       0x2c c:/st/stm32cubeide_1.4.0/stm32cubeide/plugins/com.st.stm32cube.ide.mcu.externaltools.gnu-tools-for-stm32.7-2018-q2-update.win32_1.5.0.202011040924/tools/bin/../lib/gcc/arm-none-eabi/7.3.1/../../../../arm-none-eabi/lib/thumb/v6-m\libc_nano.a(lib_a-malloc.o)
 .ARM.attributes
                0x00000000000006d6       0x2c c:/st/stm32cubeide_1.4.0/stm32cubeide/plugins/com.st.stm32cube.ide.mcu.externaltools.gnu-tools-for-stm32.7-2018-q2-update.win32_1.5.0.202011040924/tools/bin/../lib/gcc/arm-none-eabi/7.3.1/../../../../arm-none-eabi/lib/thumb/v6-m\libc_nano.a(lib_a-memset.o)
 .ARM.attributes
                0x0000000000000702       0x2c c:/st/stm32cubeide_1.4.0/stm32cubeide/plugins/com.st.stm32cube.ide.mcu.externaltools.gnu-tools-for-stm32.7-2018-q2-update.win32_1.5.0.202011040924/tools/bin/../lib/gcc/arm-none-eabi/7.3.1/../../../../arm-none-eabi/lib/thumb/v6-m\libc_nano.a(lib_a-nano-freer.o)
 .ARM.attributes
                0x000000000000072e       0x2c c:/st/stm32cubeide_1.4.0/stm32cubeide/plugins/com.st.stm32cube.ide.mcu.externaltools.gnu-tools-for-stm32.7-2018-q2-update.win32_1.5.0.202011040924/tools/bin/../lib/gcc/arm-none-eabi/7.3.1/../../../../arm-none-eabi/lib/thumb/v6-m\libc_nano.a(lib_a-nano-mallocr.o)
 .ARM.attributes
                0x000000000000075a       0x2c c:/st/stm32cubeide_1.4.0/stm32cubeide/plugins/com.st.stm32cube.ide.mcu.externaltools.gnu-tools-for-stm32.7-2018-q2-update.win32_1.5.0.202011040924/tools/bin/../lib/gcc/arm-none-eabi/7.3.1/../../../../arm-none-eabi/lib/thumb/v6-m\libc_nano.a(lib_a-mlock.o)
 .ARM.attributes
                0x0000000000000786       0x1e c:/st/stm32cubeide_1.4.0/stm32cubeide/plugins/com.st.stm32cube.ide.mcu.externaltools.gnu-tools-for-stm32.7-2018-q2-update.win32_1.5.0.202011040924/tools/bin/../lib/gcc/arm-none-eabi/7.3.1/thumb/v6-m\libgcc.a(_udivsi3.o)
 .ARM.attributes
                0x00000000000007a4       0x1e c:/st/stm32cubeide_1.4.0/stm32cubeide/plugins/com.st.stm32cube.ide.mcu.externaltools.gnu-tools-for-stm32.7-2018-q2-update.win32_1.5.0.202011040924/tools/bin/../lib/gcc/arm-none-eabi/7.3.1/thumb/v6-m\libgcc.a(_dvmd_tls.o)
 .ARM.attributes
                0x00000000000007c2       0x1e c:/st/stm32cubeide_1.4.0/stm32cubeide/plugins/com.st.stm32cube.ide.mcu.externaltools.gnu-tools-for-stm32.7-2018-q2-update.win32_1.5.0.202011040924/tools/bin/../lib/gcc/arm-none-eabi/7.3.1/thumb/v6-m\libgcc.a(_arm_cmpsf2.o)
 .ARM.attributes
                0x00000000000007e0       0x2c c:/st/stm32cubeide_1.4.0/stm32cubeide/plugins/com.st.stm32cube.ide.mcu.externaltools.gnu-tools-for-stm32.7-2018-q2-update.win32_1.5.0.202011040924/tools/bin/../lib/gcc/arm-none-eabi/7.3.1/thumb/v6-m\libgcc.a(addsf3.o)
 .ARM.attributes
                0x000000000000080c       0x2c c:/st/stm32cubeide_1.4.0/stm32cubeide/plugins/com.st.stm32cube.ide.mcu.externaltools.gnu-tools-for-stm32.7-2018-q2-update.win32_1.5.0.202011040924/tools/bin/../lib/gcc/arm-none-eabi/7.3.1/thumb/v6-m\libgcc.a(divsf3.o)
 .ARM.attributes
                0x0000000000000838       0x2c c:/st/stm32cubeide_1.4.0/stm32cubeide/plugins/com.st.stm32cube.ide.mcu.externaltools.gnu-tools-for-stm32.7-2018-q2-update.win32_1.5.0.202011040924/tools/bin/../lib/gcc/arm-none-eabi/7.3.1/thumb/v6-m\libgcc.a(eqsf2.o)
 .ARM.attributes
                0x0000000000000864       0x2c c:/st/stm32cubeide_1.4.0/stm32cubeide/plugins/com.st.stm32cube.ide.mcu.externaltools.gnu-tools-for-stm32.7-2018-q2-update.win32_1.5.0.202011040924/tools/bin/../lib/gcc/arm-none-eabi/7.3.1/thumb/v6-m\libgcc.a(gesf2.o)
 .ARM.attributes
                0x0000000000000890       0x2c c:/st/stm32cubeide_1.4.0/stm32cubeide/plugins/com.st.stm32cube.ide.mcu.externaltools.gnu-tools-for-stm32.7-2018-q2-update.win32_1.5.0.202011040924/tools/bin/../lib/gcc/arm-none-eabi/7.3.1/thumb/v6-m\libgcc.a(lesf2.o)
 .ARM.attributes
                0x00000000000008bc       0x2c c:/st/stm32cubeide_1.4.0/stm32cubeide/plugins/com.st.stm32cube.ide.mcu.externaltools.gnu-tools-for-stm32.7-2018-q2-update.win32_1.5.0.202011040924/tools/bin/../lib/gcc/arm-none-eabi/7.3.1/thumb/v6-m\libgcc.a(mulsf3.o)
 .ARM.attributes
                0x00000000000008e8       0x2c c:/st/stm32cubeide_1.4.0/stm32cubeide/plugins/com.st.stm32cube.ide.mcu.externaltools.gnu-tools-for-stm32.7-2018-q2-update.win32_1.5.0.202011040924/tools/bin/../lib/gcc/arm-none-eabi/7.3.1/thumb/v6-m\libgcc.a(subsf3.o)
 .ARM.attributes
                0x0000000000000914       0x2c c:/st/stm32cubeide_1.4.0/stm32cubeide/plugins/com.st.stm32cube.ide.mcu.externaltools.gnu-tools-for-stm32.7-2018-q2-update.win32_1.5.0.202011040924/tools/bin/../lib/gcc/arm-none-eabi/7.3.1/thumb/v6-m\libgcc.a(unordsf2.o)
 .ARM.attributes
                0x0000000000000940       0x2c c:/st/stm32cubeide_1.4.0/stm32cubeide/plugins/com.st.stm32cube.ide.mcu.externaltools.gnu-tools-for-stm32.7-2018-q2-update.win32_1.5.0.202011040924/tools/bin/../lib/gcc/arm-none-eabi/7.3.1/thumb/v6-m\libgcc.a(divdf3.o)
 .ARM.attributes
                0x000000000000096c       0x2c c:/st/stm32cubeide_1.4.0/stm32cubeide/plugins/com.st.stm32cube.ide.mcu.externaltools.gnu-tools-for-stm32.7-2018-q2-update.win32_1.5.0.202011040924/tools/bin/../lib/gcc/arm-none-eabi/7.3.1/thumb/v6-m\libgcc.a(muldf3.o)
 .ARM.attributes
                0x0000000000000998       0x2c c:/st/stm32cubeide_1.4.0/stm32cubeide/plugins/com.st.stm32cube.ide.mcu.externaltools.gnu-tools-for-stm32.7-2018-q2-update.win32_1.5.0.202011040924/tools/bin/../lib/gcc/arm-none-eabi/7.3.1/thumb/v6-m\libgcc.a(extendsfdf2.o)
 .ARM.attributes
                0x00000000000009c4       0x2c c:/st/stm32cubeide_1.4.0/stm32cubeide/plugins/com.st.stm32cube.ide.mcu.externaltools.gnu-tools-for-stm32.7-2018-q2-update.win32_1.5.0.202011040924/tools/bin/../lib/gcc/arm-none-eabi/7.3.1/thumb/v6-m\libgcc.a(truncdfsf2.o)
 .ARM.attributes
                0x00000000000009f0       0x1e c:/st/stm32cubeide_1.4.0/stm32cubeide/plugins/com.st.stm32cube.ide.mcu.externaltools.gnu-tools-for-stm32.7-2018-q2-update.win32_1.5.0.202011040924/tools/bin/../lib/gcc/arm-none-eabi/7.3.1/thumb/v6-m\libgcc.a(_clzsi2.o)
 .ARM.attributes
                0x0000000000000a0e       0x1e c:/st/stm32cubeide_1.4.0/stm32cubeide/plugins/com.st.stm32cube.ide.mcu.externaltools.gnu-tools-for-stm32.7-2018-q2-update.win32_1.5.0.202011040924/tools/bin/../lib/gcc/arm-none-eabi/7.3.1/thumb/v6-m/crtn.o
OUTPUT(mini_drone.elf elf32-littlearm)

.debug_info     0x0000000000000000     0xbe36
 .debug_info    0x0000000000000000     0x4018 Core/Src/main.o
 .debug_info    0x0000000000004018      0xadd Core/Src/stm32g0xx_hal_msp.o
 .debug_info    0x0000000000004af5      0x266 Core/Src/stm32g0xx_it.o
 .debug_info    0x0000000000004d5b      0x4b2 Core/Src/system_stm32g0xx.o
 .debug_info    0x000000000000520d       0x22 Core/Startup/startup_stm32g030c8tx.o
 .debug_info    0x000000000000522f      0x973 Drivers/STM32G0xx_HAL_Driver/Src/stm32g0xx_hal.o
 .debug_info    0x0000000000005ba2      0x9a9 Drivers/STM32G0xx_HAL_Driver/Src/stm32g0xx_hal_cortex.o
 .debug_info    0x000000000000654b      0x6c7 Drivers/STM32G0xx_HAL_Driver/Src/stm32g0xx_hal_gpio.o
 .debug_info    0x0000000000006c12     0x211e Drivers/STM32G0xx_HAL_Driver/Src/stm32g0xx_hal_i2c.o
 .debug_info    0x0000000000008d30      0xae1 Drivers/STM32G0xx_HAL_Driver/Src/stm32g0xx_hal_i2c_ex.o
 .debug_info    0x0000000000009811      0x5da Drivers/STM32G0xx_HAL_Driver/Src/stm32g0xx_hal_pwr_ex.o
 .debug_info    0x0000000000009deb      0xadf Drivers/STM32G0xx_HAL_Driver/Src/stm32g0xx_hal_rcc.o
 .debug_info    0x000000000000a8ca      0x83f Drivers/STM32G0xx_HAL_Driver/Src/stm32g0xx_hal_rcc_ex.o
 .debug_info    0x000000000000b109      0x210 D:\github\CMSIS\CMSIS\Lib\GCC\libarm_cortexM0l_math.a(arm_mat_trans_f32.o)
 .debug_info    0x000000000000b319      0x20b D:\github\CMSIS\CMSIS\Lib\GCC\libarm_cortexM0l_math.a(arm_mat_sub_f32.o)
 .debug_info    0x000000000000b524      0x279 D:\github\CMSIS\CMSIS\Lib\GCC\libarm_cortexM0l_math.a(arm_mat_mult_f32.o)
 .debug_info    0x000000000000b79d      0x33e D:\github\CMSIS\CMSIS\Lib\GCC\libarm_cortexM0l_math.a(arm_mat_inverse_f32.o)
 .debug_info    0x000000000000badb      0x150 D:\github\CMSIS\CMSIS\Lib\GCC\libarm_cortexM0l_math.a(arm_mat_init_f32.o)
 .debug_info    0x000000000000bc2b      0x20b D:\github\CMSIS\CMSIS\Lib\GCC\libarm_cortexM0l_math.a(arm_mat_add_f32.o)

.debug_abbrev   0x0000000000000000     0x2049
 .debug_abbrev  0x0000000000000000      0x700 Core/Src/main.o
 .debug_abbrev  0x0000000000000700      0x197 Core/Src/stm32g0xx_hal_msp.o
 .debug_abbrev  0x0000000000000897       0xf1 Core/Src/stm32g0xx_it.o
 .debug_abbrev  0x0000000000000988      0x147 Core/Src/system_stm32g0xx.o
 .debug_abbrev  0x0000000000000acf       0x12 Core/Startup/startup_stm32g030c8tx.o
 .debug_abbrev  0x0000000000000ae1      0x242 Drivers/STM32G0xx_HAL_Driver/Src/stm32g0xx_hal.o
 .debug_abbrev  0x0000000000000d23      0x28b Drivers/STM32G0xx_HAL_Driver/Src/stm32g0xx_hal_cortex.o
 .debug_abbrev  0x0000000000000fae      0x1b7 Drivers/STM32G0xx_HAL_Driver/Src/stm32g0xx_hal_gpio.o
 .debug_abbrev  0x0000000000001165      0x248 Drivers/STM32G0xx_HAL_Driver/Src/stm32g0xx_hal_i2c.o
 .debug_abbrev  0x00000000000013ad      0x1d5 Drivers/STM32G0xx_HAL_Driver/Src/stm32g0xx_hal_i2c_ex.o
 .debug_abbrev  0x0000000000001582      0x1da Drivers/STM32G0xx_HAL_Driver/Src/stm32g0xx_hal_pwr_ex.o
 .debug_abbrev  0x000000000000175c      0x211 Drivers/STM32G0xx_HAL_Driver/Src/stm32g0xx_hal_rcc.o
 .debug_abbrev  0x000000000000196d      0x1d4 Drivers/STM32G0xx_HAL_Driver/Src/stm32g0xx_hal_rcc_ex.o
 .debug_abbrev  0x0000000000001b41       0xd1 D:\github\CMSIS\CMSIS\Lib\GCC\libarm_cortexM0l_math.a(arm_mat_trans_f32.o)
 .debug_abbrev  0x0000000000001c12       0xc2 D:\github\CMSIS\CMSIS\Lib\GCC\libarm_cortexM0l_math.a(arm_mat_sub_f32.o)
 .debug_abbrev  0x0000000000001cd4       0xd1 D:\github\CMSIS\CMSIS\Lib\GCC\libarm_cortexM0l_math.a(arm_mat_mult_f32.o)
 .debug_abbrev  0x0000000000001da5      0x13f D:\github\CMSIS\CMSIS\Lib\GCC\libarm_cortexM0l_math.a(arm_mat_inverse_f32.o)
 .debug_abbrev  0x0000000000001ee4       0xa3 D:\github\CMSIS\CMSIS\Lib\GCC\libarm_cortexM0l_math.a(arm_mat_init_f32.o)
 .debug_abbrev  0x0000000000001f87       0xc2 D:\github\CMSIS\CMSIS\Lib\GCC\libarm_cortexM0l_math.a(arm_mat_add_f32.o)

.debug_aranges  0x0000000000000000      0x930
 .debug_aranges
                0x0000000000000000      0x130 Core/Src/main.o
 .debug_aranges
                0x0000000000000130       0x30 Core/Src/stm32g0xx_hal_msp.o
 .debug_aranges
                0x0000000000000160       0x40 Core/Src/stm32g0xx_it.o
 .debug_aranges
                0x00000000000001a0       0x28 Core/Src/system_stm32g0xx.o
 .debug_aranges
                0x00000000000001c8       0x28 Core/Startup/startup_stm32g030c8tx.o
 .debug_aranges
                0x00000000000001f0      0x100 Drivers/STM32G0xx_HAL_Driver/Src/stm32g0xx_hal.o
 .debug_aranges
                0x00000000000002f0       0xd8 Drivers/STM32G0xx_HAL_Driver/Src/stm32g0xx_hal_cortex.o
 .debug_aranges
                0x00000000000003c8       0x60 Drivers/STM32G0xx_HAL_Driver/Src/stm32g0xx_hal_gpio.o
 .debug_aranges
                0x0000000000000428      0x290 Drivers/STM32G0xx_HAL_Driver/Src/stm32g0xx_hal_i2c.o
 .debug_aranges
                0x00000000000006b8       0x48 Drivers/STM32G0xx_HAL_Driver/Src/stm32g0xx_hal_i2c_ex.o
 .debug_aranges
                0x0000000000000700       0x98 Drivers/STM32G0xx_HAL_Driver/Src/stm32g0xx_hal_pwr_ex.o
 .debug_aranges
                0x0000000000000798       0x98 Drivers/STM32G0xx_HAL_Driver/Src/stm32g0xx_hal_rcc.o
 .debug_aranges
                0x0000000000000830       0x40 Drivers/STM32G0xx_HAL_Driver/Src/stm32g0xx_hal_rcc_ex.o
 .debug_aranges
                0x0000000000000870       0x20 D:\github\CMSIS\CMSIS\Lib\GCC\libarm_cortexM0l_math.a(arm_mat_trans_f32.o)
 .debug_aranges
                0x0000000000000890       0x20 D:\github\CMSIS\CMSIS\Lib\GCC\libarm_cortexM0l_math.a(arm_mat_sub_f32.o)
 .debug_aranges
                0x00000000000008b0       0x20 D:\github\CMSIS\CMSIS\Lib\GCC\libarm_cortexM0l_math.a(arm_mat_mult_f32.o)
 .debug_aranges
                0x00000000000008d0       0x20 D:\github\CMSIS\CMSIS\Lib\GCC\libarm_cortexM0l_math.a(arm_mat_inverse_f32.o)
 .debug_aranges
                0x00000000000008f0       0x20 D:\github\CMSIS\CMSIS\Lib\GCC\libarm_cortexM0l_math.a(arm_mat_init_f32.o)
 .debug_aranges
                0x0000000000000910       0x20 D:\github\CMSIS\CMSIS\Lib\GCC\libarm_cortexM0l_math.a(arm_mat_add_f32.o)

.debug_ranges   0x0000000000000000      0x808
 .debug_ranges  0x0000000000000000      0x120 Core/Src/main.o
 .debug_ranges  0x0000000000000120       0x20 Core/Src/stm32g0xx_hal_msp.o
 .debug_ranges  0x0000000000000140       0x30 Core/Src/stm32g0xx_it.o
 .debug_ranges  0x0000000000000170       0x18 Core/Src/system_stm32g0xx.o
 .debug_ranges  0x0000000000000188       0x20 Core/Startup/startup_stm32g030c8tx.o
 .debug_ranges  0x00000000000001a8       0xf0 Drivers/STM32G0xx_HAL_Driver/Src/stm32g0xx_hal.o
 .debug_ranges  0x0000000000000298       0xc8 Drivers/STM32G0xx_HAL_Driver/Src/stm32g0xx_hal_cortex.o
 .debug_ranges  0x0000000000000360       0x50 Drivers/STM32G0xx_HAL_Driver/Src/stm32g0xx_hal_gpio.o
 .debug_ranges  0x00000000000003b0      0x280 Drivers/STM32G0xx_HAL_Driver/Src/stm32g0xx_hal_i2c.o
 .debug_ranges  0x0000000000000630       0x38 Drivers/STM32G0xx_HAL_Driver/Src/stm32g0xx_hal_i2c_ex.o
 .debug_ranges  0x0000000000000668       0x88 Drivers/STM32G0xx_HAL_Driver/Src/stm32g0xx_hal_pwr_ex.o
 .debug_ranges  0x00000000000006f0       0x88 Drivers/STM32G0xx_HAL_Driver/Src/stm32g0xx_hal_rcc.o
 .debug_ranges  0x0000000000000778       0x30 Drivers/STM32G0xx_HAL_Driver/Src/stm32g0xx_hal_rcc_ex.o
 .debug_ranges  0x00000000000007a8       0x10 D:\github\CMSIS\CMSIS\Lib\GCC\libarm_cortexM0l_math.a(arm_mat_trans_f32.o)
 .debug_ranges  0x00000000000007b8       0x10 D:\github\CMSIS\CMSIS\Lib\GCC\libarm_cortexM0l_math.a(arm_mat_sub_f32.o)
 .debug_ranges  0x00000000000007c8       0x10 D:\github\CMSIS\CMSIS\Lib\GCC\libarm_cortexM0l_math.a(arm_mat_mult_f32.o)
 .debug_ranges  0x00000000000007d8       0x10 D:\github\CMSIS\CMSIS\Lib\GCC\libarm_cortexM0l_math.a(arm_mat_inverse_f32.o)
 .debug_ranges  0x00000000000007e8       0x10 D:\github\CMSIS\CMSIS\Lib\GCC\libarm_cortexM0l_math.a(arm_mat_init_f32.o)
 .debug_ranges  0x00000000000007f8       0x10 D:\github\CMSIS\CMSIS\Lib\GCC\libarm_cortexM0l_math.a(arm_mat_add_f32.o)

.debug_macro    0x0000000000000000    0x16147
 .debug_macro   0x0000000000000000      0x493 Core/Src/main.o
 .debug_macro   0x0000000000000493      0xb20 Core/Src/main.o
 .debug_macro   0x0000000000000fb3      0x117 Core/Src/main.o
 .debug_macro   0x00000000000010ca       0x2e Core/Src/main.o
 .debug_macro   0x00000000000010f8       0x28 Core/Src/main.o
 .debug_macro   0x0000000000001120       0x1c Core/Src/main.o
 .debug_macro   0x000000000000113c       0x22 Core/Src/main.o
 .debug_macro   0x000000000000115e       0x8e Core/Src/main.o
 .debug_macro   0x00000000000011ec       0x51 Core/Src/main.o
 .debug_macro   0x000000000000123d       0xef Core/Src/main.o
 .debug_macro   0x000000000000132c       0x6a Core/Src/main.o
 .debug_macro   0x0000000000001396      0x1df Core/Src/main.o
 .debug_macro   0x0000000000001575       0x1c Core/Src/main.o
 .debug_macro   0x0000000000001591       0x22 Core/Src/main.o
 .debug_macro   0x00000000000015b3       0xd7 Core/Src/main.o
 .debug_macro   0x000000000000168a      0x4da Core/Src/main.o
 .debug_macro   0x0000000000001b64      0x11f Core/Src/main.o
 .debug_macro   0x0000000000001c83     0x9e87 Core/Src/main.o
 .debug_macro   0x000000000000bb0a       0x3c Core/Src/main.o
 .debug_macro   0x000000000000bb46     0x34b5 Core/Src/main.o
 .debug_macro   0x000000000000effb      0x17b Core/Src/main.o
 .debug_macro   0x000000000000f176       0x5c Core/Src/main.o
 .debug_macro   0x000000000000f1d2      0x485 Core/Src/main.o
 .debug_macro   0x000000000000f657      0xd95 Core/Src/main.o
 .debug_macro   0x00000000000103ec      0x106 Core/Src/main.o
 .debug_macro   0x00000000000104f2      0x153 Core/Src/main.o
 .debug_macro   0x0000000000010645       0xff Core/Src/main.o
 .debug_macro   0x0000000000010744      0x33c Core/Src/main.o
 .debug_macro   0x0000000000010a80      0x202 Core/Src/main.o
 .debug_macro   0x0000000000010c82      0x2c7 Core/Src/main.o
 .debug_macro   0x0000000000010f49      0x198 Core/Src/main.o
 .debug_macro   0x00000000000110e1       0x43 Core/Src/main.o
 .debug_macro   0x0000000000011124      0x1f1 Core/Src/main.o
 .debug_macro   0x0000000000011315      0x1d7 Core/Src/main.o
 .debug_macro   0x00000000000114ec      0x2a3 Core/Src/main.o
 .debug_macro   0x000000000001178f       0x28 Core/Src/main.o
 .debug_macro   0x00000000000117b7       0xcf Core/Src/main.o
 .debug_macro   0x0000000000011886      0x22c Core/Src/main.o
 .debug_macro   0x0000000000011ab2       0x64 Core/Src/main.o
 .debug_macro   0x0000000000011b16       0xa5 Core/Src/main.o
 .debug_macro   0x0000000000011bbb       0xff Core/Src/main.o
 .debug_macro   0x0000000000011cba      0x10d Core/Src/main.o
 .debug_macro   0x0000000000011dc7      0x412 Core/Src/main.o
 .debug_macro   0x00000000000121d9       0x12 Core/Src/main.o
 .debug_macro   0x00000000000121eb       0x22 Core/Src/main.o
 .debug_macro   0x000000000001220d       0x12 Core/Src/main.o
 .debug_macro   0x000000000001221f       0x46 Core/Src/main.o
 .debug_macro   0x0000000000012265       0x18 Core/Src/main.o
 .debug_macro   0x000000000001227d       0x3c Core/Src/main.o
 .debug_macro   0x00000000000122b9       0x34 Core/Src/main.o
 .debug_macro   0x00000000000122ed       0x52 Core/Src/main.o
 .debug_macro   0x000000000001233f       0x1f Core/Src/main.o
 .debug_macro   0x000000000001235e       0x43 Core/Src/main.o
 .debug_macro   0x00000000000123a1       0x20 Core/Src/main.o
 .debug_macro   0x00000000000123c1      0x1a3 Core/Src/main.o
 .debug_macro   0x0000000000012564      0x34d Core/Src/main.o
 .debug_macro   0x00000000000128b1       0x10 Core/Src/main.o
 .debug_macro   0x00000000000128c1       0x35 Core/Src/main.o
 .debug_macro   0x00000000000128f6       0x20 Core/Src/main.o
 .debug_macro   0x0000000000012916      0x168 Core/Src/main.o
 .debug_macro   0x0000000000012a7e       0x10 Core/Src/main.o
 .debug_macro   0x0000000000012a8e      0x3ed Core/Src/main.o
 .debug_macro   0x0000000000012e7b       0x18 Core/Src/main.o
 .debug_macro   0x0000000000012e93      0x1da Core/Src/main.o
 .debug_macro   0x000000000001306d       0x10 Core/Src/main.o
 .debug_macro   0x000000000001307d       0x16 Core/Src/main.o
 .debug_macro   0x0000000000013093       0x16 Core/Src/main.o
 .debug_macro   0x00000000000130a9       0x29 Core/Src/main.o
 .debug_macro   0x00000000000130d2       0x10 Core/Src/main.o
 .debug_macro   0x00000000000130e2      0x3c7 Core/Src/main.o
 .debug_macro   0x00000000000134a9       0xe4 Core/Src/main.o
 .debug_macro   0x000000000001358d       0xf0 Core/Src/main.o
 .debug_macro   0x000000000001367d       0x1c Core/Src/main.o
 .debug_macro   0x0000000000013699       0x10 Core/Src/main.o
 .debug_macro   0x00000000000136a9       0x10 Core/Src/main.o
 .debug_macro   0x00000000000136b9       0x1c Core/Src/main.o
 .debug_macro   0x00000000000136d5       0x52 Core/Src/main.o
 .debug_macro   0x0000000000013727       0x40 Core/Src/main.o
 .debug_macro   0x0000000000013767       0x10 Core/Src/main.o
 .debug_macro   0x0000000000013777       0x40 Core/Src/main.o
 .debug_macro   0x00000000000137b7       0xd7 Core/Src/main.o
 .debug_macro   0x000000000001388e       0x1c Core/Src/main.o
 .debug_macro   0x00000000000138aa       0x3d Core/Src/main.o
 .debug_macro   0x00000000000138e7       0x16 Core/Src/main.o
 .debug_macro   0x00000000000138fd      0x137 Core/Src/main.o
 .debug_macro   0x0000000000013a34       0x1e Core/Src/main.o
 .debug_macro   0x0000000000013a52       0xca Core/Src/main.o
 .debug_macro   0x0000000000013b1c      0x1da Core/Src/stm32g0xx_hal_msp.o
 .debug_macro   0x0000000000013cf6      0xa48 Core/Src/stm32g0xx_hal_msp.o
 .debug_macro   0x000000000001473e      0x4da Core/Src/stm32g0xx_hal_msp.o
 .debug_macro   0x0000000000014c18      0x174 Core/Src/stm32g0xx_hal_msp.o
 .debug_macro   0x0000000000014d8c      0x1e4 Core/Src/stm32g0xx_it.o
 .debug_macro   0x0000000000014f70      0x1d6 Core/Src/system_stm32g0xx.o
 .debug_macro   0x0000000000015146      0x1ee Drivers/STM32G0xx_HAL_Driver/Src/stm32g0xx_hal.o
 .debug_macro   0x0000000000015334      0x1d0 Drivers/STM32G0xx_HAL_Driver/Src/stm32g0xx_hal_cortex.o
 .debug_macro   0x0000000000015504      0x208 Drivers/STM32G0xx_HAL_Driver/Src/stm32g0xx_hal_gpio.o
 .debug_macro   0x000000000001570c      0x295 Drivers/STM32G0xx_HAL_Driver/Src/stm32g0xx_hal_i2c.o
 .debug_macro   0x00000000000159a1      0x1d0 Drivers/STM32G0xx_HAL_Driver/Src/stm32g0xx_hal_i2c_ex.o
 .debug_macro   0x0000000000015b71      0x1e2 Drivers/STM32G0xx_HAL_Driver/Src/stm32g0xx_hal_pwr_ex.o
 .debug_macro   0x0000000000015d53      0x20c Drivers/STM32G0xx_HAL_Driver/Src/stm32g0xx_hal_rcc.o
 .debug_macro   0x0000000000015f5f      0x1e8 Drivers/STM32G0xx_HAL_Driver/Src/stm32g0xx_hal_rcc_ex.o

.debug_line     0x0000000000000000     0x8b85
 .debug_line    0x0000000000000000     0x14d7 Core/Src/main.o
 .debug_line    0x00000000000014d7      0x701 Core/Src/stm32g0xx_hal_msp.o
 .debug_line    0x0000000000001bd8      0x729 Core/Src/stm32g0xx_it.o
 .debug_line    0x0000000000002301      0x6ed Core/Src/system_stm32g0xx.o
 .debug_line    0x00000000000029ee       0x89 Core/Startup/startup_stm32g030c8tx.o
 .debug_line    0x0000000000002a77      0x8fc Drivers/STM32G0xx_HAL_Driver/Src/stm32g0xx_hal.o
 .debug_line    0x0000000000003373      0x916 Drivers/STM32G0xx_HAL_Driver/Src/stm32g0xx_hal_cortex.o
 .debug_line    0x0000000000003c89      0x85e Drivers/STM32G0xx_HAL_Driver/Src/stm32g0xx_hal_gpio.o
 .debug_line    0x00000000000044e7     0x1abe Drivers/STM32G0xx_HAL_Driver/Src/stm32g0xx_hal_i2c.o
 .debug_line    0x0000000000005fa5      0x815 Drivers/STM32G0xx_HAL_Driver/Src/stm32g0xx_hal_i2c_ex.o
 .debug_line    0x00000000000067ba      0x84d Drivers/STM32G0xx_HAL_Driver/Src/stm32g0xx_hal_pwr_ex.o
 .debug_line    0x0000000000007007      0x9c5 Drivers/STM32G0xx_HAL_Driver/Src/stm32g0xx_hal_rcc.o
 .debug_line    0x00000000000079cc      0x85a Drivers/STM32G0xx_HAL_Driver/Src/stm32g0xx_hal_rcc_ex.o
 .debug_line    0x0000000000008226      0x16a D:\github\CMSIS\CMSIS\Lib\GCC\libarm_cortexM0l_math.a(arm_mat_trans_f32.o)
 .debug_line    0x0000000000008390      0x168 D:\github\CMSIS\CMSIS\Lib\GCC\libarm_cortexM0l_math.a(arm_mat_sub_f32.o)
 .debug_line    0x00000000000084f8      0x179 D:\github\CMSIS\CMSIS\Lib\GCC\libarm_cortexM0l_math.a(arm_mat_mult_f32.o)
 .debug_line    0x0000000000008671      0x268 D:\github\CMSIS\CMSIS\Lib\GCC\libarm_cortexM0l_math.a(arm_mat_inverse_f32.o)
 .debug_line    0x00000000000088d9      0x144 D:\github\CMSIS\CMSIS\Lib\GCC\libarm_cortexM0l_math.a(arm_mat_init_f32.o)
 .debug_line    0x0000000000008a1d      0x168 D:\github\CMSIS\CMSIS\Lib\GCC\libarm_cortexM0l_math.a(arm_mat_add_f32.o)

.debug_str      0x0000000000000000    0x7f8fa
 .debug_str     0x0000000000000000    0x7d35a Core/Src/main.o
                                      0x7dd96 (size before relaxing)
 .debug_str     0x000000000007d35a      0x247 Core/Src/stm32g0xx_hal_msp.o
                                      0x758f4 (size before relaxing)
 .debug_str     0x000000000007d5a1       0x76 Core/Src/stm32g0xx_it.o
                                      0x75281 (size before relaxing)
 .debug_str     0x000000000007d617       0x9c Core/Src/system_stm32g0xx.o
                                      0x7535a (size before relaxing)
 .debug_str     0x000000000007d6b3       0x36 Core/Startup/startup_stm32g030c8tx.o
                                         0x73 (size before relaxing)
 .debug_str     0x000000000007d6e9      0x577 Drivers/STM32G0xx_HAL_Driver/Src/stm32g0xx_hal.o
                                      0x75911 (size before relaxing)
 .debug_str     0x000000000007dc60      0x28a Drivers/STM32G0xx_HAL_Driver/Src/stm32g0xx_hal_cortex.o
                                      0x75763 (size before relaxing)
 .debug_str     0x000000000007deea      0x228 Drivers/STM32G0xx_HAL_Driver/Src/stm32g0xx_hal_gpio.o
                                      0x7553c (size before relaxing)
 .debug_str     0x000000000007e112      0xd2e Drivers/STM32G0xx_HAL_Driver/Src/stm32g0xx_hal_i2c.o
                                      0x76609 (size before relaxing)
 .debug_str     0x000000000007ee40       0xb8 Drivers/STM32G0xx_HAL_Driver/Src/stm32g0xx_hal_i2c_ex.o
                                      0x75968 (size before relaxing)
 .debug_str     0x000000000007eef8      0x241 Drivers/STM32G0xx_HAL_Driver/Src/stm32g0xx_hal_pwr_ex.o
                                      0x75590 (size before relaxing)
 .debug_str     0x000000000007f139      0x355 Drivers/STM32G0xx_HAL_Driver/Src/stm32g0xx_hal_rcc.o
                                      0x758c2 (size before relaxing)
 .debug_str     0x000000000007f48e      0x16c Drivers/STM32G0xx_HAL_Driver/Src/stm32g0xx_hal_rcc_ex.o
                                      0x7560e (size before relaxing)
 .debug_str     0x000000000007f5fa      0x137 D:\github\CMSIS\CMSIS\Lib\GCC\libarm_cortexM0l_math.a(arm_mat_trans_f32.o)
                                        0x2ca (size before relaxing)
 .debug_str     0x000000000007f731       0x5d D:\github\CMSIS\CMSIS\Lib\GCC\libarm_cortexM0l_math.a(arm_mat_sub_f32.o)
                                        0x2ee (size before relaxing)
 .debug_str     0x000000000007f78e       0x63 D:\github\CMSIS\CMSIS\Lib\GCC\libarm_cortexM0l_math.a(arm_mat_mult_f32.o)
                                        0x2f6 (size before relaxing)
 .debug_str     0x000000000007f7f1       0x9d D:\github\CMSIS\CMSIS\Lib\GCC\libarm_cortexM0l_math.a(arm_mat_inverse_f32.o)
                                        0x338 (size before relaxing)
 .debug_str     0x000000000007f88e       0x37 D:\github\CMSIS\CMSIS\Lib\GCC\libarm_cortexM0l_math.a(arm_mat_init_f32.o)
                                        0x219 (size before relaxing)
 .debug_str     0x000000000007f8c5       0x35 D:\github\CMSIS\CMSIS\Lib\GCC\libarm_cortexM0l_math.a(arm_mat_add_f32.o)
                                        0x2ee (size before relaxing)

.comment        0x0000000000000000       0xeb
 .comment       0x0000000000000000       0x7b Core/Src/main.o
                                         0x7c (size before relaxing)
 .comment       0x000000000000007b       0x7c Core/Src/stm32g0xx_hal_msp.o
 .comment       0x000000000000007b       0x7c Core/Src/stm32g0xx_it.o
 .comment       0x000000000000007b       0x7c Core/Src/system_stm32g0xx.o
 .comment       0x000000000000007b       0x7c Drivers/STM32G0xx_HAL_Driver/Src/stm32g0xx_hal.o
 .comment       0x000000000000007b       0x7c Drivers/STM32G0xx_HAL_Driver/Src/stm32g0xx_hal_cortex.o
 .comment       0x000000000000007b       0x7c Drivers/STM32G0xx_HAL_Driver/Src/stm32g0xx_hal_gpio.o
 .comment       0x000000000000007b       0x7c Drivers/STM32G0xx_HAL_Driver/Src/stm32g0xx_hal_i2c.o
 .comment       0x000000000000007b       0x7c Drivers/STM32G0xx_HAL_Driver/Src/stm32g0xx_hal_i2c_ex.o
 .comment       0x000000000000007b       0x7c Drivers/STM32G0xx_HAL_Driver/Src/stm32g0xx_hal_pwr_ex.o
 .comment       0x000000000000007b       0x7c Drivers/STM32G0xx_HAL_Driver/Src/stm32g0xx_hal_rcc.o
 .comment       0x000000000000007b       0x7c Drivers/STM32G0xx_HAL_Driver/Src/stm32g0xx_hal_rcc_ex.o
 .comment       0x000000000000007b       0x70 D:\github\CMSIS\CMSIS\Lib\GCC\libarm_cortexM0l_math.a(arm_mat_trans_f32.o)
                                         0x71 (size before relaxing)
 .comment       0x00000000000000eb       0x71 D:\github\CMSIS\CMSIS\Lib\GCC\libarm_cortexM0l_math.a(arm_mat_sub_f32.o)
 .comment       0x00000000000000eb       0x71 D:\github\CMSIS\CMSIS\Lib\GCC\libarm_cortexM0l_math.a(arm_mat_mult_f32.o)
 .comment       0x00000000000000eb       0x71 D:\github\CMSIS\CMSIS\Lib\GCC\libarm_cortexM0l_math.a(arm_mat_inverse_f32.o)
 .comment       0x00000000000000eb       0x71 D:\github\CMSIS\CMSIS\Lib\GCC\libarm_cortexM0l_math.a(arm_mat_init_f32.o)
 .comment       0x00000000000000eb       0x71 D:\github\CMSIS\CMSIS\Lib\GCC\libarm_cortexM0l_math.a(arm_mat_add_f32.o)

.debug_frame    0x0000000000000000     0x23d0
 .debug_frame   0x0000000000000000      0x480 Core/Src/main.o
 .debug_frame   0x0000000000000480       0x70 Core/Src/stm32g0xx_hal_msp.o
 .debug_frame   0x00000000000004f0       0x9c Core/Src/stm32g0xx_it.o
 .debug_frame   0x000000000000058c       0x4c Core/Src/system_stm32g0xx.o
 .debug_frame   0x00000000000005d8      0x360 Drivers/STM32G0xx_HAL_Driver/Src/stm32g0xx_hal.o
 .debug_frame   0x0000000000000938      0x2fc Drivers/STM32G0xx_HAL_Driver/Src/stm32g0xx_hal_cortex.o
 .debug_frame   0x0000000000000c34      0x130 Drivers/STM32G0xx_HAL_Driver/Src/stm32g0xx_hal_gpio.o
 .debug_frame   0x0000000000000d64      0xa20 Drivers/STM32G0xx_HAL_Driver/Src/stm32g0xx_hal_i2c.o
 .debug_frame   0x0000000000001784       0xd0 Drivers/STM32G0xx_HAL_Driver/Src/stm32g0xx_hal_i2c_ex.o
 .debug_frame   0x0000000000001854      0x1f4 Drivers/STM32G0xx_HAL_Driver/Src/stm32g0xx_hal_pwr_ex.o
 .debug_frame   0x0000000000001a48      0x1f4 Drivers/STM32G0xx_HAL_Driver/Src/stm32g0xx_hal_rcc.o
 .debug_frame   0x0000000000001c3c       0xb0 Drivers/STM32G0xx_HAL_Driver/Src/stm32g0xx_hal_rcc_ex.o
 .debug_frame   0x0000000000001cec       0x34 D:\github\CMSIS\CMSIS\Lib\GCC\libarm_cortexM0l_math.a(arm_mat_trans_f32.o)
 .debug_frame   0x0000000000001d20       0x34 D:\github\CMSIS\CMSIS\Lib\GCC\libarm_cortexM0l_math.a(arm_mat_sub_f32.o)
 .debug_frame   0x0000000000001d54       0x3c D:\github\CMSIS\CMSIS\Lib\GCC\libarm_cortexM0l_math.a(arm_mat_mult_f32.o)
 .debug_frame   0x0000000000001d90       0x3c D:\github\CMSIS\CMSIS\Lib\GCC\libarm_cortexM0l_math.a(arm_mat_inverse_f32.o)
 .debug_frame   0x0000000000001dcc       0x20 D:\github\CMSIS\CMSIS\Lib\GCC\libarm_cortexM0l_math.a(arm_mat_init_f32.o)
 .debug_frame   0x0000000000001dec       0x34 D:\github\CMSIS\CMSIS\Lib\GCC\libarm_cortexM0l_math.a(arm_mat_add_f32.o)
 .debug_frame   0x0000000000001e20       0x28 c:/st/stm32cubeide_1.4.0/stm32cubeide/plugins/com.st.stm32cube.ide.mcu.externaltools.gnu-tools-for-stm32.7-2018-q2-update.win32_1.5.0.202011040924/tools/bin/../lib/gcc/arm-none-eabi/7.3.1/../../../../arm-none-eabi/lib/thumb/v6-m\libstdc++_nano.a(del_ops.o)
 .debug_frame   0x0000000000001e48       0x28 c:/st/stm32cubeide_1.4.0/stm32cubeide/plugins/com.st.stm32cube.ide.mcu.externaltools.gnu-tools-for-stm32.7-2018-q2-update.win32_1.5.0.202011040924/tools/bin/../lib/gcc/arm-none-eabi/7.3.1/../../../../arm-none-eabi/lib/thumb/v6-m\libstdc++_nano.a(del_op.o)
 .debug_frame   0x0000000000001e70       0x34 c:/st/stm32cubeide_1.4.0/stm32cubeide/plugins/com.st.stm32cube.ide.mcu.externaltools.gnu-tools-for-stm32.7-2018-q2-update.win32_1.5.0.202011040924/tools/bin/../lib/gcc/arm-none-eabi/7.3.1/../../../../arm-none-eabi/lib/thumb/v6-m\libm.a(lib_a-sf_atan.o)
 .debug_frame   0x0000000000001ea4       0x20 c:/st/stm32cubeide_1.4.0/stm32cubeide/plugins/com.st.stm32cube.ide.mcu.externaltools.gnu-tools-for-stm32.7-2018-q2-update.win32_1.5.0.202011040924/tools/bin/../lib/gcc/arm-none-eabi/7.3.1/../../../../arm-none-eabi/lib/thumb/v6-m\libm.a(lib_a-sf_fabs.o)
 .debug_frame   0x0000000000001ec4       0x30 c:/st/stm32cubeide_1.4.0/stm32cubeide/plugins/com.st.stm32cube.ide.mcu.externaltools.gnu-tools-for-stm32.7-2018-q2-update.win32_1.5.0.202011040924/tools/bin/../lib/gcc/arm-none-eabi/7.3.1/../../../../arm-none-eabi/lib/thumb/v6-m\libm.a(lib_a-wf_asin.o)
 .debug_frame   0x0000000000001ef4       0x28 c:/st/stm32cubeide_1.4.0/stm32cubeide/plugins/com.st.stm32cube.ide.mcu.externaltools.gnu-tools-for-stm32.7-2018-q2-update.win32_1.5.0.202011040924/tools/bin/../lib/gcc/arm-none-eabi/7.3.1/../../../../arm-none-eabi/lib/thumb/v6-m\libm.a(lib_a-wf_atan2.o)
 .debug_frame   0x0000000000001f1c       0x30 c:/st/stm32cubeide_1.4.0/stm32cubeide/plugins/com.st.stm32cube.ide.mcu.externaltools.gnu-tools-for-stm32.7-2018-q2-update.win32_1.5.0.202011040924/tools/bin/../lib/gcc/arm-none-eabi/7.3.1/../../../../arm-none-eabi/lib/thumb/v6-m\libm.a(lib_a-wf_sqrt.o)
 .debug_frame   0x0000000000001f4c       0x30 c:/st/stm32cubeide_1.4.0/stm32cubeide/plugins/com.st.stm32cube.ide.mcu.externaltools.gnu-tools-for-stm32.7-2018-q2-update.win32_1.5.0.202011040924/tools/bin/../lib/gcc/arm-none-eabi/7.3.1/../../../../arm-none-eabi/lib/thumb/v6-m\libm.a(lib_a-ef_asin.o)
 .debug_frame   0x0000000000001f7c       0x34 c:/st/stm32cubeide_1.4.0/stm32cubeide/plugins/com.st.stm32cube.ide.mcu.externaltools.gnu-tools-for-stm32.7-2018-q2-update.win32_1.5.0.202011040924/tools/bin/../lib/gcc/arm-none-eabi/7.3.1/../../../../arm-none-eabi/lib/thumb/v6-m\libm.a(lib_a-ef_atan2.o)
 .debug_frame   0x0000000000001fb0       0x2c c:/st/stm32cubeide_1.4.0/stm32cubeide/plugins/com.st.stm32cube.ide.mcu.externaltools.gnu-tools-for-stm32.7-2018-q2-update.win32_1.5.0.202011040924/tools/bin/../lib/gcc/arm-none-eabi/7.3.1/../../../../arm-none-eabi/lib/thumb/v6-m\libm.a(lib_a-ef_sqrt.o)
 .debug_frame   0x0000000000001fdc       0x20 c:/st/stm32cubeide_1.4.0/stm32cubeide/plugins/com.st.stm32cube.ide.mcu.externaltools.gnu-tools-for-stm32.7-2018-q2-update.win32_1.5.0.202011040924/tools/bin/../lib/gcc/arm-none-eabi/7.3.1/../../../../arm-none-eabi/lib/thumb/v6-m\libm.a(lib_a-s_matherr.o)
 .debug_frame   0x0000000000001ffc       0x20 c:/st/stm32cubeide_1.4.0/stm32cubeide/plugins/com.st.stm32cube.ide.mcu.externaltools.gnu-tools-for-stm32.7-2018-q2-update.win32_1.5.0.202011040924/tools/bin/../lib/gcc/arm-none-eabi/7.3.1/../../../../arm-none-eabi/lib/thumb/v6-m\libm.a(lib_a-s_nan.o)
 .debug_frame   0x000000000000201c       0x20 c:/st/stm32cubeide_1.4.0/stm32cubeide/plugins/com.st.stm32cube.ide.mcu.externaltools.gnu-tools-for-stm32.7-2018-q2-update.win32_1.5.0.202011040924/tools/bin/../lib/gcc/arm-none-eabi/7.3.1/../../../../arm-none-eabi/lib/thumb/v6-m\libc_nano.a(lib_a-errno.o)
 .debug_frame   0x000000000000203c       0x2c c:/st/stm32cubeide_1.4.0/stm32cubeide/plugins/com.st.stm32cube.ide.mcu.externaltools.gnu-tools-for-stm32.7-2018-q2-update.win32_1.5.0.202011040924/tools/bin/../lib/gcc/arm-none-eabi/7.3.1/../../../../arm-none-eabi/lib/thumb/v6-m\libc_nano.a(lib_a-init.o)
 .debug_frame   0x0000000000002068       0x40 c:/st/stm32cubeide_1.4.0/stm32cubeide/plugins/com.st.stm32cube.ide.mcu.externaltools.gnu-tools-for-stm32.7-2018-q2-update.win32_1.5.0.202011040924/tools/bin/../lib/gcc/arm-none-eabi/7.3.1/../../../../arm-none-eabi/lib/thumb/v6-m\libc_nano.a(lib_a-malloc.o)
 .debug_frame   0x00000000000020a8       0x20 c:/st/stm32cubeide_1.4.0/stm32cubeide/plugins/com.st.stm32cube.ide.mcu.externaltools.gnu-tools-for-stm32.7-2018-q2-update.win32_1.5.0.202011040924/tools/bin/../lib/gcc/arm-none-eabi/7.3.1/../../../../arm-none-eabi/lib/thumb/v6-m\libc_nano.a(lib_a-memset.o)
 .debug_frame   0x00000000000020c8       0x2c c:/st/stm32cubeide_1.4.0/stm32cubeide/plugins/com.st.stm32cube.ide.mcu.externaltools.gnu-tools-for-stm32.7-2018-q2-update.win32_1.5.0.202011040924/tools/bin/../lib/gcc/arm-none-eabi/7.3.1/../../../../arm-none-eabi/lib/thumb/v6-m\libc_nano.a(lib_a-nano-freer.o)
 .debug_frame   0x00000000000020f4       0x2c c:/st/stm32cubeide_1.4.0/stm32cubeide/plugins/com.st.stm32cube.ide.mcu.externaltools.gnu-tools-for-stm32.7-2018-q2-update.win32_1.5.0.202011040924/tools/bin/../lib/gcc/arm-none-eabi/7.3.1/../../../../arm-none-eabi/lib/thumb/v6-m\libc_nano.a(lib_a-nano-mallocr.o)
 .debug_frame   0x0000000000002120       0x30 c:/st/stm32cubeide_1.4.0/stm32cubeide/plugins/com.st.stm32cube.ide.mcu.externaltools.gnu-tools-for-stm32.7-2018-q2-update.win32_1.5.0.202011040924/tools/bin/../lib/gcc/arm-none-eabi/7.3.1/../../../../arm-none-eabi/lib/thumb/v6-m\libc_nano.a(lib_a-mlock.o)
 .debug_frame   0x0000000000002150       0x20 c:/st/stm32cubeide_1.4.0/stm32cubeide/plugins/com.st.stm32cube.ide.mcu.externaltools.gnu-tools-for-stm32.7-2018-q2-update.win32_1.5.0.202011040924/tools/bin/../lib/gcc/arm-none-eabi/7.3.1/thumb/v6-m\libgcc.a(_udivsi3.o)
 .debug_frame   0x0000000000002170       0x38 c:/st/stm32cubeide_1.4.0/stm32cubeide/plugins/com.st.stm32cube.ide.mcu.externaltools.gnu-tools-for-stm32.7-2018-q2-update.win32_1.5.0.202011040924/tools/bin/../lib/gcc/arm-none-eabi/7.3.1/thumb/v6-m\libgcc.a(addsf3.o)
 .debug_frame   0x00000000000021a8       0x3c c:/st/stm32cubeide_1.4.0/stm32cubeide/plugins/com.st.stm32cube.ide.mcu.externaltools.gnu-tools-for-stm32.7-2018-q2-update.win32_1.5.0.202011040924/tools/bin/../lib/gcc/arm-none-eabi/7.3.1/thumb/v6-m\libgcc.a(divsf3.o)
 .debug_frame   0x00000000000021e4       0x2c c:/st/stm32cubeide_1.4.0/stm32cubeide/plugins/com.st.stm32cube.ide.mcu.externaltools.gnu-tools-for-stm32.7-2018-q2-update.win32_1.5.0.202011040924/tools/bin/../lib/gcc/arm-none-eabi/7.3.1/thumb/v6-m\libgcc.a(eqsf2.o)
 .debug_frame   0x0000000000002210       0x2c c:/st/stm32cubeide_1.4.0/stm32cubeide/plugins/com.st.stm32cube.ide.mcu.externaltools.gnu-tools-for-stm32.7-2018-q2-update.win32_1.5.0.202011040924/tools/bin/../lib/gcc/arm-none-eabi/7.3.1/thumb/v6-m\libgcc.a(gesf2.o)
 .debug_frame   0x000000000000223c       0x2c c:/st/stm32cubeide_1.4.0/stm32cubeide/plugins/com.st.stm32cube.ide.mcu.externaltools.gnu-tools-for-stm32.7-2018-q2-update.win32_1.5.0.202011040924/tools/bin/../lib/gcc/arm-none-eabi/7.3.1/thumb/v6-m\libgcc.a(lesf2.o)
 .debug_frame   0x0000000000002268       0x3c c:/st/stm32cubeide_1.4.0/stm32cubeide/plugins/com.st.stm32cube.ide.mcu.externaltools.gnu-tools-for-stm32.7-2018-q2-update.win32_1.5.0.202011040924/tools/bin/../lib/gcc/arm-none-eabi/7.3.1/thumb/v6-m\libgcc.a(mulsf3.o)
 .debug_frame   0x00000000000022a4       0x38 c:/st/stm32cubeide_1.4.0/stm32cubeide/plugins/com.st.stm32cube.ide.mcu.externaltools.gnu-tools-for-stm32.7-2018-q2-update.win32_1.5.0.202011040924/tools/bin/../lib/gcc/arm-none-eabi/7.3.1/thumb/v6-m\libgcc.a(subsf3.o)
 .debug_frame   0x00000000000022dc       0x20 c:/st/stm32cubeide_1.4.0/stm32cubeide/plugins/com.st.stm32cube.ide.mcu.externaltools.gnu-tools-for-stm32.7-2018-q2-update.win32_1.5.0.202011040924/tools/bin/../lib/gcc/arm-none-eabi/7.3.1/thumb/v6-m\libgcc.a(unordsf2.o)
 .debug_frame   0x00000000000022fc       0x3c c:/st/stm32cubeide_1.4.0/stm32cubeide/plugins/com.st.stm32cube.ide.mcu.externaltools.gnu-tools-for-stm32.7-2018-q2-update.win32_1.5.0.202011040924/tools/bin/../lib/gcc/arm-none-eabi/7.3.1/thumb/v6-m\libgcc.a(divdf3.o)
 .debug_frame   0x0000000000002338       0x3c c:/st/stm32cubeide_1.4.0/stm32cubeide/plugins/com.st.stm32cube.ide.mcu.externaltools.gnu-tools-for-stm32.7-2018-q2-update.win32_1.5.0.202011040924/tools/bin/../lib/gcc/arm-none-eabi/7.3.1/thumb/v6-m\libgcc.a(muldf3.o)
 .debug_frame   0x0000000000002374       0x2c c:/st/stm32cubeide_1.4.0/stm32cubeide/plugins/com.st.stm32cube.ide.mcu.externaltools.gnu-tools-for-stm32.7-2018-q2-update.win32_1.5.0.202011040924/tools/bin/../lib/gcc/arm-none-eabi/7.3.1/thumb/v6-m\libgcc.a(extendsfdf2.o)
 .debug_frame   0x00000000000023a0       0x30 c:/st/stm32cubeide_1.4.0/stm32cubeide/plugins/com.st.stm32cube.ide.mcu.externaltools.gnu-tools-for-stm32.7-2018-q2-update.win32_1.5.0.202011040924/tools/bin/../lib/gcc/arm-none-eabi/7.3.1/thumb/v6-m\libgcc.a(truncdfsf2.o)

.debug_loc      0x0000000000000000     0x1296
 .debug_loc     0x0000000000000000      0x1f0 D:\github\CMSIS\CMSIS\Lib\GCC\libarm_cortexM0l_math.a(arm_mat_trans_f32.o)
 .debug_loc     0x00000000000001f0      0x1a1 D:\github\CMSIS\CMSIS\Lib\GCC\libarm_cortexM0l_math.a(arm_mat_sub_f32.o)
 .debug_loc     0x0000000000000391      0x437 D:\github\CMSIS\CMSIS\Lib\GCC\libarm_cortexM0l_math.a(arm_mat_mult_f32.o)
 .debug_loc     0x00000000000007c8      0x92d D:\github\CMSIS\CMSIS\Lib\GCC\libarm_cortexM0l_math.a(arm_mat_inverse_f32.o)
 .debug_loc     0x00000000000010f5      0x1a1 D:\github\CMSIS\CMSIS\Lib\GCC\libarm_cortexM0l_math.a(arm_mat_add_f32.o)
